Archive member included to satisfy reference by file (symbol)

d:/00_programowanie/stm32cubeide_1.4.0/stm32cubeide/plugins/com.st.stm32cube.ide.mcu.externaltools.gnu-tools-for-stm32.9-2020-q2-update.win32_2.0.0.202105311346/tools/bin/../lib/gcc/arm-none-eabi/9.3.1/../../../../arm-none-eabi/lib/thumb/v6-m/nofp\libc_nano.a(lib_a-exit.o)
                              d:/00_programowanie/stm32cubeide_1.4.0/stm32cubeide/plugins/com.st.stm32cube.ide.mcu.externaltools.gnu-tools-for-stm32.9-2020-q2-update.win32_2.0.0.202105311346/tools/bin/../lib/gcc/arm-none-eabi/9.3.1/../../../../arm-none-eabi/lib/thumb/v6-m/nofp/crt0.o (exit)
d:/00_programowanie/stm32cubeide_1.4.0/stm32cubeide/plugins/com.st.stm32cube.ide.mcu.externaltools.gnu-tools-for-stm32.9-2020-q2-update.win32_2.0.0.202105311346/tools/bin/../lib/gcc/arm-none-eabi/9.3.1/../../../../arm-none-eabi/lib/thumb/v6-m/nofp\libc_nano.a(lib_a-impure.o)
                              d:/00_programowanie/stm32cubeide_1.4.0/stm32cubeide/plugins/com.st.stm32cube.ide.mcu.externaltools.gnu-tools-for-stm32.9-2020-q2-update.win32_2.0.0.202105311346/tools/bin/../lib/gcc/arm-none-eabi/9.3.1/../../../../arm-none-eabi/lib/thumb/v6-m/nofp\libc_nano.a(lib_a-exit.o) (_global_impure_ptr)
d:/00_programowanie/stm32cubeide_1.4.0/stm32cubeide/plugins/com.st.stm32cube.ide.mcu.externaltools.gnu-tools-for-stm32.9-2020-q2-update.win32_2.0.0.202105311346/tools/bin/../lib/gcc/arm-none-eabi/9.3.1/../../../../arm-none-eabi/lib/thumb/v6-m/nofp\libc_nano.a(lib_a-init.o)
                              d:/00_programowanie/stm32cubeide_1.4.0/stm32cubeide/plugins/com.st.stm32cube.ide.mcu.externaltools.gnu-tools-for-stm32.9-2020-q2-update.win32_2.0.0.202105311346/tools/bin/../lib/gcc/arm-none-eabi/9.3.1/../../../../arm-none-eabi/lib/thumb/v6-m/nofp/crt0.o (__libc_init_array)
d:/00_programowanie/stm32cubeide_1.4.0/stm32cubeide/plugins/com.st.stm32cube.ide.mcu.externaltools.gnu-tools-for-stm32.9-2020-q2-update.win32_2.0.0.202105311346/tools/bin/../lib/gcc/arm-none-eabi/9.3.1/../../../../arm-none-eabi/lib/thumb/v6-m/nofp\libc_nano.a(lib_a-itoa.o)
                              ./Src/libs/SW_GRAPHICS/SW_OSD/sw_osd_fx.o (itoa)
d:/00_programowanie/stm32cubeide_1.4.0/stm32cubeide/plugins/com.st.stm32cube.ide.mcu.externaltools.gnu-tools-for-stm32.9-2020-q2-update.win32_2.0.0.202105311346/tools/bin/../lib/gcc/arm-none-eabi/9.3.1/../../../../arm-none-eabi/lib/thumb/v6-m/nofp\libc_nano.a(lib_a-memcpy-stub.o)
                              ./Src/libs/SW_INPUT/IR/IRMP/irmp.o (memcpy)
d:/00_programowanie/stm32cubeide_1.4.0/stm32cubeide/plugins/com.st.stm32cube.ide.mcu.externaltools.gnu-tools-for-stm32.9-2020-q2-update.win32_2.0.0.202105311346/tools/bin/../lib/gcc/arm-none-eabi/9.3.1/../../../../arm-none-eabi/lib/thumb/v6-m/nofp\libc_nano.a(lib_a-memset.o)
                              d:/00_programowanie/stm32cubeide_1.4.0/stm32cubeide/plugins/com.st.stm32cube.ide.mcu.externaltools.gnu-tools-for-stm32.9-2020-q2-update.win32_2.0.0.202105311346/tools/bin/../lib/gcc/arm-none-eabi/9.3.1/../../../../arm-none-eabi/lib/thumb/v6-m/nofp/crt0.o (memset)
d:/00_programowanie/stm32cubeide_1.4.0/stm32cubeide/plugins/com.st.stm32cube.ide.mcu.externaltools.gnu-tools-for-stm32.9-2020-q2-update.win32_2.0.0.202105311346/tools/bin/../lib/gcc/arm-none-eabi/9.3.1/../../../../arm-none-eabi/lib/thumb/v6-m/nofp\libc_nano.a(lib_a-strcat.o)
                              ./Src/libs/SW_GRAPHICS/SW_OSD/sw_osd_fx.o (strcat)
d:/00_programowanie/stm32cubeide_1.4.0/stm32cubeide/plugins/com.st.stm32cube.ide.mcu.externaltools.gnu-tools-for-stm32.9-2020-q2-update.win32_2.0.0.202105311346/tools/bin/../lib/gcc/arm-none-eabi/9.3.1/../../../../arm-none-eabi/lib/thumb/v6-m/nofp\libc_nano.a(lib_a-strcpy.o)
                              ./Src/libs/SW_GRAPHICS/text.o (strcpy)
d:/00_programowanie/stm32cubeide_1.4.0/stm32cubeide/plugins/com.st.stm32cube.ide.mcu.externaltools.gnu-tools-for-stm32.9-2020-q2-update.win32_2.0.0.202105311346/tools/bin/../lib/gcc/arm-none-eabi/9.3.1/../../../../arm-none-eabi/lib/thumb/v6-m/nofp\libc_nano.a(lib_a-utoa.o)
                              d:/00_programowanie/stm32cubeide_1.4.0/stm32cubeide/plugins/com.st.stm32cube.ide.mcu.externaltools.gnu-tools-for-stm32.9-2020-q2-update.win32_2.0.0.202105311346/tools/bin/../lib/gcc/arm-none-eabi/9.3.1/../../../../arm-none-eabi/lib/thumb/v6-m/nofp\libc_nano.a(lib_a-itoa.o) (__utoa)
d:/00_programowanie/stm32cubeide_1.4.0/stm32cubeide/plugins/com.st.stm32cube.ide.mcu.externaltools.gnu-tools-for-stm32.9-2020-q2-update.win32_2.0.0.202105311346/tools/bin/../lib/gcc/arm-none-eabi/9.3.1/../../../../arm-none-eabi/lib/thumb/v6-m/nofp\libm.a(lib_a-wf_pow.o)
                              ./Src/libs/SW_GRAPHICS/text.o (powf)
d:/00_programowanie/stm32cubeide_1.4.0/stm32cubeide/plugins/com.st.stm32cube.ide.mcu.externaltools.gnu-tools-for-stm32.9-2020-q2-update.win32_2.0.0.202105311346/tools/bin/../lib/gcc/arm-none-eabi/9.3.1/../../../../arm-none-eabi/lib/thumb/v6-m/nofp\libm.a(lib_a-ef_pow.o)
[...]
Memory Configuration

Name             Origin             Length             Attributes
RAM              0x0000000020000000 0x0000000000004000 xrw
FLASH            0x0000000008000000 0x0000000000010000 xr
*default*        0x0000000000000000 0xffffffffffffffff

Linker script and memory map

LOAD d:/00_programowanie/stm32cubeide_1.4.0/stm32cubeide/plugins/com.st.stm32cube.ide.mcu.externaltools.gnu-tools-for-stm32.9-2020-q2-update.win32_2.0.0.202105311346/tools/bin/../lib/gcc/arm-none-eabi/9.3.1/thumb/v6-m/nofp/crti.o
LOAD d:/00_programowanie/stm32cubeide_1.4.0/stm32cubeide/plugins/com.st.stm32cube.ide.mcu.externaltools.gnu-tools-for-stm32.9-2020-q2-update.win32_2.0.0.202105311346/tools/bin/../lib/gcc/arm-none-eabi/9.3.1/thumb/v6-m/nofp/crtbegin.o
LOAD d:/00_programowanie/stm32cubeide_1.4.0/stm32cubeide/plugins/com.st.stm32cube.ide.mcu.externaltools.gnu-tools-for-stm32.9-2020-q2-update.win32_2.0.0.202105311346/tools/bin/../lib/gcc/arm-none-eabi/9.3.1/../../../../arm-none-eabi/lib/thumb/v6-m/nofp/crt0.o
LOAD ./Src/MiniClock_v1.2.o
LOAD ./Src/stm32f0xx_it.o
LOAD ./Src/system_stm32f0xx.o
LOAD ./Src/libs/STM_PERIPHS/gpio.o
LOAD ./Src/libs/STM_PERIPHS/sw_dma.o
LOAD ./Src/libs/STM_PERIPHS/sw_iwdg.o
LOAD ./Src/libs/STM_PERIPHS/sw_rcc.o
LOAD ./Src/libs/STM_PERIPHS/sw_spi.v2.o
LOAD ./Src/libs/STM_PERIPHS/sw_tim.o
LOAD ./Src/libs/SW_BOARD/sw_led_blink_debug.o
LOAD ./Src/libs/SW_GRAPHICS/SW_FONTS/Arial6pt_8_var.o
LOAD ./Src/libs/SW_GRAPHICS/SW_FONTS/Arial6pt_var.o
LOAD ./Src/libs/SW_GRAPHICS/SW_FONTS/ArialBoldDigits8.o
LOAD ./Src/libs/SW_GRAPHICS/SW_FONTS/LCD_5x8.o
LOAD ./Src/libs/SW_GRAPHICS/SW_FONTS/MagicMatrix_3x5_numbers.o
LOAD ./Src/libs/SW_GRAPHICS/SW_FONTS/MagicMatrix_3x7_numbers.o
LOAD ./Src/libs/SW_GRAPHICS/SW_FONTS/MicrosoftSansSerif8ptFont_pl.o
LOAD ./Src/libs/SW_GRAPHICS/SW_FONTS/PlayIcons8x8_fixed.o
LOAD ./Src/libs/SW_GRAPHICS/SW_FONTS/PlayIcons8x8_tight.o
LOAD ./Src/libs/SW_GRAPHICS/SW_HT1632C/sw_ht3216c.o
LOAD ./Src/libs/SW_GRAPHICS/SW_OSD/sw_osd.o
LOAD ./Src/libs/SW_GRAPHICS/SW_OSD/sw_osd_fx.o
LOAD ./Src/libs/SW_GRAPHICS/SW_OSD/sw_osd_module_BRIGHT.o
LOAD ./Src/libs/SW_GRAPHICS/SW_OSD/sw_osd_module_RTC.o
LOAD ./Src/libs/SW_GRAPHICS/fb.o
LOAD ./Src/libs/SW_GRAPHICS/fonts_pl.o
LOAD ./Src/libs/SW_GRAPHICS/gfx.o
LOAD ./Src/libs/SW_GRAPHICS/text.o
LOAD ./Src/libs/SW_INPUT/IR/IRMP/irmp.o
LOAD ./Src/libs/SW_INPUT/IR/memory_data.o
LOAD ./Src/libs/SW_INPUT/IR/sw_irmanage.o
LOAD ./Src/libs/SW_INPUT/KEYBOARD/keyboard.o
LOAD ./Src/libs/SW_INPUT/input.o
LOAD ./Src/libs/SW_RTC/SW_RTC_DS3231/ds3231.o
LOAD ./Src/libs/SW_RTC/SW_RTC_STM32/sw_rtc_stm32.o
LOAD ./Src/libs/SW_RTC/data_conv_v2.o
LOAD ./Src/libs/SW_RTC/sw_i2c.o
LOAD ./Src/libs/SW_RTC/sw_i2c_eeprom.o
LOAD ./Src/libs/SW_RTC/sw_rtc_manage.o
LOAD ./Src/libs/SW_TIMERS/sw_soft_timers.o
LOAD ./startup/startup_stm32f072xb.o
START GROUP
LOAD d:/00_programowanie/stm32cubeide_1.4.0/stm32cubeide/plugins/com.st.stm32cube.ide.mcu.externaltools.gnu-tools-for-stm32.9-2020-q2-update.win32_2.0.0.202105311346/tools/bin/../lib/gcc/arm-none-eabi/9.3.1/../../../../arm-none-eabi/lib/thumb/v6-m/nofp\libc_nano.a
LOAD d:/00_programowanie/stm32cubeide_1.4.0/stm32cubeide/plugins/com.st.stm32cube.ide.mcu.externaltools.gnu-tools-for-stm32.9-2020-q2-update.win32_2.0.0.202105311346/tools/bin/../lib/gcc/arm-none-eabi/9.3.1/../../../../arm-none-eabi/lib/thumb/v6-m/nofp\libm.a
END GROUP
START GROUP
LOAD d:/00_programowanie/stm32cubeide_1.4.0/stm32cubeide/plugins/com.st.stm32cube.ide.mcu.externaltools.gnu-tools-for-stm32.9-2020-q2-update.win32_2.0.0.202105311346/tools/bin/../lib/gcc/arm-none-eabi/9.3.1/thumb/v6-m/nofp\libgcc.a
LOAD d:/00_programowanie/stm32cubeide_1.4.0/stm32cubeide/plugins/com.st.stm32cube.ide.mcu.externaltools.gnu-tools-for-stm32.9-2020-q2-update.win32_2.0.0.202105311346/tools/bin/../lib/gcc/arm-none-eabi/9.3.1/../../../../arm-none-eabi/lib/thumb/v6-m/nofp\libc_nano.a
END GROUP
START GROUP
LOAD d:/00_programowanie/stm32cubeide_1.4.0/stm32cubeide/plugins/com.st.stm32cube.ide.mcu.externaltools.gnu-tools-for-stm32.9-2020-q2-update.win32_2.0.0.202105311346/tools/bin/../lib/gcc/arm-none-eabi/9.3.1/thumb/v6-m/nofp\libgcc.a
LOAD d:/00_programowanie/stm32cubeide_1.4.0/stm32cubeide/plugins/com.st.stm32cube.ide.mcu.externaltools.gnu-tools-for-stm32.9-2020-q2-update.win32_2.0.0.202105311346/tools/bin/../lib/gcc/arm-none-eabi/9.3.1/../../../../arm-none-eabi/lib/thumb/v6-m/nofp\libc_nano.a
LOAD d:/00_programowanie/stm32cubeide_1.4.0/stm32cubeide/plugins/com.st.stm32cube.ide.mcu.externaltools.gnu-tools-for-stm32.9-2020-q2-update.win32_2.0.0.202105311346/tools/bin/../lib/gcc/arm-none-eabi/9.3.1/../../../../arm-none-eabi/lib/thumb/v6-m/nofp\libnosys.a
END GROUP
START GROUP
LOAD d:/00_programowanie/stm32cubeide_1.4.0/stm32cubeide/plugins/com.st.stm32cube.ide.mcu.externaltools.gnu-tools-for-stm32.9-2020-q2-update.win32_2.0.0.202105311346/tools/bin/../lib/gcc/arm-none-eabi/9.3.1/thumb/v6-m/nofp\libgcc.a
LOAD d:/00_programowanie/stm32cubeide_1.4.0/stm32cubeide/plugins/com.st.stm32cube.ide.mcu.externaltools.gnu-tools-for-stm32.9-2020-q2-update.win32_2.0.0.202105311346/tools/bin/../lib/gcc/arm-none-eabi/9.3.1/../../../../arm-none-eabi/lib/thumb/v6-m/nofp\libc_nano.a
LOAD d:/00_programowanie/stm32cubeide_1.4.0/stm32cubeide/plugins/com.st.stm32cube.ide.mcu.externaltools.gnu-tools-for-stm32.9-2020-q2-update.win32_2.0.0.202105311346/tools/bin/../lib/gcc/arm-none-eabi/9.3.1/../../../../arm-none-eabi/lib/thumb/v6-m/nofp\libnosys.a
END GROUP
LOAD d:/00_programowanie/stm32cubeide_1.4.0/stm32cubeide/plugins/com.st.stm32cube.ide.mcu.externaltools.gnu-tools-for-stm32.9-2020-q2-update.win32_2.0.0.202105311346/tools/bin/../lib/gcc/arm-none-eabi/9.3.1/thumb/v6-m/nofp/crtend.o
LOAD d:/00_programowanie/stm32cubeide_1.4.0/stm32cubeide/plugins/com.st.stm32cube.ide.mcu.externaltools.gnu-tools-for-stm32.9-2020-q2-update.win32_2.0.0.202105311346/tools/bin/../lib/gcc/arm-none-eabi/9.3.1/thumb/v6-m/nofp/crtn.o
                0x0000000020004000                _estack = 0x20004000
                0x0000000000000200                _Min_Heap_Size = 0x200
                0x0000000000000400                _Min_Stack_Size = 0x400

.isr_vector     0x0000000008000000       0xc0
                0x0000000008000000                . = ALIGN (0x4)
 *(.isr_vector)
 .isr_vector    0x0000000008000000       0xc0 ./startup/startup_stm32f072xb.o
                0x0000000008000000                g_pfnVectors
                0x00000000080000c0                . = ALIGN (0x4)

.text           0x00000000080000c0     0x222c
                0x00000000080000c0                . = ALIGN (0x4)
 *(.text)
 .text          0x00000000080000c0       0x48 d:/00_programowanie/stm32cubeide_1.4.0/stm32cubeide/plugins/com.st.stm32cube.ide.mcu.externaltools.gnu-tools-for-stm32.9-2020-q2-update.win32_2.0.0.202105311346/tools/bin/../lib/gcc/arm-none-eabi/9.3.1/thumb/v6-m/nofp/crtbegin.o
 .text          0x0000000008000108       0x14 d:/00_programowanie/stm32cubeide_1.4.0/stm32cubeide/plugins/com.st.stm32cube.ide.mcu.externaltools.gnu-tools-for-stm32.9-2020-q2-update.win32_2.0.0.202105311346/tools/bin/../lib/gcc/arm-none-eabi/9.3.1/thumb/v6-m/nofp\libgcc.a(_thumb1_case_uqi.o)
                0x0000000008000108                __gnu_thumb1_case_uqi
 .text          0x000000000800011c      0x114 d:/00_programowanie/stm32cubeide_1.4.0/stm32cubeide/plugins/com.st.stm32cube.ide.mcu.externaltools.gnu-tools-for-stm32.9-2020-q2-update.win32_2.0.0.202105311346/tools/bin/../lib/gcc/arm-none-eabi/9.3.1/thumb/v6-m/nofp\libgcc.a(_udivsi3.o)
                0x000000000800011c                __aeabi_uidiv
                0x000000000800011c                __udivsi3
                0x0000000008000228                __aeabi_uidivmod
 .text          0x0000000008000230        0x4 d:/00_programowanie/stm32cubeide_1.4.0/stm32cubeide/plugins/com.st.stm32cube.ide.mcu.externaltools.gnu-tools-for-stm32.9-2020-q2-update.win32_2.0.0.202105311346/tools/bin/../lib/gcc/arm-none-eabi/9.3.1/thumb/v6-m/nofp\libgcc.a(_dvmd_tls.o)
                0x0000000008000230                __aeabi_idiv0
                0x0000000008000230                __aeabi_ldiv0
 .text          0x0000000008000234       0x40 d:/00_programowanie/stm32cubeide_1.4.0/stm32cubeide/plugins/com.st.stm32cube.ide.mcu.externaltools.gnu-tools-for-stm32.9-2020-q2-update.win32_2.0.0.202105311346/tools/bin/../lib/gcc/arm-none-eabi/9.3.1/thumb/v6-m/nofp\libgcc.a(_ctzsi2.o)
                0x0000000008000234                __ctzsi2
 *(.text*)
 .text.startup.main
                0x0000000008000274       0xac ./Src/MiniClock_v1.2.o
                0x0000000008000274                main
 .text.TIM2_IRQHandler
                0x0000000008000320       0x28 ./Src/MiniClock_v1.2.o
                0x0000000008000320                TIM2_IRQHandler
 .text.NMI_Handler
                0x0000000008000348        0x2 ./Src/stm32f0xx_it.o
                0x0000000008000348                NMI_Handler
 .text.HardFault_Handler
                0x000000000800034a        0x2 ./Src/stm32f0xx_it.o
                0x000000000800034a                HardFault_Handler
 .text.SVC_Handler
                0x000000000800034c        0x2 ./Src/stm32f0xx_it.o
                0x000000000800034c                SVC_Handler
 .text.PendSV_Handler
                0x000000000800034e        0x2 ./Src/stm32f0xx_it.o
                0x000000000800034e                PendSV_Handler
 .text.SystemInit
                0x0000000008000350       0x60 ./Src/system_stm32f0xx.o
                0x0000000008000350                SystemInit
 .text.SystemCoreClockUpdate
                0x00000000080003b0       0x70 ./Src/system_stm32f0xx.o
                0x00000000080003b0                SystemCoreClockUpdate
 .text.gpio_pin_LO
                0x0000000008000420       0x1e ./Src/libs/STM_PERIPHS/gpio.o
                0x0000000008000420                gpio_pin_LO
 .text.gpio_pin_HI
                0x000000000800043e       0x1e ./Src/libs/STM_PERIPHS/gpio.o
                0x000000000800043e                gpio_pin_HI
 .text.gpio_pin_cfg
                0x000000000800045c       0x86 ./Src/libs/STM_PERIPHS/gpio.o
                0x000000000800045c                gpio_pin_cfg
 *fill*         0x00000000080004e2        0x2 
 .text.RCC_gpio_init
                0x00000000080004e4       0x28 ./Src/libs/STM_PERIPHS/gpio.o
                0x00000000080004e4                RCC_gpio_init
 .text.SystemClock_Config
                0x000000000800050c       0x8c ./Src/libs/STM_PERIPHS/sw_rcc.o
                0x000000000800050c                SystemClock_Config
 .text.sw_spi_hw_init
                0x0000000008000598       0xc4 ./Src/libs/STM_PERIPHS/sw_spi.v2.o
                0x0000000008000598                sw_spi_hw_init
 .text.sw_spi_hw_send_buff8
                0x000000000800065c       0x4c ./Src/libs/STM_PERIPHS/sw_spi.v2.o
                0x000000000800065c                sw_spi_hw_send_buff8
 .text.sw_spi_hw_send_buff16
                0x00000000080006a8       0x50 ./Src/libs/STM_PERIPHS/sw_spi.v2.o
                0x00000000080006a8                sw_spi_hw_send_buff16
 .text.sw_spi_hw_write_read
                0x00000000080006f8       0x7c ./Src/libs/STM_PERIPHS/sw_spi.v2.o
                0x00000000080006f8                sw_spi_hw_write_read
 .text.nvic_priority
                0x0000000008000774       0x50 ./Src/libs/STM_PERIPHS/sw_tim.o
                0x0000000008000774                nvic_priority
 .text.sw_led_off
                0x00000000080007c4       0x18 ./Src/libs/SW_BOARD/sw_led_blink_debug.o
                0x00000000080007c4                sw_led_off
 .text.sw_led_debug_init
                0x00000000080007dc       0x44 ./Src/libs/SW_BOARD/sw_led_blink_debug.o
                0x00000000080007dc                sw_led_debug_init
 .text.HT1632C_command
                0x0000000008000820        0xa ./Src/libs/SW_GRAPHICS/SW_HT1632C/sw_ht3216c.o
 *fill*         0x000000000800082a        0x2 
 .text.EXTI4_15_IRQHandler
                0x000000000800082c      0x104 ./Src/libs/SW_GRAPHICS/SW_HT1632C/sw_ht3216c.o
                0x000000000800082c                EXTI4_15_IRQHandler
 .text.HT1632C_init
                0x0000000008000930       0x98 ./Src/libs/SW_GRAPHICS/SW_HT1632C/sw_ht3216c.o
                0x0000000008000930                HT1632C_init
 .text.register_scroll_event_callback
                0x00000000080009c8        0xc ./Src/libs/SW_GRAPHICS/SW_HT1632C/sw_ht3216c.o
                0x00000000080009c8                register_scroll_event_callback
 .text.SW_SCROLL_EVENT
                0x00000000080009d4       0x28 ./Src/libs/SW_GRAPHICS/SW_HT1632C/sw_ht3216c.o
                0x00000000080009d4                SW_SCROLL_EVENT
 .text.osd_init
                0x00000000080009fc       0x24 ./Src/libs/SW_GRAPHICS/SW_OSD/sw_osd.o
                0x00000000080009fc                osd_init
 .text.osd_manage_screens
                0x0000000008000a20       0x78 ./Src/libs/SW_GRAPHICS/SW_OSD/sw_osd.o
                0x0000000008000a20                osd_manage_screens
 .text.register_osd_event_callback
                0x0000000008000a98        0xc ./Src/libs/SW_GRAPHICS/SW_OSD/sw_osd.o
                0x0000000008000a98                register_osd_event_callback
 .text.SW_OSD_EVENT
                0x0000000008000aa4       0x20 ./Src/libs/SW_GRAPHICS/SW_OSD/sw_osd.o
                0x0000000008000aa4                SW_OSD_EVENT
 .text.sw_date_to_string
                0x0000000008000ac4       0x74 ./Src/libs/SW_GRAPHICS/SW_OSD/sw_osd_fx.o
                0x0000000008000ac4                sw_date_to_string
 .text.scroll_text_param
                0x0000000008000b38       0x14 ./Src/libs/SW_GRAPHICS/SW_OSD/sw_osd_fx.o
                0x0000000008000b38                scroll_text_param
 .text.scroll_text_display
                0x0000000008000b4c       0x68 ./Src/libs/SW_GRAPHICS/SW_OSD/sw_osd_fx.o
                0x0000000008000b4c                scroll_text_display
 .text.osd_bright_text_param
                0x0000000008000bb4       0x34 ./Src/libs/SW_GRAPHICS/SW_OSD/sw_osd_module_BRIGHT.o
                0x0000000008000bb4                osd_bright_text_param
 .text.osd_rtc_puts_int_RAM.constprop.0
                0x0000000008000be8       0x64 ./Src/libs/SW_GRAPHICS/SW_OSD/sw_osd_module_RTC.o
 .text.osd_rtc_fonts_param
                0x0000000008000c4c      0x140 ./Src/libs/SW_GRAPHICS/SW_OSD/sw_osd_module_RTC.o
                0x0000000008000c4c                osd_rtc_fonts_param
 .text.osd_rtc_display_time
                0x0000000008000d8c       0x78 ./Src/libs/SW_GRAPHICS/SW_OSD/sw_osd_module_RTC.o
                0x0000000008000d8c                osd_rtc_display_time
 .text.osd_rtc_display_date
                0x0000000008000e04       0x4c ./Src/libs/SW_GRAPHICS/SW_OSD/sw_osd_module_RTC.o
                0x0000000008000e04                osd_rtc_display_date
 .text.osd_rtc_display_setTime
                0x0000000008000e50       0xb0 ./Src/libs/SW_GRAPHICS/SW_OSD/sw_osd_module_RTC.o
                0x0000000008000e50                osd_rtc_display_setTime
 .text.fb_get_active_buffer
                0x0000000008000f00       0x10 ./Src/libs/SW_GRAPHICS/fb.o
                0x0000000008000f00                fb_get_active_buffer
 .text.fb_get_noActive_buffer
                0x0000000008000f10       0x18 ./Src/libs/SW_GRAPHICS/fb.o
                0x0000000008000f10                fb_get_noActive_buffer
 .text.fb_switch_buff
                0x0000000008000f28       0x24 ./Src/libs/SW_GRAPHICS/fb.o
                0x0000000008000f28                fb_switch_buff
 .text.fb_buffer_is_ready
                0x0000000008000f4c       0x10 ./Src/libs/SW_GRAPHICS/fb.o
                0x0000000008000f4c                fb_buffer_is_ready
 .text.fb_clear_screen
                0x0000000008000f5c        0xc ./Src/libs/SW_GRAPHICS/fb.o
                0x0000000008000f5c                fb_clear_screen
 .text.fb_set_pixel_RAM
                0x0000000008000f68       0x3c ./Src/libs/SW_GRAPHICS/fb.o
                0x0000000008000f68                fb_set_pixel_RAM
 .text.polish_letters_UTF8
                0x0000000008000fa4       0x44 ./Src/libs/SW_GRAPHICS/fonts_pl.o
                0x0000000008000fa4                polish_letters_UTF8
 .text.graphic_draw_H_line_RAM
                0x0000000008000fe8       0x2c ./Src/libs/SW_GRAPHICS/gfx.o
                0x0000000008000fe8                graphic_draw_H_line_RAM
 .text.graphic_fill_rectangle_RAM
                0x0000000008001014       0x44 ./Src/libs/SW_GRAPHICS/gfx.o
                0x0000000008001014                graphic_fill_rectangle_RAM
 .text.graphic_set_string
                0x0000000008001058       0x12 ./Src/libs/SW_GRAPHICS/text.o
                0x0000000008001058                graphic_set_string
 *fill*         0x000000000800106a        0x2 
 .text.graphic_puts_RAM
                0x000000000800106c      0x298 ./Src/libs/SW_GRAPHICS/text.o
                0x000000000800106c                graphic_puts_RAM
 .text.irmp_store_bit
                0x0000000008001304       0xc4 ./Src/libs/SW_INPUT/IR/IRMP/irmp.o
 .text.irmp_init
                0x00000000080013c8        0x2 ./Src/libs/SW_INPUT/IR/IRMP/irmp.o
                0x00000000080013c8                irmp_init
 *fill*         0x00000000080013ca        0x2 
 .text.irmp_get_data
                0x00000000080013cc       0xd8 ./Src/libs/SW_INPUT/IR/IRMP/irmp.o
                0x00000000080013cc                irmp_get_data
 .text.irmp_ISR
                0x00000000080014a4      0x47c ./Src/libs/SW_INPUT/IR/IRMP/irmp.o
                0x00000000080014a4                irmp_ISR
 .text.TIM14_IRQHandler
                0x0000000008001920       0x1c ./Src/libs/SW_INPUT/IR/sw_irmanage.o
                0x0000000008001920                TIM14_IRQHandler
 .text.sw_ir_init
                0x000000000800193c       0x4c ./Src/libs/SW_INPUT/IR/sw_irmanage.o
                0x000000000800193c                sw_ir_init
 .text.SW_IR_DECODED_EVENT
                0x0000000008001988       0x88 ./Src/libs/SW_INPUT/IR/sw_irmanage.o
                0x0000000008001988                SW_IR_DECODED_EVENT
 .text.keyboard_ptr
                0x0000000008001a10        0x8 ./Src/libs/SW_INPUT/KEYBOARD/keyboard.o
                0x0000000008001a10                keyboard_ptr
 .text.sw_keyboard_init
                0x0000000008001a18       0x2c ./Src/libs/SW_INPUT/KEYBOARD/keyboard.o
                0x0000000008001a18                sw_keyboard_init
 .text.SW_KEYBOARD_EVENT
                0x0000000008001a44      0x1c0 ./Src/libs/SW_INPUT/KEYBOARD/keyboard.o
                0x0000000008001a44                SW_KEYBOARD_EVENT
 .text.input_init
                0x0000000008001c04        0xc ./Src/libs/SW_INPUT/input.o
                0x0000000008001c04                input_init
 .text.input_event
                0x0000000008001c10        0xc ./Src/libs/SW_INPUT/input.o
                0x0000000008001c10                input_event
 .text.input_keyboard_proc
                0x0000000008001c1c       0x24 ./Src/libs/SW_INPUT/input.o
                0x0000000008001c1c                input_keyboard_proc
 .text.ds3231_get_datetime
                0x0000000008001c40       0x18 ./Src/libs/SW_RTC/SW_RTC_DS3231/ds3231.o
                0x0000000008001c40                ds3231_get_datetime
 .text.EXTI2_3_IRQHandler
                0x0000000008001c58       0x18 ./Src/libs/SW_RTC/SW_RTC_DS3231/ds3231.o
                0x0000000008001c58                EXTI2_3_IRQHandler
 .text.STM32F051_Rtc_init_on
                0x0000000008001c70       0x18 ./Src/libs/SW_RTC/SW_RTC_STM32/sw_rtc_stm32.o
 .text.STM32F051_Rtc_protect_off
                0x0000000008001c88       0x20 ./Src/libs/SW_RTC/SW_RTC_STM32/sw_rtc_stm32.o
 .text.STM32F051_Rtc_protect_on
                0x0000000008001ca8       0x14 ./Src/libs/SW_RTC/SW_RTC_STM32/sw_rtc_stm32.o
 .text.STM32F051_Rtc_Clock_Config
                0x0000000008001cbc       0x58 ./Src/libs/SW_RTC/SW_RTC_STM32/sw_rtc_stm32.o
                0x0000000008001cbc                STM32F051_Rtc_Clock_Config
 .text.STM32F051_Rtc_Config
                0x0000000008001d14       0x48 ./Src/libs/SW_RTC/SW_RTC_STM32/sw_rtc_stm32.o
                0x0000000008001d14                STM32F051_Rtc_Config
 .text.STM32F051_Rtc_Get_Time
                0x0000000008001d5c       0x30 ./Src/libs/SW_RTC/SW_RTC_STM32/sw_rtc_stm32.o
                0x0000000008001d5c                STM32F051_Rtc_Get_Time
 .text.STM32F051_Rtc_Get_Date
                0x0000000008001d8c       0x3c ./Src/libs/SW_RTC/SW_RTC_STM32/sw_rtc_stm32.o
                0x0000000008001d8c                STM32F051_Rtc_Get_Date
 .text.STM32F051_Rtc_Set_Time
                0x0000000008001dc8       0x40 ./Src/libs/SW_RTC/SW_RTC_STM32/sw_rtc_stm32.o
                0x0000000008001dc8                STM32F051_Rtc_Set_Time
 .text.STM32F051_Rtc_Set_Date
                0x0000000008001e08       0x4c ./Src/libs/SW_RTC/SW_RTC_STM32/sw_rtc_stm32.o
                0x0000000008001e08                STM32F051_Rtc_Set_Date
 .text.RTC_IRQHandler
                0x0000000008001e54       0x10 ./Src/libs/SW_RTC/SW_RTC_STM32/sw_rtc_stm32.o
                0x0000000008001e54                RTC_IRQHandler
 .text.sw_dec2bcd
                0x0000000008001e64       0x1c ./Src/libs/SW_RTC/data_conv_v2.o
                0x0000000008001e64                sw_dec2bcd
 .text.sw_bcd2dec
                0x0000000008001e80       0x12 ./Src/libs/SW_RTC/data_conv_v2.o
                0x0000000008001e80                sw_bcd2dec
 *fill*         0x0000000008001e92        0x2 
 .text.sw_i2c_dma_send_buff
                0x0000000008001e94       0x74 ./Src/libs/SW_RTC/sw_i2c.o
                0x0000000008001e94                sw_i2c_dma_send_buff
 .text.sw_i2c_dma_get_buff
                0x0000000008001f08       0x88 ./Src/libs/SW_RTC/sw_i2c.o
                0x0000000008001f08                sw_i2c_dma_get_buff
 .text.Rtc_copy_structures
                0x0000000008001f90       0x28 ./Src/libs/SW_RTC/sw_rtc_manage.o
                0x0000000008001f90                Rtc_copy_structures
 .text.Rtc_Set_Time
                0x0000000008001fb8       0x18 ./Src/libs/SW_RTC/sw_rtc_manage.o
                0x0000000008001fb8                Rtc_Set_Time
 .text.Rtc_Set_Date
                0x0000000008001fd0       0x18 ./Src/libs/SW_RTC/sw_rtc_manage.o
                0x0000000008001fd0                Rtc_Set_Date
 .text.clock_init
                0x0000000008001fe8       0x32 ./Src/libs/SW_RTC/sw_rtc_manage.o
                0x0000000008001fe8                clock_init
 *fill*         0x000000000800201a        0x2 
 .text.rtc_get_date_time
                0x000000000800201c       0x18 ./Src/libs/SW_RTC/sw_rtc_manage.o
                0x000000000800201c                rtc_get_date_time
 .text.register_datetime_event_callback
                0x0000000008002034        0xc ./Src/libs/SW_RTC/sw_rtc_manage.o
                0x0000000008002034                register_datetime_event_callback
 .text.SW_DATETIME_EVENT
                0x0000000008002040       0x24 ./Src/libs/SW_RTC/sw_rtc_manage.o
                0x0000000008002040                SW_DATETIME_EVENT
 .text.SysTick_Handler
                0x0000000008002064       0xe8 ./Src/libs/SW_TIMERS/sw_soft_timers.o
                0x0000000008002064                SysTick_Handler
 .text.millis   0x000000000800214c        0xc ./Src/libs/SW_TIMERS/sw_soft_timers.o
                0x000000000800214c                millis
 .text.Reset_Handler
                0x0000000008002158       0x50 ./startup/startup_stm32f072xb.o
                0x0000000008002158                Reset_Handler
 .text.Default_Handler
                0x00000000080021a8        0x2 ./startup/startup_stm32f072xb.o
                0x00000000080021a8                TIM1_CC_IRQHandler
                0x00000000080021a8                TSC_IRQHandler
                0x00000000080021a8                ADC1_COMP_IRQHandler
                0x00000000080021a8                I2C1_IRQHandler
                0x00000000080021a8                RCC_CRS_IRQHandler
                0x00000000080021a8                SPI1_IRQHandler
                0x00000000080021a8                TIM6_DAC_IRQHandler
                0x00000000080021a8                USART3_4_IRQHandler
                0x00000000080021a8                I2C2_IRQHandler
                0x00000000080021a8                TIM17_IRQHandler
                0x00000000080021a8                CEC_CAN_IRQHandler
                0x00000000080021a8                PVD_VDDIO2_IRQHandler
                0x00000000080021a8                DMA1_Channel4_5_6_7_IRQHandler
                0x00000000080021a8                TIM16_IRQHandler
                0x00000000080021a8                TIM3_IRQHandler
                0x00000000080021a8                DMA1_Channel1_IRQHandler
                0x00000000080021a8                Default_Handler
                0x00000000080021a8                TIM7_IRQHandler
                0x00000000080021a8                TIM15_IRQHandler
                0x00000000080021a8                EXTI0_1_IRQHandler
                0x00000000080021a8                USB_IRQHandler
                0x00000000080021a8                SPI2_IRQHandler
                0x00000000080021a8                WWDG_IRQHandler
                0x00000000080021a8                DMA1_Channel2_3_IRQHandler
                0x00000000080021a8                USART2_IRQHandler
                0x00000000080021a8                FLASH_IRQHandler
                0x00000000080021a8                USART1_IRQHandler
                0x00000000080021a8                TIM1_BRK_UP_TRG_COM_IRQHandler
 *fill*         0x00000000080021aa        0x2 
 .text.__libc_init_array
                0x00000000080021ac       0x48 d:/00_programowanie/stm32cubeide_1.4.0/stm32cubeide/plugins/com.st.stm32cube.ide.mcu.externaltools.gnu-tools-for-stm32.9-2020-q2-update.win32_2.0.0.202105311346/tools/bin/../lib/gcc/arm-none-eabi/9.3.1/../../../../arm-none-eabi/lib/thumb/v6-m/nofp\libc_nano.a(lib_a-init.o)
                0x00000000080021ac                __libc_init_array
 .text.__itoa   0x00000000080021f4       0x30 d:/00_programowanie/stm32cubeide_1.4.0/stm32cubeide/plugins/com.st.stm32cube.ide.mcu.externaltools.gnu-tools-for-stm32.9-2020-q2-update.win32_2.0.0.202105311346/tools/bin/../lib/gcc/arm-none-eabi/9.3.1/../../../../arm-none-eabi/lib/thumb/v6-m/nofp\libc_nano.a(lib_a-itoa.o)
                0x00000000080021f4                __itoa
 .text.itoa     0x0000000008002224        0x8 d:/00_programowanie/stm32cubeide_1.4.0/stm32cubeide/plugins/com.st.stm32cube.ide.mcu.externaltools.gnu-tools-for-stm32.9-2020-q2-update.win32_2.0.0.202105311346/tools/bin/../lib/gcc/arm-none-eabi/9.3.1/../../../../arm-none-eabi/lib/thumb/v6-m/nofp\libc_nano.a(lib_a-itoa.o)
                0x0000000008002224                itoa
 .text.memcpy   0x000000000800222c       0x12 d:/00_programowanie/stm32cubeide_1.4.0/stm32cubeide/plugins/com.st.stm32cube.ide.mcu.externaltools.gnu-tools-for-stm32.9-2020-q2-update.win32_2.0.0.202105311346/tools/bin/../lib/gcc/arm-none-eabi/9.3.1/../../../../arm-none-eabi/lib/thumb/v6-m/nofp\libc_nano.a(lib_a-memcpy-stub.o)
                0x000000000800222c                memcpy
 .text.memset   0x000000000800223e       0x10 d:/00_programowanie/stm32cubeide_1.4.0/stm32cubeide/plugins/com.st.stm32cube.ide.mcu.externaltools.gnu-tools-for-stm32.9-2020-q2-update.win32_2.0.0.202105311346/tools/bin/../lib/gcc/arm-none-eabi/9.3.1/../../../../arm-none-eabi/lib/thumb/v6-m/nofp\libc_nano.a(lib_a-memset.o)
                0x000000000800223e                memset
 .text.strcat   0x000000000800224e       0x1a d:/00_programowanie/stm32cubeide_1.4.0/stm32cubeide/plugins/com.st.stm32cube.ide.mcu.externaltools.gnu-tools-for-stm32.9-2020-q2-update.win32_2.0.0.202105311346/tools/bin/../lib/gcc/arm-none-eabi/9.3.1/../../../../arm-none-eabi/lib/thumb/v6-m/nofp\libc_nano.a(lib_a-strcat.o)
                0x000000000800224e                strcat
 .text.__utoa   0x0000000008002268       0x6c d:/00_programowanie/stm32cubeide_1.4.0/stm32cubeide/plugins/com.st.stm32cube.ide.mcu.externaltools.gnu-tools-for-stm32.9-2020-q2-update.win32_2.0.0.202105311346/tools/bin/../lib/gcc/arm-none-eabi/9.3.1/../../../../arm-none-eabi/lib/thumb/v6-m/nofp\libc_nano.a(lib_a-utoa.o)
                0x0000000008002268                __utoa
 *(.glue_7)
 .glue_7        0x00000000080022d4        0x0 linker stubs
 *(.glue_7t)
 .glue_7t       0x00000000080022d4        0x0 linker stubs
 *(.eh_frame)
 .eh_frame      0x00000000080022d4        0x0 d:/00_programowanie/stm32cubeide_1.4.0/stm32cubeide/plugins/com.st.stm32cube.ide.mcu.externaltools.gnu-tools-for-stm32.9-2020-q2-update.win32_2.0.0.202105311346/tools/bin/../lib/gcc/arm-none-eabi/9.3.1/thumb/v6-m/nofp/crtbegin.o
 *(.init)
 .init          0x00000000080022d4        0x4 d:/00_programowanie/stm32cubeide_1.4.0/stm32cubeide/plugins/com.st.stm32cube.ide.mcu.externaltools.gnu-tools-for-stm32.9-2020-q2-update.win32_2.0.0.202105311346/tools/bin/../lib/gcc/arm-none-eabi/9.3.1/thumb/v6-m/nofp/crti.o
                0x00000000080022d4                _init
 .init          0x00000000080022d8        0x8 d:/00_programowanie/stm32cubeide_1.4.0/stm32cubeide/plugins/com.st.stm32cube.ide.mcu.externaltools.gnu-tools-for-stm32.9-2020-q2-update.win32_2.0.0.202105311346/tools/bin/../lib/gcc/arm-none-eabi/9.3.1/thumb/v6-m/nofp/crtn.o
 *(.fini)
 .fini          0x00000000080022e0        0x4 d:/00_programowanie/stm32cubeide_1.4.0/stm32cubeide/plugins/com.st.stm32cube.ide.mcu.externaltools.gnu-tools-for-stm32.9-2020-q2-update.win32_2.0.0.202105311346/tools/bin/../lib/gcc/arm-none-eabi/9.3.1/thumb/v6-m/nofp/crti.o
                0x00000000080022e0                _fini
 .fini          0x00000000080022e4        0x8 d:/00_programowanie/stm32cubeide_1.4.0/stm32cubeide/plugins/com.st.stm32cube.ide.mcu.externaltools.gnu-tools-for-stm32.9-2020-q2-update.win32_2.0.0.202105311346/tools/bin/../lib/gcc/arm-none-eabi/9.3.1/thumb/v6-m/nofp/crtn.o
                0x00000000080022ec                . = ALIGN (0x4)
                0x00000000080022ec                _etext = .

.vfp11_veneer   0x00000000080022ec        0x0
 .vfp11_veneer  0x00000000080022ec        0x0 linker stubs

.v4_bx          0x00000000080022ec        0x0
 .v4_bx         0x00000000080022ec        0x0 linker stubs

.iplt           0x00000000080022ec        0x0
 .iplt          0x00000000080022ec        0x0 d:/00_programowanie/stm32cubeide_1.4.0/stm32cubeide/plugins/com.st.stm32cube.ide.mcu.externaltools.gnu-tools-for-stm32.9-2020-q2-update.win32_2.0.0.202105311346/tools/bin/../lib/gcc/arm-none-eabi/9.3.1/thumb/v6-m/nofp/crtbegin.o

.rodata         0x00000000080022ec      0x9fc
                0x00000000080022ec                . = ALIGN (0x4)
 *(.rodata)
 *(.rodata*)
 .rodata.AHBPrescTable
                0x00000000080022ec       0x10 ./Src/system_stm32f0xx.o
                0x00000000080022ec                AHBPrescTable
 .rodata.Arial6pt8Bitmaps
                0x00000000080022fc      0x380 ./Src/libs/SW_GRAPHICS/SW_FONTS/Arial6pt_8_var.o
                0x00000000080022fc                Arial6pt8Bitmaps
 .rodata.Arial6pt8Descriptors_var
                0x000000000800267c      0x1c0 ./Src/libs/SW_GRAPHICS/SW_FONTS/Arial6pt_8_var.o
                0x000000000800267c                Arial6pt8Descriptors_var
 .rodata.Arial6pt8FontInfo_var
                0x000000000800283c       0x18 ./Src/libs/SW_GRAPHICS/SW_FONTS/Arial6pt_8_var.o
                0x000000000800283c                Arial6pt8FontInfo_var
 .rodata.ArialBoldDigits8Bitmaps
                0x0000000008002854       0x60 ./Src/libs/SW_GRAPHICS/SW_FONTS/ArialBoldDigits8.o
                0x0000000008002854                ArialBoldDigits8Bitmaps
 .rodata.ArialBoldDigits8Descriptors
                0x00000000080028b4       0x30 ./Src/libs/SW_GRAPHICS/SW_FONTS/ArialBoldDigits8.o
                0x00000000080028b4                ArialBoldDigits8Descriptors
 .rodata.ArialBoldDigits8FontInfo
                0x00000000080028e4       0x18 ./Src/libs/SW_GRAPHICS/SW_FONTS/ArialBoldDigits8.o
                0x00000000080028e4                ArialBoldDigits8FontInfo
 .rodata.MagicMatrix_3x5_Bitmaps
                0x00000000080028fc       0x37 ./Src/libs/SW_GRAPHICS/SW_FONTS/MagicMatrix_3x5_numbers.o
                0x00000000080028fc                MagicMatrix_3x5_Bitmaps
 *fill*         0x0000000008002933        0x1 
 .rodata.MagicMatrix_3x5_Descriptors
                0x0000000008002934       0x2c ./Src/libs/SW_GRAPHICS/SW_FONTS/MagicMatrix_3x5_numbers.o
                0x0000000008002934                MagicMatrix_3x5_Descriptors
 .rodata.MagicMatrix_3x5_FontInfo
                0x0000000008002960       0x18 ./Src/libs/SW_GRAPHICS/SW_FONTS/MagicMatrix_3x5_numbers.o
                0x0000000008002960                MagicMatrix_3x5_FontInfo
 .rodata.MagicMatrix_3x7_Bitmaps
                0x0000000008002978       0x54 ./Src/libs/SW_GRAPHICS/SW_FONTS/MagicMatrix_3x7_numbers.o
                0x0000000008002978                MagicMatrix_3x7_Bitmaps
 .rodata.MagicMatrix_3x7_Descriptors
                0x00000000080029cc       0x30 ./Src/libs/SW_GRAPHICS/SW_FONTS/MagicMatrix_3x7_numbers.o
                0x00000000080029cc                MagicMatrix_3x7_Descriptors
 .rodata.MagicMatrix_3x7_FontInfo
                0x00000000080029fc       0x18 ./Src/libs/SW_GRAPHICS/SW_FONTS/MagicMatrix_3x7_numbers.o
                0x00000000080029fc                MagicMatrix_3x7_FontInfo
 .rodata.gammaBright
                0x0000000008002a14        0x8 ./Src/libs/SW_GRAPHICS/SW_HT1632C/sw_ht3216c.o
                0x0000000008002a14                gammaBright
 .rodata.spi2_ht3216c_Param
                0x0000000008002a1c        0x3 ./Src/libs/SW_GRAPHICS/SW_HT1632C/sw_ht3216c.o
 .rodata.sw_date_to_string.str1.1
                0x0000000008002a1f        0x2 ./Src/libs/SW_GRAPHICS/SW_OSD/sw_osd_fx.o
 .rodata.str1.1
                0x0000000008002a21       0x8f ./Src/libs/SW_GRAPHICS/SW_OSD/sw_osd_fx.o
 .rodata.BlackColor
                0x0000000008002ab0        0x1 ./Src/libs/SW_GRAPHICS/SW_OSD/sw_osd_fx.o
 *fill*         0x0000000008002ab1        0x3 
 .rodata.GammaRGB
                0x0000000008002ab4        0xc ./Src/libs/SW_GRAPHICS/SW_OSD/sw_osd_fx.o
 .rodata.WhiteColor
                0x0000000008002ac0        0x1 ./Src/libs/SW_GRAPHICS/SW_OSD/sw_osd_fx.o
 *fill*         0x0000000008002ac1        0x3 
 .rodata.months
                0x0000000008002ac4       0x30 ./Src/libs/SW_GRAPHICS/SW_OSD/sw_osd_fx.o
                0x0000000008002ac4                months
 .rodata.bright1
                0x0000000008002af4        0x9 ./Src/libs/SW_GRAPHICS/SW_OSD/sw_osd_module_BRIGHT.o
 .rodata.osd_rtc_fonts_param.str1.1
                0x0000000008002afd        0x7 ./Src/libs/SW_GRAPHICS/SW_OSD/sw_osd_module_RTC.o
 .rodata.BlackColor
                0x0000000008002b04        0x1 ./Src/libs/SW_GRAPHICS/SW_OSD/sw_osd_module_RTC.o
 *fill*         0x0000000008002b05        0x3 
 .rodata.GammaRGB
                0x0000000008002b08        0xc ./Src/libs/SW_GRAPHICS/SW_OSD/sw_osd_module_RTC.o
 .rodata.colorClock
                0x0000000008002b14        0x1 ./Src/libs/SW_GRAPHICS/SW_OSD/sw_osd_module_RTC.o
 *fill*         0x0000000008002b15        0x1 
 .rodata.utf_8Code
                0x0000000008002b16       0x24 ./Src/libs/SW_GRAPHICS/fonts_pl.o
                0x0000000008002b16                utf_8Code
 .rodata.BlackColor
                0x0000000008002b3a        0x1 ./Src/libs/SW_GRAPHICS/text.o
 *fill*         0x0000000008002b3b        0x1 
 .rodata.kaseikyo_param
                0x0000000008002b3c       0x44 ./Src/libs/SW_INPUT/IR/IRMP/irmp.o
 .rodata.nec_param
                0x0000000008002b80       0x44 ./Src/libs/SW_INPUT/IR/IRMP/irmp.o
 .rodata.nec_rep_param
                0x0000000008002bc4       0x44 ./Src/libs/SW_INPUT/IR/IRMP/irmp.o
 .rodata.samsung_param
                0x0000000008002c08       0x44 ./Src/libs/SW_INPUT/IR/IRMP/irmp.o
 .rodata.sircs_param
                0x0000000008002c4c       0x44 ./Src/libs/SW_INPUT/IR/IRMP/irmp.o
 .rodata.KeysTab
                0x0000000008002c90       0x30 ./Src/libs/SW_INPUT/KEYBOARD/keyboard.o
 .rodata.__utoa.str1.1
                0x0000000008002cc0       0x25 d:/00_programowanie/stm32cubeide_1.4.0/stm32cubeide/plugins/com.st.stm32cube.ide.mcu.externaltools.gnu-tools-for-stm32.9-2020-q2-update.win32_2.0.0.202105311346/tools/bin/../lib/gcc/arm-none-eabi/9.3.1/../../../../arm-none-eabi/lib/thumb/v6-m/nofp\libc_nano.a(lib_a-utoa.o)
                0x0000000008002ce8                . = ALIGN (0x4)
 *fill*         0x0000000008002ce5        0x3 

.rel.dyn        0x0000000008002ce8        0x0
 .rel.iplt      0x0000000008002ce8        0x0 d:/00_programowanie/stm32cubeide_1.4.0/stm32cubeide/plugins/com.st.stm32cube.ide.mcu.externaltools.gnu-tools-for-stm32.9-2020-q2-update.win32_2.0.0.202105311346/tools/bin/../lib/gcc/arm-none-eabi/9.3.1/thumb/v6-m/nofp/crtbegin.o

.ARM.extab
 *(.ARM.extab* .gnu.linkonce.armextab.*)

.ARM            0x0000000008002ce8        0x0
                0x0000000008002ce8                __exidx_start = .
 *(.ARM.exidx*)
                0x0000000008002ce8                __exidx_end = .

.preinit_array  0x0000000008002ce8        0x0
                0x0000000008002ce8                PROVIDE (__preinit_array_start = .)
 *(.preinit_array*)
                0x0000000008002ce8                PROVIDE (__preinit_array_end = .)

.init_array     0x0000000008002ce8        0x4
                0x0000000008002ce8                PROVIDE (__init_array_start = .)
 *(SORT_BY_NAME(.init_array.*))
 *(.init_array*)
 .init_array    0x0000000008002ce8        0x4 d:/00_programowanie/stm32cubeide_1.4.0/stm32cubeide/plugins/com.st.stm32cube.ide.mcu.externaltools.gnu-tools-for-stm32.9-2020-q2-update.win32_2.0.0.202105311346/tools/bin/../lib/gcc/arm-none-eabi/9.3.1/thumb/v6-m/nofp/crtbegin.o
                0x0000000008002cec                PROVIDE (__init_array_end = .)

.fini_array     0x0000000008002cec        0x4
                [!provide]                        PROVIDE (__fini_array_start = .)
 *(SORT_BY_NAME(.fini_array.*))
 *(.fini_array*)
 .fini_array    0x0000000008002cec        0x4 d:/00_programowanie/stm32cubeide_1.4.0/stm32cubeide/plugins/com.st.stm32cube.ide.mcu.externaltools.gnu-tools-for-stm32.9-2020-q2-update.win32_2.0.0.202105311346/tools/bin/../lib/gcc/arm-none-eabi/9.3.1/thumb/v6-m/nofp/crtbegin.o
                [!provide]                        PROVIDE (__fini_array_end = .)
                0x0000000008002cf0                _sidata = LOADADDR (.data)

.data           0x0000000020000000       0x34 load address 0x0000000008002cf0
                0x0000000020000000                . = ALIGN (0x4)
                0x0000000020000000                _sdata = .
 *(.data)
 *(.data*)
 .data.SystemCoreClock
                0x0000000020000000        0x4 ./Src/system_stm32f0xx.o
                0x0000000020000000                SystemCoreClock
 .data.dir.8619
                0x0000000020000004        0x1 ./Src/libs/SW_GRAPHICS/SW_HT1632C/sw_ht3216c.o
 .data.cnt.8640
                0x0000000020000005        0x1 ./Src/libs/SW_GRAPHICS/SW_OSD/sw_osd.o
 .data.osdDisplayContant
                0x0000000020000006        0x1 ./Src/libs/SW_GRAPHICS/SW_OSD/sw_osd.o
                0x0000000020000006                osdDisplayContant
 *fill*         0x0000000020000007        0x1 
 .data.FB       0x0000000020000008       0x20 ./Src/libs/SW_GRAPHICS/fb.o
 .data.last_irmp_address.5792
                0x0000000020000028        0x4 ./Src/libs/SW_INPUT/IR/IRMP/irmp.o
 .data.last_irmp_command.5793
                0x000000002000002c        0x4 ./Src/libs/SW_INPUT/IR/IRMP/irmp.o
 .data.irDecoded
                0x0000000020000030        0x2 ./Src/libs/SW_INPUT/IR/sw_irmanage.o
 .data.i2cAutoEnd
                0x0000000020000032        0x1 ./Src/libs/SW_RTC/sw_i2c.o
                0x0000000020000034                . = ALIGN (0x4)
 *fill*         0x0000000020000033        0x1 
                0x0000000020000034                _edata = .

.igot.plt       0x0000000020000034        0x0 load address 0x0000000008002d24
 .igot.plt      0x0000000020000034        0x0 d:/00_programowanie/stm32cubeide_1.4.0/stm32cubeide/plugins/com.st.stm32cube.ide.mcu.externaltools.gnu-tools-for-stm32.9-2020-q2-update.win32_2.0.0.202105311346/tools/bin/../lib/gcc/arm-none-eabi/9.3.1/thumb/v6-m/nofp/crtbegin.o
                0x0000000020000034                . = ALIGN (0x4)

.bss            0x0000000020000034      0x2b4 load address 0x0000000008002d24
                0x0000000020000034                _sbss = .
                0x0000000020000034                __bss_start__ = _sbss
 *(.bss)
 .bss           0x0000000020000034       0x1c d:/00_programowanie/stm32cubeide_1.4.0/stm32cubeide/plugins/com.st.stm32cube.ide.mcu.externaltools.gnu-tools-for-stm32.9-2020-q2-update.win32_2.0.0.202105311346/tools/bin/../lib/gcc/arm-none-eabi/9.3.1/thumb/v6-m/nofp/crtbegin.o
 *(.bss*)
 .bss.bright    0x0000000020000050        0x1 ./Src/libs/SW_GRAPHICS/SW_HT1632C/sw_ht3216c.o
 .bss.bright.8618
                0x0000000020000051        0x1 ./Src/libs/SW_GRAPHICS/SW_HT1632C/sw_ht3216c.o
 .bss.cnt.8631  0x0000000020000052        0x1 ./Src/libs/SW_GRAPHICS/SW_HT1632C/sw_ht3216c.o
 *fill*         0x0000000020000053        0x1 
 .bss.command   0x0000000020000054        0x2 ./Src/libs/SW_GRAPHICS/SW_HT1632C/sw_ht3216c.o
 .bss.i.8617    0x0000000020000056        0x1 ./Src/libs/SW_GRAPHICS/SW_HT1632C/sw_ht3216c.o
 .bss.scrollEvent
                0x0000000020000057        0x1 ./Src/libs/SW_GRAPHICS/SW_HT1632C/sw_ht3216c.o
 .bss.scroll_event_callback
                0x0000000020000058        0x4 ./Src/libs/SW_GRAPHICS/SW_HT1632C/sw_ht3216c.o
 .bss.osd_event_callback
                0x000000002000005c        0x4 ./Src/libs/SW_GRAPHICS/SW_OSD/sw_osd.o
 .bss.Date      0x0000000020000060       0x14 ./Src/libs/SW_GRAPHICS/SW_OSD/sw_osd_fx.o
 .bss.Text2     0x0000000020000074       0x14 ./Src/libs/SW_GRAPHICS/SW_OSD/sw_osd_fx.o
 .bss.k.9136    0x0000000020000088        0x2 ./Src/libs/SW_GRAPHICS/SW_OSD/sw_osd_fx.o
 *fill*         0x000000002000008a        0x2 
 .bss.Bright1   0x000000002000008c       0x14 ./Src/libs/SW_GRAPHICS/SW_OSD/sw_osd_module_BRIGHT.o
 .bss.Bright2   0x00000000200000a0       0x14 ./Src/libs/SW_GRAPHICS/SW_OSD/sw_osd_module_BRIGHT.o
 .bss.Delim1    0x00000000200000b4       0x14 ./Src/libs/SW_GRAPHICS/SW_OSD/sw_osd_module_RTC.o
 .bss.Delim2    0x00000000200000c8       0x14 ./Src/libs/SW_GRAPHICS/SW_OSD/sw_osd_module_RTC.o
 .bss.Delim3    0x00000000200000dc       0x14 ./Src/libs/SW_GRAPHICS/SW_OSD/sw_osd_module_RTC.o
 .bss.TextDAY   0x00000000200000f0       0x14 ./Src/libs/SW_GRAPHICS/SW_OSD/sw_osd_module_RTC.o
 .bss.TextHH    0x0000000020000104       0x14 ./Src/libs/SW_GRAPHICS/SW_OSD/sw_osd_module_RTC.o
 .bss.TextMM    0x0000000020000118       0x14 ./Src/libs/SW_GRAPHICS/SW_OSD/sw_osd_module_RTC.o
 .bss.TextMONTH
                0x000000002000012c       0x14 ./Src/libs/SW_GRAPHICS/SW_OSD/sw_osd_module_RTC.o
 .bss.TextSS    0x0000000020000140       0x14 ./Src/libs/SW_GRAPHICS/SW_OSD/sw_osd_module_RTC.o
 .bss.TextYEAR  0x0000000020000154       0x14 ./Src/libs/SW_GRAPHICS/SW_OSD/sw_osd_module_RTC.o
 .bss.cnt.9208  0x0000000020000168        0x1 ./Src/libs/SW_GRAPHICS/SW_OSD/sw_osd_module_RTC.o
 .bss.Buffer1   0x0000000020000169       0x20 ./Src/libs/SW_GRAPHICS/fb.o
 .bss.Buffer1_Back
                0x0000000020000189       0x20 ./Src/libs/SW_GRAPHICS/fb.o
 .bss.Buffer2   0x00000000200001a9       0x20 ./Src/libs/SW_GRAPHICS/fb.o
 .bss.Buffer2_Back
                0x00000000200001c9       0x20 ./Src/libs/SW_GRAPHICS/fb.o
 *fill*         0x00000000200001e9        0x3 
 .bss.genre2    0x00000000200001ec        0x4 ./Src/libs/SW_INPUT/IR/IRMP/irmp.o
 .bss.irmp_address
                0x00000000200001f0        0x4 ./Src/libs/SW_INPUT/IR/IRMP/irmp.o
 .bss.irmp_bit  0x00000000200001f4        0x4 ./Src/libs/SW_INPUT/IR/IRMP/irmp.o
 .bss.irmp_command
                0x00000000200001f8        0x4 ./Src/libs/SW_INPUT/IR/IRMP/irmp.o
 .bss.irmp_flags
                0x00000000200001fc        0x4 ./Src/libs/SW_INPUT/IR/IRMP/irmp.o
 .bss.irmp_id   0x0000000020000200        0x4 ./Src/libs/SW_INPUT/IR/IRMP/irmp.o
 .bss.irmp_ir_detected
                0x0000000020000204        0x4 ./Src/libs/SW_INPUT/IR/IRMP/irmp.o
 .bss.irmp_param
                0x0000000020000208       0x44 ./Src/libs/SW_INPUT/IR/IRMP/irmp.o
 .bss.irmp_pause_time.5791
                0x000000002000024c        0x1 ./Src/libs/SW_INPUT/IR/IRMP/irmp.o
 *fill*         0x000000002000024d        0x3 
 .bss.irmp_protocol
                0x0000000020000250        0x4 ./Src/libs/SW_INPUT/IR/IRMP/irmp.o
 .bss.irmp_pulse_time.5790
                0x0000000020000254        0x4 ./Src/libs/SW_INPUT/IR/IRMP/irmp.o
 .bss.irmp_start_bit_detected.5787
                0x0000000020000258        0x4 ./Src/libs/SW_INPUT/IR/IRMP/irmp.o
 .bss.irmp_tmp_address
                0x000000002000025c        0x4 ./Src/libs/SW_INPUT/IR/IRMP/irmp.o
 .bss.irmp_tmp_command
                0x0000000020000260        0x4 ./Src/libs/SW_INPUT/IR/IRMP/irmp.o
 .bss.irmp_tmp_id
                0x0000000020000264        0x4 ./Src/libs/SW_INPUT/IR/IRMP/irmp.o
 .bss.key_repetition_len.5794
                0x0000000020000268        0x4 ./Src/libs/SW_INPUT/IR/IRMP/irmp.o
 .bss.repetition_frame_number.5795
                0x000000002000026c        0x4 ./Src/libs/SW_INPUT/IR/IRMP/irmp.o
 .bss.wait_for_space.5788
                0x0000000020000270        0x4 ./Src/libs/SW_INPUT/IR/IRMP/irmp.o
 .bss.wait_for_start_space.5789
                0x0000000020000274        0x4 ./Src/libs/SW_INPUT/IR/IRMP/irmp.o
 .bss.xor_check
                0x0000000020000278        0x6 ./Src/libs/SW_INPUT/IR/IRMP/irmp.o
 *fill*         0x000000002000027e        0x2 
 .bss.irDecoded_event_callback
                0x0000000020000280        0x4 ./Src/libs/SW_INPUT/IR/sw_irmanage.o
 .bss.irRepeatCounter.5815
                0x0000000020000284        0x2 ./Src/libs/SW_INPUT/IR/sw_irmanage.o
 .bss.irmpData  0x0000000020000286        0x6 ./Src/libs/SW_INPUT/IR/sw_irmanage.o
 .bss.keyAction
                0x000000002000028c        0x1 ./Src/libs/SW_INPUT/KEYBOARD/keyboard.o
 .bss.keyboard  0x000000002000028d        0x2 ./Src/libs/SW_INPUT/KEYBOARD/keyboard.o
 .bss.lastState.5421
                0x000000002000028f        0x1 ./Src/libs/SW_INPUT/KEYBOARD/keyboard.o
 .bss.repeatCounter
                0x0000000020000290        0x1 ./Src/libs/SW_INPUT/KEYBOARD/keyboard.o
 .bss.speedPressCounter
                0x0000000020000291        0x1 ./Src/libs/SW_INPUT/KEYBOARD/keyboard.o
 .bss.timeFall2Rise
                0x0000000020000292        0x2 ./Src/libs/SW_INPUT/KEYBOARD/keyboard.o
 .bss.timeFallRise
                0x0000000020000294        0x2 ./Src/libs/SW_INPUT/KEYBOARD/keyboard.o
 .bss.i2cRxBuff
                0x0000000020000296        0x8 ./Src/libs/SW_RTC/SW_RTC_DS3231/ds3231.o
 .bss.simon.4846
                0x000000002000029e        0x1 ./Src/libs/SW_RTC/SW_RTC_STM32/sw_rtc_stm32.o
 .bss.i2cErrorOcurred
                0x000000002000029f        0x1 ./Src/libs/SW_RTC/sw_i2c.o
 .bss.datetime_event_callback
                0x00000000200002a0        0x4 ./Src/libs/SW_RTC/sw_rtc_manage.o
 .bss.delayTimer
                0x00000000200002a4        0x2 ./Src/libs/SW_TIMERS/sw_soft_timers.o
 *fill*         0x00000000200002a6        0x2 
 .bss.milis     0x00000000200002a8        0x4 ./Src/libs/SW_TIMERS/sw_soft_timers.o
 *(COMMON)
 COMMON         0x00000000200002ac        0xe ./Src/libs/SW_RTC/sw_rtc_manage.o
                0x00000000200002ac                SetDateTime
                0x00000000200002b3                ShowDateTime
 *fill*         0x00000000200002ba        0x2 
 COMMON         0x00000000200002bc       0x2a ./Src/libs/SW_TIMERS/sw_soft_timers.o
                0x00000000200002bc                debounceTimer
                0x00000000200002be                repeatTimer
                0x00000000200002c0                whileTimer
                0x00000000200002c2                softTimer2
                0x00000000200002c4                fallAvgTimer
                0x00000000200002c8                pressTimer
                0x00000000200002cc                fallTimer
                0x00000000200002d0                peakTimer
                0x00000000200002d4                showMenuTimer
                0x00000000200002d6                softTimer3
                0x00000000200002d8                softTimer5
                0x00000000200002dc                riseTimer
                0x00000000200002e0                peakAvgTimer
                0x00000000200002e4                softTimer1
                0x00000000200002e8                . = ALIGN (0x4)
 *fill*         0x00000000200002e6        0x2 
                0x00000000200002e8                _ebss = .
                0x00000000200002e8                __bss_end__ = _ebss

._user_heap_stack
                0x00000000200002e8      0x600 load address 0x0000000008002d24
                0x00000000200002e8                . = ALIGN (0x8)
                [!provide]                        PROVIDE (end = .)
                [!provide]                        PROVIDE (_end = .)
                0x00000000200004e8                . = (. + _Min_Heap_Size)
 *fill*         0x00000000200002e8      0x200 
                0x00000000200008e8                . = (. + _Min_Stack_Size)
 *fill*         0x00000000200004e8      0x400 
                0x00000000200008e8                . = ALIGN (0x8)

/DISCARD/
 libc.a(*)
 libm.a(*)
 libgcc.a(*)

.ARM.attributes
                0x0000000000000000       0x28
 *(.ARM.attributes)
 .ARM.attributes
                0x0000000000000000       0x1e d:/00_programowanie/stm32cubeide_1.4.0/stm32cubeide/plugins/com.st.stm32cube.ide.mcu.externaltools.gnu-tools-for-stm32.9-2020-q2-update.win32_2.0.0.202105311346/tools/bin/../lib/gcc/arm-none-eabi/9.3.1/thumb/v6-m/nofp/crti.o
 .ARM.attributes
                0x000000000000001e       0x2c d:/00_programowanie/stm32cubeide_1.4.0/stm32cubeide/plugins/com.st.stm32cube.ide.mcu.externaltools.gnu-tools-for-stm32.9-2020-q2-update.win32_2.0.0.202105311346/tools/bin/../lib/gcc/arm-none-eabi/9.3.1/thumb/v6-m/nofp/crtbegin.o
 .ARM.attributes
                0x000000000000004a       0x2c ./Src/MiniClock_v1.2.o
 .ARM.attributes
                0x0000000000000076       0x2c ./Src/stm32f0xx_it.o
 .ARM.attributes
                0x00000000000000a2       0x2c ./Src/system_stm32f0xx.o
 .ARM.attributes
                0x00000000000000ce       0x2c ./Src/libs/STM_PERIPHS/gpio.o
 .ARM.attributes
                0x00000000000000fa       0x2c ./Src/libs/STM_PERIPHS/sw_rcc.o
 .ARM.attributes
                0x0000000000000126       0x2c ./Src/libs/STM_PERIPHS/sw_spi.v2.o
 .ARM.attributes
                0x0000000000000152       0x2c ./Src/libs/STM_PERIPHS/sw_tim.o
 .ARM.attributes
                0x000000000000017e       0x2c ./Src/libs/SW_BOARD/sw_led_blink_debug.o
 .ARM.attributes
                0x00000000000001aa       0x31 ./Src/libs/SW_GRAPHICS/SW_FONTS/Arial6pt_8_var.o
 .ARM.attributes
                0x00000000000001db       0x31 ./Src/libs/SW_GRAPHICS/SW_FONTS/ArialBoldDigits8.o
 .ARM.attributes
                0x000000000000020c       0x31 ./Src/libs/SW_GRAPHICS/SW_FONTS/MagicMatrix_3x5_numbers.o
 .ARM.attributes
                0x000000000000023d       0x31 ./Src/libs/SW_GRAPHICS/SW_FONTS/MagicMatrix_3x7_numbers.o
 .ARM.attributes
                0x000000000000026e       0x2c ./Src/libs/SW_GRAPHICS/SW_HT1632C/sw_ht3216c.o
 .ARM.attributes
                0x000000000000029a       0x2c ./Src/libs/SW_GRAPHICS/SW_OSD/sw_osd.o
 .ARM.attributes
                0x00000000000002c6       0x2c ./Src/libs/SW_GRAPHICS/SW_OSD/sw_osd_fx.o
 .ARM.attributes
                0x00000000000002f2       0x2c ./Src/libs/SW_GRAPHICS/SW_OSD/sw_osd_module_BRIGHT.o
 .ARM.attributes
                0x000000000000031e       0x2c ./Src/libs/SW_GRAPHICS/SW_OSD/sw_osd_module_RTC.o
 .ARM.attributes
                0x000000000000034a       0x2c ./Src/libs/SW_GRAPHICS/fb.o
 .ARM.attributes
                0x0000000000000376       0x2c ./Src/libs/SW_GRAPHICS/fonts_pl.o
 .ARM.attributes
                0x00000000000003a2       0x2c ./Src/libs/SW_GRAPHICS/gfx.o
 .ARM.attributes
                0x00000000000003ce       0x2c ./Src/libs/SW_GRAPHICS/text.o
 .ARM.attributes
                0x00000000000003fa       0x2c ./Src/libs/SW_INPUT/IR/IRMP/irmp.o
 .ARM.attributes
                0x0000000000000426       0x2c ./Src/libs/SW_INPUT/IR/sw_irmanage.o
 .ARM.attributes
                0x0000000000000452       0x2c ./Src/libs/SW_INPUT/KEYBOARD/keyboard.o
 .ARM.attributes
                0x000000000000047e       0x2c ./Src/libs/SW_INPUT/input.o
 .ARM.attributes
                0x00000000000004aa       0x2c ./Src/libs/SW_RTC/SW_RTC_DS3231/ds3231.o
 .ARM.attributes
                0x00000000000004d6       0x2c ./Src/libs/SW_RTC/SW_RTC_STM32/sw_rtc_stm32.o
 .ARM.attributes
                0x0000000000000502       0x2c ./Src/libs/SW_RTC/data_conv_v2.o
 .ARM.attributes
                0x000000000000052e       0x2c ./Src/libs/SW_RTC/sw_i2c.o
 .ARM.attributes
                0x000000000000055a       0x2c ./Src/libs/SW_RTC/sw_rtc_manage.o
 .ARM.attributes
                0x0000000000000586       0x2c ./Src/libs/SW_TIMERS/sw_soft_timers.o
 .ARM.attributes
                0x00000000000005b2       0x21 ./startup/startup_stm32f072xb.o
 .ARM.attributes
                0x00000000000005d3       0x2c d:/00_programowanie/stm32cubeide_1.4.0/stm32cubeide/plugins/com.st.stm32cube.ide.mcu.externaltools.gnu-tools-for-stm32.9-2020-q2-update.win32_2.0.0.202105311346/tools/bin/../lib/gcc/arm-none-eabi/9.3.1/../../../../arm-none-eabi/lib/thumb/v6-m/nofp\libc_nano.a(lib_a-init.o)
 .ARM.attributes
                0x00000000000005ff       0x2c d:/00_programowanie/stm32cubeide_1.4.0/stm32cubeide/plugins/com.st.stm32cube.ide.mcu.externaltools.gnu-tools-for-stm32.9-2020-q2-update.win32_2.0.0.202105311346/tools/bin/../lib/gcc/arm-none-eabi/9.3.1/../../../../arm-none-eabi/lib/thumb/v6-m/nofp\libc_nano.a(lib_a-itoa.o)
 .ARM.attributes
                0x000000000000062b       0x2c d:/00_programowanie/stm32cubeide_1.4.0/stm32cubeide/plugins/com.st.stm32cube.ide.mcu.externaltools.gnu-tools-for-stm32.9-2020-q2-update.win32_2.0.0.202105311346/tools/bin/../lib/gcc/arm-none-eabi/9.3.1/../../../../arm-none-eabi/lib/thumb/v6-m/nofp\libc_nano.a(lib_a-memcpy-stub.o)
 .ARM.attributes
                0x0000000000000657       0x2c d:/00_programowanie/stm32cubeide_1.4.0/stm32cubeide/plugins/com.st.stm32cube.ide.mcu.externaltools.gnu-tools-for-stm32.9-2020-q2-update.win32_2.0.0.202105311346/tools/bin/../lib/gcc/arm-none-eabi/9.3.1/../../../../arm-none-eabi/lib/thumb/v6-m/nofp\libc_nano.a(lib_a-memset.o)
 .ARM.attributes
                0x0000000000000683       0x2c d:/00_programowanie/stm32cubeide_1.4.0/stm32cubeide/plugins/com.st.stm32cube.ide.mcu.externaltools.gnu-tools-for-stm32.9-2020-q2-update.win32_2.0.0.202105311346/tools/bin/../lib/gcc/arm-none-eabi/9.3.1/../../../../arm-none-eabi/lib/thumb/v6-m/nofp\libc_nano.a(lib_a-strcat.o)
 .ARM.attributes
                0x00000000000006af       0x2c d:/00_programowanie/stm32cubeide_1.4.0/stm32cubeide/plugins/com.st.stm32cube.ide.mcu.externaltools.gnu-tools-for-stm32.9-2020-q2-update.win32_2.0.0.202105311346/tools/bin/../lib/gcc/arm-none-eabi/9.3.1/../../../../arm-none-eabi/lib/thumb/v6-m/nofp\libc_nano.a(lib_a-utoa.o)
 .ARM.attributes
                0x00000000000006db       0x1e d:/00_programowanie/stm32cubeide_1.4.0/stm32cubeide/plugins/com.st.stm32cube.ide.mcu.externaltools.gnu-tools-for-stm32.9-2020-q2-update.win32_2.0.0.202105311346/tools/bin/../lib/gcc/arm-none-eabi/9.3.1/thumb/v6-m/nofp\libgcc.a(_thumb1_case_uqi.o)
 .ARM.attributes
                0x00000000000006f9       0x1e d:/00_programowanie/stm32cubeide_1.4.0/stm32cubeide/plugins/com.st.stm32cube.ide.mcu.externaltools.gnu-tools-for-stm32.9-2020-q2-update.win32_2.0.0.202105311346/tools/bin/../lib/gcc/arm-none-eabi/9.3.1/thumb/v6-m/nofp\libgcc.a(_udivsi3.o)
 .ARM.attributes
                0x0000000000000717       0x1e d:/00_programowanie/stm32cubeide_1.4.0/stm32cubeide/plugins/com.st.stm32cube.ide.mcu.externaltools.gnu-tools-for-stm32.9-2020-q2-update.win32_2.0.0.202105311346/tools/bin/../lib/gcc/arm-none-eabi/9.3.1/thumb/v6-m/nofp\libgcc.a(_dvmd_tls.o)
 .ARM.attributes
                0x0000000000000735       0x1e d:/00_programowanie/stm32cubeide_1.4.0/stm32cubeide/plugins/com.st.stm32cube.ide.mcu.externaltools.gnu-tools-for-stm32.9-2020-q2-update.win32_2.0.0.202105311346/tools/bin/../lib/gcc/arm-none-eabi/9.3.1/thumb/v6-m/nofp\libgcc.a(_ctzsi2.o)
 .ARM.attributes
                0x0000000000000753       0x1e d:/00_programowanie/stm32cubeide_1.4.0/stm32cubeide/plugins/com.st.stm32cube.ide.mcu.externaltools.gnu-tools-for-stm32.9-2020-q2-update.win32_2.0.0.202105311346/tools/bin/../lib/gcc/arm-none-eabi/9.3.1/thumb/v6-m/nofp/crtn.o
OUTPUT(STM32F072C8Tx_CID_REG_MiniClock_v1.2.elf elf32-littlearm)
LOAD linker stubs
LOAD d:/00_programowanie/stm32cubeide_1.4.0/stm32cubeide/plugins/com.st.stm32cube.ide.mcu.externaltools.gnu-tools-for-stm32.9-2020-q2-update.win32_2.0.0.202105311346/tools/bin/../lib/gcc/arm-none-eabi/9.3.1/../../../../arm-none-eabi/lib/thumb/v6-m/nofp\libc.a
LOAD d:/00_programowanie/stm32cubeide_1.4.0/stm32cubeide/plugins/com.st.stm32cube.ide.mcu.externaltools.gnu-tools-for-stm32.9-2020-q2-update.win32_2.0.0.202105311346/tools/bin/../lib/gcc/arm-none-eabi/9.3.1/../../../../arm-none-eabi/lib/thumb/v6-m/nofp\libm.a
LOAD d:/00_programowanie/stm32cubeide_1.4.0/stm32cubeide/plugins/com.st.stm32cube.ide.mcu.externaltools.gnu-tools-for-stm32.9-2020-q2-update.win32_2.0.0.202105311346/tools/bin/../lib/gcc/arm-none-eabi/9.3.1/thumb/v6-m/nofp\libgcc.a

.debug_info     0x0000000000000000    0x1e119
 .debug_info    0x0000000000000000     0x2684 ./Src/MiniClock_v1.2.o
 .debug_info    0x0000000000002684      0x12d ./Src/stm32f0xx_it.o
 .debug_info    0x00000000000027b1      0x27b ./Src/system_stm32f0xx.o
 .debug_info    0x0000000000002a2c     0x118b ./Src/libs/STM_PERIPHS/gpio.o
 .debug_info    0x0000000000003bb7      0x45a ./Src/libs/STM_PERIPHS/sw_rcc.o
 .debug_info    0x0000000000004011     0x17e6 ./Src/libs/STM_PERIPHS/sw_spi.v2.o
 .debug_info    0x00000000000057f7      0x794 ./Src/libs/STM_PERIPHS/sw_tim.o
 .debug_info    0x0000000000005f8b     0x1174 ./Src/libs/SW_BOARD/sw_led_blink_debug.o
 .debug_info    0x00000000000070ff      0xb82 ./Src/libs/SW_GRAPHICS/SW_FONTS/Arial6pt_8_var.o
 .debug_info    0x0000000000007c81      0xb7f ./Src/libs/SW_GRAPHICS/SW_FONTS/ArialBoldDigits8.o
 .debug_info    0x0000000000008800      0xb7e ./Src/libs/SW_GRAPHICS/SW_FONTS/MagicMatrix_3x5_numbers.o
 .debug_info    0x000000000000937e      0xb7f ./Src/libs/SW_GRAPHICS/SW_FONTS/MagicMatrix_3x7_numbers.o
 .debug_info    0x0000000000009efd     0x23da ./Src/libs/SW_GRAPHICS/SW_HT1632C/sw_ht3216c.o
 .debug_info    0x000000000000c2d7      0xf1e ./Src/libs/SW_GRAPHICS/SW_OSD/sw_osd.o
 .debug_info    0x000000000000d1f5     0x11e1 ./Src/libs/SW_GRAPHICS/SW_OSD/sw_osd_fx.o
 .debug_info    0x000000000000e3d6     0x114a ./Src/libs/SW_GRAPHICS/SW_OSD/sw_osd_module_BRIGHT.o
 .debug_info    0x000000000000f520     0x1921 ./Src/libs/SW_GRAPHICS/SW_OSD/sw_osd_module_RTC.o
 .debug_info    0x0000000000010e41      0xd28 ./Src/libs/SW_GRAPHICS/fb.o
 .debug_info    0x0000000000011b69      0x1e2 ./Src/libs/SW_GRAPHICS/fonts_pl.o
 .debug_info    0x0000000000011d4b     0x131f ./Src/libs/SW_GRAPHICS/gfx.o
 .debug_info    0x000000000001306a     0x1bf9 ./Src/libs/SW_GRAPHICS/text.o
 .debug_info    0x0000000000014c63     0x11e3 ./Src/libs/SW_INPUT/IR/IRMP/irmp.o
 .debug_info    0x0000000000015e46     0x126b ./Src/libs/SW_INPUT/IR/sw_irmanage.o
 .debug_info    0x00000000000170b1     0x153f ./Src/libs/SW_INPUT/KEYBOARD/keyboard.o
 .debug_info    0x00000000000185f0      0x303 ./Src/libs/SW_INPUT/input.o
 .debug_info    0x00000000000188f3     0x16f2 ./Src/libs/SW_RTC/SW_RTC_DS3231/ds3231.o
 .debug_info    0x0000000000019fe5      0x667 ./Src/libs/SW_RTC/SW_RTC_STM32/sw_rtc_stm32.o
 .debug_info    0x000000000001a64c      0x190 ./Src/libs/SW_RTC/data_conv_v2.o
 .debug_info    0x000000000001a7dc     0x201b ./Src/libs/SW_RTC/sw_i2c.o
 .debug_info    0x000000000001c7f7     0x11f0 ./Src/libs/SW_RTC/sw_rtc_manage.o
 .debug_info    0x000000000001d9e7      0x710 ./Src/libs/SW_TIMERS/sw_soft_timers.o
 .debug_info    0x000000000001e0f7       0x22 ./startup/startup_stm32f072xb.o

.debug_abbrev   0x0000000000000000     0x486b
 .debug_abbrev  0x0000000000000000      0x369 ./Src/MiniClock_v1.2.o
 .debug_abbrev  0x0000000000000369       0xb6 ./Src/stm32f0xx_it.o
 .debug_abbrev  0x000000000000041f      0x11c ./Src/system_stm32f0xx.o
 .debug_abbrev  0x000000000000053b      0x1b2 ./Src/libs/STM_PERIPHS/gpio.o
 .debug_abbrev  0x00000000000006ed      0x196 ./Src/libs/STM_PERIPHS/sw_rcc.o
 .debug_abbrev  0x0000000000000883      0x2c9 ./Src/libs/STM_PERIPHS/sw_spi.v2.o
 .debug_abbrev  0x0000000000000b4c      0x1b4 ./Src/libs/STM_PERIPHS/sw_tim.o
 .debug_abbrev  0x0000000000000d00      0x1f3 ./Src/libs/SW_BOARD/sw_led_blink_debug.o
 .debug_abbrev  0x0000000000000ef3      0x1b4 ./Src/libs/SW_GRAPHICS/SW_FONTS/Arial6pt_8_var.o
 .debug_abbrev  0x00000000000010a7      0x198 ./Src/libs/SW_GRAPHICS/SW_FONTS/ArialBoldDigits8.o
 .debug_abbrev  0x000000000000123f      0x196 ./Src/libs/SW_GRAPHICS/SW_FONTS/MagicMatrix_3x5_numbers.o
 .debug_abbrev  0x00000000000013d5      0x198 ./Src/libs/SW_GRAPHICS/SW_FONTS/MagicMatrix_3x7_numbers.o
 .debug_abbrev  0x000000000000156d      0x3de ./Src/libs/SW_GRAPHICS/SW_HT1632C/sw_ht3216c.o
 .debug_abbrev  0x000000000000194b      0x27e ./Src/libs/SW_GRAPHICS/SW_OSD/sw_osd.o
 .debug_abbrev  0x0000000000001bc9      0x303 ./Src/libs/SW_GRAPHICS/SW_OSD/sw_osd_fx.o
 .debug_abbrev  0x0000000000001ecc      0x2a7 ./Src/libs/SW_GRAPHICS/SW_OSD/sw_osd_module_BRIGHT.o
 .debug_abbrev  0x0000000000002173      0x3aa ./Src/libs/SW_GRAPHICS/SW_OSD/sw_osd_module_RTC.o
 .debug_abbrev  0x000000000000251d      0x265 ./Src/libs/SW_GRAPHICS/fb.o
 .debug_abbrev  0x0000000000002782       0xe0 ./Src/libs/SW_GRAPHICS/fonts_pl.o
 .debug_abbrev  0x0000000000002862      0x291 ./Src/libs/SW_GRAPHICS/gfx.o
 .debug_abbrev  0x0000000000002af3      0x4f0 ./Src/libs/SW_GRAPHICS/text.o
 .debug_abbrev  0x0000000000002fe3      0x2f7 ./Src/libs/SW_INPUT/IR/IRMP/irmp.o
 .debug_abbrev  0x00000000000032da      0x35b ./Src/libs/SW_INPUT/IR/sw_irmanage.o
 .debug_abbrev  0x0000000000003635      0x2fc ./Src/libs/SW_INPUT/KEYBOARD/keyboard.o
 .debug_abbrev  0x0000000000003931      0x102 ./Src/libs/SW_INPUT/input.o
 .debug_abbrev  0x0000000000003a33      0x2c3 ./Src/libs/SW_RTC/SW_RTC_DS3231/ds3231.o
 .debug_abbrev  0x0000000000003cf6      0x1a0 ./Src/libs/SW_RTC/SW_RTC_STM32/sw_rtc_stm32.o
 .debug_abbrev  0x0000000000003e96       0xde ./Src/libs/SW_RTC/data_conv_v2.o
 .debug_abbrev  0x0000000000003f74      0x3db ./Src/libs/SW_RTC/sw_i2c.o
 .debug_abbrev  0x000000000000434f      0x2c0 ./Src/libs/SW_RTC/sw_rtc_manage.o
 .debug_abbrev  0x000000000000460f      0x24a ./Src/libs/SW_TIMERS/sw_soft_timers.o
 .debug_abbrev  0x0000000000004859       0x12 ./startup/startup_stm32f072xb.o

.debug_loc      0x0000000000000000     0x3a20
 .debug_loc     0x0000000000000000       0x65 ./Src/MiniClock_v1.2.o
 .debug_loc     0x0000000000000065      0x105 ./Src/system_stm32f0xx.o
 .debug_loc     0x000000000000016a      0x328 ./Src/libs/STM_PERIPHS/gpio.o
 .debug_loc     0x0000000000000492       0xb8 ./Src/libs/STM_PERIPHS/sw_rcc.o
 .debug_loc     0x000000000000054a      0x459 ./Src/libs/STM_PERIPHS/sw_spi.v2.o
 .debug_loc     0x00000000000009a3      0x10b ./Src/libs/STM_PERIPHS/sw_tim.o
 .debug_loc     0x0000000000000aae      0x158 ./Src/libs/SW_GRAPHICS/SW_HT1632C/sw_ht3216c.o
 .debug_loc     0x0000000000000c06       0x25 ./Src/libs/SW_GRAPHICS/SW_OSD/sw_osd.o
 .debug_loc     0x0000000000000c2b       0xb4 ./Src/libs/SW_GRAPHICS/SW_OSD/sw_osd_fx.o
 .debug_loc     0x0000000000000cdf       0xbd ./Src/libs/SW_GRAPHICS/SW_OSD/sw_osd_module_BRIGHT.o
 .debug_loc     0x0000000000000d9c      0x3b2 ./Src/libs/SW_GRAPHICS/SW_OSD/sw_osd_module_RTC.o
 .debug_loc     0x000000000000114e      0x157 ./Src/libs/SW_GRAPHICS/fb.o
 .debug_loc     0x00000000000012a5      0x14c ./Src/libs/SW_GRAPHICS/fonts_pl.o
 .debug_loc     0x00000000000013f1      0x780 ./Src/libs/SW_GRAPHICS/gfx.o
 .debug_loc     0x0000000000001b71      0xd99 ./Src/libs/SW_GRAPHICS/text.o
 .debug_loc     0x000000000000290a      0x22c ./Src/libs/SW_INPUT/IR/IRMP/irmp.o
 .debug_loc     0x0000000000002b36       0x66 ./Src/libs/SW_INPUT/IR/sw_irmanage.o
 .debug_loc     0x0000000000002b9c      0x333 ./Src/libs/SW_INPUT/KEYBOARD/keyboard.o
 .debug_loc     0x0000000000002ecf       0x15 ./Src/libs/SW_INPUT/input.o
 .debug_loc     0x0000000000002ee4      0x185 ./Src/libs/SW_RTC/SW_RTC_DS3231/ds3231.o
 .debug_loc     0x0000000000003069      0x241 ./Src/libs/SW_RTC/SW_RTC_STM32/sw_rtc_stm32.o
 .debug_loc     0x00000000000032aa       0x92 ./Src/libs/SW_RTC/data_conv_v2.o
 .debug_loc     0x000000000000333c      0x38a ./Src/libs/SW_RTC/sw_i2c.o
 .debug_loc     0x00000000000036c6      0x2ad ./Src/libs/SW_RTC/sw_rtc_manage.o
 .debug_loc     0x0000000000003973       0xad ./Src/libs/SW_TIMERS/sw_soft_timers.o

.debug_aranges  0x0000000000000000      0x738
 .debug_aranges
                0x0000000000000000       0x30 ./Src/MiniClock_v1.2.o
 .debug_aranges
                0x0000000000000030       0x28 ./Src/stm32f0xx_it.o
 .debug_aranges
                0x0000000000000058       0x28 ./Src/system_stm32f0xx.o
 .debug_aranges
                0x0000000000000080       0x50 ./Src/libs/STM_PERIPHS/gpio.o
 .debug_aranges
                0x00000000000000d0       0x20 ./Src/libs/STM_PERIPHS/sw_rcc.o
 .debug_aranges
                0x00000000000000f0       0x40 ./Src/libs/STM_PERIPHS/sw_spi.v2.o
 .debug_aranges
                0x0000000000000130       0x28 ./Src/libs/STM_PERIPHS/sw_tim.o
 .debug_aranges
                0x0000000000000158       0x50 ./Src/libs/SW_BOARD/sw_led_blink_debug.o
 .debug_aranges
                0x00000000000001a8       0x18 ./Src/libs/SW_GRAPHICS/SW_FONTS/Arial6pt_8_var.o
 .debug_aranges
                0x00000000000001c0       0x18 ./Src/libs/SW_GRAPHICS/SW_FONTS/ArialBoldDigits8.o
 .debug_aranges
                0x00000000000001d8       0x18 ./Src/libs/SW_GRAPHICS/SW_FONTS/MagicMatrix_3x5_numbers.o
 .debug_aranges
                0x00000000000001f0       0x18 ./Src/libs/SW_GRAPHICS/SW_FONTS/MagicMatrix_3x7_numbers.o
 .debug_aranges
                0x0000000000000208       0x58 ./Src/libs/SW_GRAPHICS/SW_HT1632C/sw_ht3216c.o
 .debug_aranges
                0x0000000000000260       0x38 ./Src/libs/SW_GRAPHICS/SW_OSD/sw_osd.o
 .debug_aranges
                0x0000000000000298       0x30 ./Src/libs/SW_GRAPHICS/SW_OSD/sw_osd_fx.o
 .debug_aranges
                0x00000000000002c8       0x38 ./Src/libs/SW_GRAPHICS/SW_OSD/sw_osd_module_BRIGHT.o
 .debug_aranges
                0x0000000000000300       0x40 ./Src/libs/SW_GRAPHICS/SW_OSD/sw_osd_module_RTC.o
 .debug_aranges
                0x0000000000000340       0x48 ./Src/libs/SW_GRAPHICS/fb.o
 .debug_aranges
                0x0000000000000388       0x20 ./Src/libs/SW_GRAPHICS/fonts_pl.o
 .debug_aranges
                0x00000000000003a8       0x50 ./Src/libs/SW_GRAPHICS/gfx.o
 .debug_aranges
                0x00000000000003f8       0x60 ./Src/libs/SW_GRAPHICS/text.o
 .debug_aranges
                0x0000000000000458       0x38 ./Src/libs/SW_INPUT/IR/IRMP/irmp.o
 .debug_aranges
                0x0000000000000490       0x40 ./Src/libs/SW_INPUT/IR/sw_irmanage.o
 .debug_aranges
                0x00000000000004d0       0x30 ./Src/libs/SW_INPUT/KEYBOARD/keyboard.o
 .debug_aranges
                0x0000000000000500       0x38 ./Src/libs/SW_INPUT/input.o
 .debug_aranges
                0x0000000000000538       0x50 ./Src/libs/SW_RTC/SW_RTC_DS3231/ds3231.o
 .debug_aranges
                0x0000000000000588       0x70 ./Src/libs/SW_RTC/SW_RTC_STM32/sw_rtc_stm32.o
 .debug_aranges
                0x00000000000005f8       0x30 ./Src/libs/SW_RTC/data_conv_v2.o
 .debug_aranges
                0x0000000000000628       0x50 ./Src/libs/SW_RTC/sw_i2c.o
 .debug_aranges
                0x0000000000000678       0x60 ./Src/libs/SW_RTC/sw_rtc_manage.o
 .debug_aranges
                0x00000000000006d8       0x38 ./Src/libs/SW_TIMERS/sw_soft_timers.o
 .debug_aranges
                0x0000000000000710       0x28 ./startup/startup_stm32f072xb.o

.debug_ranges   0x0000000000000000      0xbb0
 .debug_ranges  0x0000000000000000       0x70 ./Src/MiniClock_v1.2.o
 .debug_ranges  0x0000000000000070       0x18 ./Src/stm32f0xx_it.o
 .debug_ranges  0x0000000000000088       0x18 ./Src/system_stm32f0xx.o
 .debug_ranges  0x00000000000000a0       0x40 ./Src/libs/STM_PERIPHS/gpio.o
 .debug_ranges  0x00000000000000e0       0x28 ./Src/libs/STM_PERIPHS/sw_rcc.o
 .debug_ranges  0x0000000000000108       0xd8 ./Src/libs/STM_PERIPHS/sw_spi.v2.o
 .debug_ranges  0x00000000000001e0       0xf8 ./Src/libs/STM_PERIPHS/sw_tim.o
 .debug_ranges  0x00000000000002d8       0x60 ./Src/libs/SW_BOARD/sw_led_blink_debug.o
 .debug_ranges  0x0000000000000338      0x100 ./Src/libs/SW_GRAPHICS/SW_HT1632C/sw_ht3216c.o
 .debug_ranges  0x0000000000000438       0x28 ./Src/libs/SW_GRAPHICS/SW_OSD/sw_osd.o
 .debug_ranges  0x0000000000000460       0x20 ./Src/libs/SW_GRAPHICS/SW_OSD/sw_osd_fx.o
 .debug_ranges  0x0000000000000480       0x40 ./Src/libs/SW_GRAPHICS/SW_OSD/sw_osd_module_BRIGHT.o
 .debug_ranges  0x00000000000004c0       0x78 ./Src/libs/SW_GRAPHICS/SW_OSD/sw_osd_module_RTC.o
 .debug_ranges  0x0000000000000538       0x38 ./Src/libs/SW_GRAPHICS/fb.o
 .debug_ranges  0x0000000000000570       0x50 ./Src/libs/SW_GRAPHICS/fonts_pl.o
 .debug_ranges  0x00000000000005c0       0xa0 ./Src/libs/SW_GRAPHICS/gfx.o
 .debug_ranges  0x0000000000000660       0xd0 ./Src/libs/SW_GRAPHICS/text.o
 .debug_ranges  0x0000000000000730       0x68 ./Src/libs/SW_INPUT/IR/IRMP/irmp.o
 .debug_ranges  0x0000000000000798       0x70 ./Src/libs/SW_INPUT/IR/sw_irmanage.o
 .debug_ranges  0x0000000000000808      0x110 ./Src/libs/SW_INPUT/KEYBOARD/keyboard.o
 .debug_ranges  0x0000000000000918       0x28 ./Src/libs/SW_INPUT/input.o
 .debug_ranges  0x0000000000000940       0x40 ./Src/libs/SW_RTC/SW_RTC_DS3231/ds3231.o
 .debug_ranges  0x0000000000000980       0xb0 ./Src/libs/SW_RTC/SW_RTC_STM32/sw_rtc_stm32.o
 .debug_ranges  0x0000000000000a30       0x20 ./Src/libs/SW_RTC/data_conv_v2.o
 .debug_ranges  0x0000000000000a50       0x90 ./Src/libs/SW_RTC/sw_i2c.o
 .debug_ranges  0x0000000000000ae0       0x50 ./Src/libs/SW_RTC/sw_rtc_manage.o
 .debug_ranges  0x0000000000000b30       0x60 ./Src/libs/SW_TIMERS/sw_soft_timers.o
 .debug_ranges  0x0000000000000b90       0x20 ./startup/startup_stm32f072xb.o

.debug_macro    0x0000000000000000    0x17774
 .debug_macro   0x0000000000000000      0x2e5 ./Src/MiniClock_v1.2.o
 .debug_macro   0x00000000000002e5      0xa90 ./Src/MiniClock_v1.2.o
 .debug_macro   0x0000000000000d75       0x10 ./Src/MiniClock_v1.2.o
 .debug_macro   0x0000000000000d85       0x2e ./Src/MiniClock_v1.2.o
 .debug_macro   0x0000000000000db3       0x22 ./Src/MiniClock_v1.2.o
 .debug_macro   0x0000000000000dd5       0x22 ./Src/MiniClock_v1.2.o
 .debug_macro   0x0000000000000df7       0x8e ./Src/MiniClock_v1.2.o
 .debug_macro   0x0000000000000e85       0x51 ./Src/MiniClock_v1.2.o
 .debug_macro   0x0000000000000ed6      0x103 ./Src/MiniClock_v1.2.o
 .debug_macro   0x0000000000000fd9       0x6a ./Src/MiniClock_v1.2.o
 .debug_macro   0x0000000000001043      0x1df ./Src/MiniClock_v1.2.o
 .debug_macro   0x0000000000001222       0x34 ./Src/MiniClock_v1.2.o
 .debug_macro   0x0000000000001256       0x26 ./Src/MiniClock_v1.2.o
 .debug_macro   0x000000000000127c      0x30d ./Src/MiniClock_v1.2.o
 .debug_macro   0x0000000000001589     0xfe50 ./Src/MiniClock_v1.2.o
 .debug_macro   0x00000000000113d9       0x3c ./Src/MiniClock_v1.2.o
 .debug_macro   0x0000000000011415       0x22 ./Src/MiniClock_v1.2.o
 .debug_macro   0x0000000000011437       0x46 ./Src/MiniClock_v1.2.o
 .debug_macro   0x000000000001147d       0x2e ./Src/MiniClock_v1.2.o
 .debug_macro   0x00000000000114ab       0x4c ./Src/MiniClock_v1.2.o
 .debug_macro   0x00000000000114f7       0x40 ./Src/MiniClock_v1.2.o
 .debug_macro   0x0000000000011537       0xf4 ./Src/MiniClock_v1.2.o
 .debug_macro   0x000000000001162b       0x52 ./Src/MiniClock_v1.2.o
 .debug_macro   0x000000000001167d       0x18 ./Src/MiniClock_v1.2.o
 .debug_macro   0x0000000000011695       0x3c ./Src/MiniClock_v1.2.o
 .debug_macro   0x00000000000116d1       0x34 ./Src/MiniClock_v1.2.o
 .debug_macro   0x0000000000011705      0x174 ./Src/MiniClock_v1.2.o
 .debug_macro   0x0000000000011879       0x16 ./Src/MiniClock_v1.2.o
 .debug_macro   0x000000000001188f       0x43 ./Src/MiniClock_v1.2.o
 .debug_macro   0x00000000000118d2       0x34 ./Src/MiniClock_v1.2.o
 .debug_macro   0x0000000000011906       0x10 ./Src/MiniClock_v1.2.o
 .debug_macro   0x0000000000011916       0x58 ./Src/MiniClock_v1.2.o
 .debug_macro   0x000000000001196e       0x71 ./Src/MiniClock_v1.2.o
 .debug_macro   0x00000000000119df       0x1c ./Src/MiniClock_v1.2.o
 .debug_macro   0x00000000000119fb      0x12a ./Src/MiniClock_v1.2.o
 .debug_macro   0x0000000000011b25      0x339 ./Src/MiniClock_v1.2.o
 .debug_macro   0x0000000000011e5e       0x10 ./Src/MiniClock_v1.2.o
 .debug_macro   0x0000000000011e6e       0x35 ./Src/MiniClock_v1.2.o
 .debug_macro   0x0000000000011ea3       0x20 ./Src/MiniClock_v1.2.o
 .debug_macro   0x0000000000011ec3       0x12 ./Src/MiniClock_v1.2.o
 .debug_macro   0x0000000000011ed5       0x12 ./Src/MiniClock_v1.2.o
 .debug_macro   0x0000000000011ee7      0x1a9 ./Src/MiniClock_v1.2.o
 .debug_macro   0x0000000000012090       0xe4 ./Src/MiniClock_v1.2.o
 .debug_macro   0x0000000000012174       0x34 ./Src/MiniClock_v1.2.o
 .debug_macro   0x00000000000121a8       0x16 ./Src/MiniClock_v1.2.o
 .debug_macro   0x00000000000121be       0x16 ./Src/MiniClock_v1.2.o
 .debug_macro   0x00000000000121d4       0x29 ./Src/MiniClock_v1.2.o
 .debug_macro   0x00000000000121fd       0x22 ./Src/MiniClock_v1.2.o
 .debug_macro   0x000000000001221f       0x22 ./Src/MiniClock_v1.2.o
 .debug_macro   0x0000000000012241       0x1c ./Src/MiniClock_v1.2.o
 .debug_macro   0x000000000001225d       0x58 ./Src/MiniClock_v1.2.o
 .debug_macro   0x00000000000122b5       0x70 ./Src/MiniClock_v1.2.o
 .debug_macro   0x0000000000012325       0x28 ./Src/MiniClock_v1.2.o
 .debug_macro   0x000000000001234d       0x16 ./Src/MiniClock_v1.2.o
 .debug_macro   0x0000000000012363       0x28 ./Src/MiniClock_v1.2.o
 .debug_macro   0x000000000001238b       0x5e ./Src/MiniClock_v1.2.o
 .debug_macro   0x00000000000123e9       0xc9 ./Src/stm32f0xx_it.o
 .debug_macro   0x00000000000124b2       0xd1 ./Src/system_stm32f0xx.o
 .debug_macro   0x0000000000012583       0xed ./Src/libs/STM_PERIPHS/gpio.o
 .debug_macro   0x0000000000012670       0xd1 ./Src/libs/STM_PERIPHS/sw_rcc.o
 .debug_macro   0x0000000000012741      0x113 ./Src/libs/STM_PERIPHS/sw_spi.v2.o
 .debug_macro   0x0000000000012854       0xf2 ./Src/libs/STM_PERIPHS/sw_tim.o
 .debug_macro   0x0000000000012946      0x10e ./Src/libs/SW_BOARD/sw_led_blink_debug.o
 .debug_macro   0x0000000000012a54      0x13d ./Src/libs/SW_GRAPHICS/SW_FONTS/Arial6pt_8_var.o
 .debug_macro   0x0000000000012b91       0x4c ./Src/libs/SW_GRAPHICS/SW_FONTS/Arial6pt_8_var.o
 .debug_macro   0x0000000000012bdd       0x94 ./Src/libs/SW_GRAPHICS/SW_FONTS/Arial6pt_8_var.o
 .debug_macro   0x0000000000012c71      0x10e ./Src/libs/SW_GRAPHICS/SW_FONTS/Arial6pt_8_var.o
 .debug_macro   0x0000000000012d7f       0x8d ./Src/libs/SW_GRAPHICS/SW_FONTS/Arial6pt_8_var.o
 .debug_macro   0x0000000000012e0c       0x57 ./Src/libs/SW_GRAPHICS/SW_FONTS/Arial6pt_8_var.o
 .debug_macro   0x0000000000012e63      0x13d ./Src/libs/SW_GRAPHICS/SW_FONTS/ArialBoldDigits8.o
 .debug_macro   0x0000000000012fa0      0x13d ./Src/libs/SW_GRAPHICS/SW_FONTS/MagicMatrix_3x5_numbers.o
 .debug_macro   0x00000000000130dd      0x13d ./Src/libs/SW_GRAPHICS/SW_FONTS/MagicMatrix_3x7_numbers.o
 .debug_macro   0x000000000001321a      0x23e ./Src/libs/SW_GRAPHICS/SW_HT1632C/sw_ht3216c.o
 .debug_macro   0x0000000000013458      0x27e ./Src/libs/SW_GRAPHICS/SW_OSD/sw_osd.o
 .debug_macro   0x00000000000136d6       0x1c ./Src/libs/SW_GRAPHICS/SW_OSD/sw_osd.o
 .debug_macro   0x00000000000136f2       0x3a ./Src/libs/SW_GRAPHICS/SW_OSD/sw_osd.o
 .debug_macro   0x000000000001372c      0x29d ./Src/libs/SW_GRAPHICS/SW_OSD/sw_osd_fx.o
 .debug_macro   0x00000000000139c9      0x261 ./Src/libs/SW_GRAPHICS/SW_OSD/sw_osd_module_BRIGHT.o
 .debug_macro   0x0000000000013c2a      0x29a ./Src/libs/SW_GRAPHICS/SW_OSD/sw_osd_module_RTC.o
 .debug_macro   0x0000000000013ec4      0x227 ./Src/libs/SW_GRAPHICS/fb.o
 .debug_macro   0x00000000000140eb       0x7b ./Src/libs/SW_GRAPHICS/fonts_pl.o
 .debug_macro   0x0000000000014166      0x1fd ./Src/libs/SW_GRAPHICS/gfx.o
 .debug_macro   0x0000000000014363      0x292 ./Src/libs/SW_GRAPHICS/text.o
 .debug_macro   0x00000000000145f5      0xe0a ./Src/libs/SW_INPUT/IR/IRMP/irmp.o
 .debug_macro   0x00000000000153ff       0x10 ./Src/libs/SW_INPUT/IR/IRMP/irmp.o
 .debug_macro   0x000000000001540f       0x27 ./Src/libs/SW_INPUT/IR/IRMP/irmp.o
 .debug_macro   0x0000000000015436      0x15a ./Src/libs/SW_INPUT/IR/IRMP/irmp.o
 .debug_macro   0x0000000000015590       0x46 ./Src/libs/SW_INPUT/IR/IRMP/irmp.o
 .debug_macro   0x00000000000155d6     0x130d ./Src/libs/SW_INPUT/IR/IRMP/irmp.o
 .debug_macro   0x00000000000168e3      0x22b ./Src/libs/SW_INPUT/IR/sw_irmanage.o
 .debug_macro   0x0000000000016b0e       0x16 ./Src/libs/SW_INPUT/IR/sw_irmanage.o
 .debug_macro   0x0000000000016b24       0x19 ./Src/libs/SW_INPUT/IR/sw_irmanage.o
 .debug_macro   0x0000000000016b3d       0x82 ./Src/libs/SW_INPUT/IR/sw_irmanage.o
 .debug_macro   0x0000000000016bbf      0x122 ./Src/libs/SW_INPUT/KEYBOARD/keyboard.o
 .debug_macro   0x0000000000016ce1       0x4c ./Src/libs/SW_INPUT/KEYBOARD/keyboard.o
 .debug_macro   0x0000000000016d2d       0x52 ./Src/libs/SW_INPUT/KEYBOARD/keyboard.o
 .debug_macro   0x0000000000016d7f      0x121 ./Src/libs/SW_INPUT/input.o
 .debug_macro   0x0000000000016ea0      0x121 ./Src/libs/SW_RTC/SW_RTC_DS3231/ds3231.o
 .debug_macro   0x0000000000016fc1       0x52 ./Src/libs/SW_RTC/SW_RTC_DS3231/ds3231.o
 .debug_macro   0x0000000000017013       0x46 ./Src/libs/SW_RTC/SW_RTC_DS3231/ds3231.o
 .debug_macro   0x0000000000017059       0xe4 ./Src/libs/SW_RTC/SW_RTC_STM32/sw_rtc_stm32.o
 .debug_macro   0x000000000001713d       0x3a ./Src/libs/SW_RTC/SW_RTC_STM32/sw_rtc_stm32.o
 .debug_macro   0x0000000000017177       0xd1 ./Src/libs/SW_RTC/data_conv_v2.o
 .debug_macro   0x0000000000017248      0x1c3 ./Src/libs/SW_RTC/sw_i2c.o
 .debug_macro   0x000000000001740b      0x277 ./Src/libs/SW_RTC/sw_rtc_manage.o
 .debug_macro   0x0000000000017682       0xf2 ./Src/libs/SW_TIMERS/sw_soft_timers.o

.debug_line     0x0000000000000000    0x12d12
 .debug_line    0x0000000000000000      0xc30 ./Src/MiniClock_v1.2.o
 .debug_line    0x0000000000000c30      0x604 ./Src/stm32f0xx_it.o
 .debug_line    0x0000000000001234      0x693 ./Src/system_stm32f0xx.o
 .debug_line    0x00000000000018c7      0x836 ./Src/libs/STM_PERIPHS/gpio.o
 .debug_line    0x00000000000020fd      0x6dd ./Src/libs/STM_PERIPHS/sw_rcc.o
 .debug_line    0x00000000000027da      0xb47 ./Src/libs/STM_PERIPHS/sw_spi.v2.o
 .debug_line    0x0000000000003321      0x778 ./Src/libs/STM_PERIPHS/sw_tim.o
 .debug_line    0x0000000000003a99      0x840 ./Src/libs/SW_BOARD/sw_led_blink_debug.o
 .debug_line    0x00000000000042d9      0x676 ./Src/libs/SW_GRAPHICS/SW_FONTS/Arial6pt_8_var.o
 .debug_line    0x000000000000494f      0x678 ./Src/libs/SW_GRAPHICS/SW_FONTS/ArialBoldDigits8.o
 .debug_line    0x0000000000004fc7      0x67f ./Src/libs/SW_GRAPHICS/SW_FONTS/MagicMatrix_3x5_numbers.o
 .debug_line    0x0000000000005646      0x67f ./Src/libs/SW_GRAPHICS/SW_FONTS/MagicMatrix_3x7_numbers.o
 .debug_line    0x0000000000005cc5      0xcb2 ./Src/libs/SW_GRAPHICS/SW_HT1632C/sw_ht3216c.o
 .debug_line    0x0000000000006977      0xa58 ./Src/libs/SW_GRAPHICS/SW_OSD/sw_osd.o
 .debug_line    0x00000000000073cf      0xaea ./Src/libs/SW_GRAPHICS/SW_OSD/sw_osd_fx.o
 .debug_line    0x0000000000007eb9      0xaaf ./Src/libs/SW_GRAPHICS/SW_OSD/sw_osd_module_BRIGHT.o
 .debug_line    0x0000000000008968      0xd54 ./Src/libs/SW_GRAPHICS/SW_OSD/sw_osd_module_RTC.o
 .debug_line    0x00000000000096bc      0xa6d ./Src/libs/SW_GRAPHICS/fb.o
 .debug_line    0x000000000000a129      0x495 ./Src/libs/SW_GRAPHICS/fonts_pl.o
 .debug_line    0x000000000000a5be      0xc33 ./Src/libs/SW_GRAPHICS/gfx.o
 .debug_line    0x000000000000b1f1      0xf77 ./Src/libs/SW_GRAPHICS/text.o
 .debug_line    0x000000000000c168     0x1170 ./Src/libs/SW_INPUT/IR/IRMP/irmp.o
 .debug_line    0x000000000000d2d8      0xb78 ./Src/libs/SW_INPUT/IR/sw_irmanage.o
 .debug_line    0x000000000000de50      0xae6 ./Src/libs/SW_INPUT/KEYBOARD/keyboard.o
 .debug_line    0x000000000000e936      0x7ce ./Src/libs/SW_INPUT/input.o
 .debug_line    0x000000000000f104      0x93e ./Src/libs/SW_RTC/SW_RTC_DS3231/ds3231.o
 .debug_line    0x000000000000fa42      0xa6f ./Src/libs/SW_RTC/SW_RTC_STM32/sw_rtc_stm32.o
 .debug_line    0x00000000000104b1      0x714 ./Src/libs/SW_RTC/data_conv_v2.o
 .debug_line    0x0000000000010bc5      0xc99 ./Src/libs/SW_RTC/sw_i2c.o
 .debug_line    0x000000000001185e      0xb8e ./Src/libs/SW_RTC/sw_rtc_manage.o
 .debug_line    0x00000000000123ec      0x8a3 ./Src/libs/SW_TIMERS/sw_soft_timers.o
 .debug_line    0x0000000000012c8f       0x83 ./startup/startup_stm32f072xb.o

.debug_str      0x0000000000000000    0x744e1
 .debug_str     0x0000000000000000    0x61307 ./Src/MiniClock_v1.2.o
                                      0x616ec (size before relaxing)
 .debug_str     0x0000000000061307       0x61 ./Src/stm32f0xx_it.o
                                      0x5903f (size before relaxing)
 .debug_str     0x0000000000061368       0xb7 ./Src/system_stm32f0xx.o
                                      0x590e8 (size before relaxing)
 .debug_str     0x000000000006141f       0x73 ./Src/libs/STM_PERIPHS/gpio.o
                                      0x5b949 (size before relaxing)
 .debug_str     0x0000000000061492      0x110 ./Src/libs/STM_PERIPHS/sw_rcc.o
                                      0x5921c (size before relaxing)
 .debug_str     0x00000000000615a2      0x155 ./Src/libs/STM_PERIPHS/sw_spi.v2.o
                                      0x5bfad (size before relaxing)
 .debug_str     0x00000000000616f7       0x41 ./Src/libs/STM_PERIPHS/sw_tim.o
                                      0x598ee (size before relaxing)
 .debug_str     0x0000000000061738       0x98 ./Src/libs/SW_BOARD/sw_led_blink_debug.o
                                      0x5bba2 (size before relaxing)
 .debug_str     0x00000000000617d0       0x5c ./Src/libs/SW_GRAPHICS/SW_FONTS/Arial6pt_8_var.o
                                       0x7590 (size before relaxing)
 .debug_str     0x000000000006182c       0x68 ./Src/libs/SW_GRAPHICS/SW_FONTS/ArialBoldDigits8.o
                                       0x759c (size before relaxing)
 .debug_str     0x0000000000061894       0x6f ./Src/libs/SW_GRAPHICS/SW_FONTS/MagicMatrix_3x5_numbers.o
                                       0x75a3 (size before relaxing)
 .debug_str     0x0000000000061903       0x6f ./Src/libs/SW_GRAPHICS/SW_FONTS/MagicMatrix_3x7_numbers.o
                                       0x75a3 (size before relaxing)
 .debug_str     0x0000000000061972      0x1bc ./Src/libs/SW_GRAPHICS/SW_HT1632C/sw_ht3216c.o
                                      0x60d48 (size before relaxing)
 .debug_str     0x0000000000061b2e       0xd6 ./Src/libs/SW_GRAPHICS/SW_OSD/sw_osd.o
                                      0x5dea6 (size before relaxing)
 .debug_str     0x0000000000061c04      0x15e ./Src/libs/SW_GRAPHICS/SW_OSD/sw_osd_fx.o
                                      0x5e360 (size before relaxing)
 .debug_str     0x0000000000061d62       0xc1 ./Src/libs/SW_GRAPHICS/SW_OSD/sw_osd_module_BRIGHT.o
                                      0x5e2d2 (size before relaxing)
 .debug_str     0x0000000000061e23      0x1f6 ./Src/libs/SW_GRAPHICS/SW_OSD/sw_osd_module_RTC.o
                                      0x5eafd (size before relaxing)
 .debug_str     0x0000000000062019       0x9e ./Src/libs/SW_GRAPHICS/fb.o
                                      0x5dcc3 (size before relaxing)
 .debug_str     0x00000000000620b7       0x4a ./Src/libs/SW_GRAPHICS/fonts_pl.o
                                       0x4073 (size before relaxing)
 .debug_str     0x0000000000062101       0xe8 ./Src/libs/SW_GRAPHICS/gfx.o
                                      0x5dc0a (size before relaxing)
 .debug_str     0x00000000000621e9      0x1b0 ./Src/libs/SW_GRAPHICS/text.o
                                      0x5e7f7 (size before relaxing)
 .debug_str     0x0000000000062399    0x11034 ./Src/libs/SW_INPUT/IR/IRMP/irmp.o
                                      0x6da89 (size before relaxing)
 .debug_str     0x00000000000733cd      0x3ca ./Src/libs/SW_INPUT/IR/sw_irmanage.o
                                      0x6271d (size before relaxing)
 .debug_str     0x0000000000073797      0x486 ./Src/libs/SW_INPUT/KEYBOARD/keyboard.o
                                      0x5bf8c (size before relaxing)
 .debug_str     0x0000000000073c1d       0x4a ./Src/libs/SW_INPUT/input.o
                                      0x59ac3 (size before relaxing)
 .debug_str     0x0000000000073c67      0x33d ./Src/libs/SW_RTC/SW_RTC_DS3231/ds3231.o
                                      0x5c032 (size before relaxing)
 .debug_str     0x0000000000073fa4      0x279 ./Src/libs/SW_RTC/SW_RTC_STM32/sw_rtc_stm32.o
                                      0x593a4 (size before relaxing)
 .debug_str     0x000000000007421d       0x3a ./Src/libs/SW_RTC/data_conv_v2.o
                                      0x590d9 (size before relaxing)
 .debug_str     0x0000000000074257      0x1a2 ./Src/libs/SW_RTC/sw_i2c.o
                                      0x5f33c (size before relaxing)
 .debug_str     0x00000000000743f9       0x49 ./Src/libs/SW_RTC/sw_rtc_manage.o
                                      0x5e07e (size before relaxing)
 .debug_str     0x0000000000074442       0x70 ./Src/libs/SW_TIMERS/sw_soft_timers.o
                                      0x59658 (size before relaxing)
 .debug_str     0x00000000000744b2       0x2f ./startup/startup_stm32f072xb.o
                                         0x97 (size before relaxing)

.comment        0x0000000000000000       0x53
 .comment       0x0000000000000000       0x53 ./Src/MiniClock_v1.2.o
                                         0x54 (size before relaxing)
 .comment       0x0000000000000053       0x54 ./Src/stm32f0xx_it.o
 .comment       0x0000000000000053       0x54 ./Src/system_stm32f0xx.o
 .comment       0x0000000000000053       0x54 ./Src/libs/STM_PERIPHS/gpio.o
 .comment       0x0000000000000053       0x54 ./Src/libs/STM_PERIPHS/sw_rcc.o
 .comment       0x0000000000000053       0x54 ./Src/libs/STM_PERIPHS/sw_spi.v2.o
 .comment       0x0000000000000053       0x54 ./Src/libs/STM_PERIPHS/sw_tim.o
 .comment       0x0000000000000053       0x54 ./Src/libs/SW_BOARD/sw_led_blink_debug.o
 .comment       0x0000000000000053       0x54 ./Src/libs/SW_GRAPHICS/SW_FONTS/Arial6pt_8_var.o
 .comment       0x0000000000000053       0x54 ./Src/libs/SW_GRAPHICS/SW_FONTS/ArialBoldDigits8.o
 .comment       0x0000000000000053       0x54 ./Src/libs/SW_GRAPHICS/SW_FONTS/MagicMatrix_3x5_numbers.o
 .comment       0x0000000000000053       0x54 ./Src/libs/SW_GRAPHICS/SW_FONTS/MagicMatrix_3x7_numbers.o
 .comment       0x0000000000000053       0x54 ./Src/libs/SW_GRAPHICS/SW_HT1632C/sw_ht3216c.o
 .comment       0x0000000000000053       0x54 ./Src/libs/SW_GRAPHICS/SW_OSD/sw_osd.o
 .comment       0x0000000000000053       0x54 ./Src/libs/SW_GRAPHICS/SW_OSD/sw_osd_fx.o
 .comment       0x0000000000000053       0x54 ./Src/libs/SW_GRAPHICS/SW_OSD/sw_osd_module_BRIGHT.o
 .comment       0x0000000000000053       0x54 ./Src/libs/SW_GRAPHICS/SW_OSD/sw_osd_module_RTC.o
 .comment       0x0000000000000053       0x54 ./Src/libs/SW_GRAPHICS/fb.o
 .comment       0x0000000000000053       0x54 ./Src/libs/SW_GRAPHICS/fonts_pl.o
 .comment       0x0000000000000053       0x54 ./Src/libs/SW_GRAPHICS/gfx.o
 .comment       0x0000000000000053       0x54 ./Src/libs/SW_GRAPHICS/text.o
 .comment       0x0000000000000053       0x54 ./Src/libs/SW_INPUT/IR/IRMP/irmp.o
 .comment       0x0000000000000053       0x54 ./Src/libs/SW_INPUT/IR/sw_irmanage.o
 .comment       0x0000000000000053       0x54 ./Src/libs/SW_INPUT/KEYBOARD/keyboard.o
 .comment       0x0000000000000053       0x54 ./Src/libs/SW_INPUT/input.o
 .comment       0x0000000000000053       0x54 ./Src/libs/SW_RTC/SW_RTC_DS3231/ds3231.o
 .comment       0x0000000000000053       0x54 ./Src/libs/SW_RTC/SW_RTC_STM32/sw_rtc_stm32.o
 .comment       0x0000000000000053       0x54 ./Src/libs/SW_RTC/data_conv_v2.o
 .comment       0x0000000000000053       0x54 ./Src/libs/SW_RTC/sw_i2c.o
 .comment       0x0000000000000053       0x54 ./Src/libs/SW_RTC/sw_rtc_manage.o
 .comment       0x0000000000000053       0x54 ./Src/libs/SW_TIMERS/sw_soft_timers.o

.debug_frame    0x0000000000000000     0x1030
 .debug_frame   0x0000000000000000       0x58 ./Src/MiniClock_v1.2.o
 .debug_frame   0x0000000000000058       0x50 ./Src/stm32f0xx_it.o
 .debug_frame   0x00000000000000a8       0x3c ./Src/system_stm32f0xx.o
 .debug_frame   0x00000000000000e4       0xc0 ./Src/libs/STM_PERIPHS/gpio.o
 .debug_frame   0x00000000000001a4       0x28 ./Src/libs/STM_PERIPHS/sw_rcc.o
 .debug_frame   0x00000000000001cc       0xa0 ./Src/libs/STM_PERIPHS/sw_spi.v2.o
 .debug_frame   0x000000000000026c       0x38 ./Src/libs/STM_PERIPHS/sw_tim.o
 .debug_frame   0x00000000000002a4       0xc8 ./Src/libs/SW_BOARD/sw_led_blink_debug.o
 .debug_frame   0x000000000000036c       0xc8 ./Src/libs/SW_GRAPHICS/SW_HT1632C/sw_ht3216c.o
 .debug_frame   0x0000000000000434       0x6c ./Src/libs/SW_GRAPHICS/SW_OSD/sw_osd.o
 .debug_frame   0x00000000000004a0       0x6c ./Src/libs/SW_GRAPHICS/SW_OSD/sw_osd_fx.o
 .debug_frame   0x000000000000050c       0x84 ./Src/libs/SW_GRAPHICS/SW_OSD/sw_osd_module_BRIGHT.o
 .debug_frame   0x0000000000000590       0xb0 ./Src/libs/SW_GRAPHICS/SW_OSD/sw_osd_module_RTC.o
 .debug_frame   0x0000000000000640       0x84 ./Src/libs/SW_GRAPHICS/fb.o
 .debug_frame   0x00000000000006c4       0x28 ./Src/libs/SW_GRAPHICS/fonts_pl.o
 .debug_frame   0x00000000000006ec       0xf8 ./Src/libs/SW_GRAPHICS/gfx.o
 .debug_frame   0x00000000000007e4      0x124 ./Src/libs/SW_GRAPHICS/text.o
 .debug_frame   0x0000000000000908       0x80 ./Src/libs/SW_INPUT/IR/IRMP/irmp.o
 .debug_frame   0x0000000000000988       0x7c ./Src/libs/SW_INPUT/IR/sw_irmanage.o
 .debug_frame   0x0000000000000a04       0x58 ./Src/libs/SW_INPUT/KEYBOARD/keyboard.o
 .debug_frame   0x0000000000000a5c       0x68 ./Src/libs/SW_INPUT/input.o
 .debug_frame   0x0000000000000ac4       0xc8 ./Src/libs/SW_RTC/SW_RTC_DS3231/ds3231.o
 .debug_frame   0x0000000000000b8c      0x108 ./Src/libs/SW_RTC/SW_RTC_STM32/sw_rtc_stm32.o
 .debug_frame   0x0000000000000c94       0x4c ./Src/libs/SW_RTC/data_conv_v2.o
 .debug_frame   0x0000000000000ce0       0xb8 ./Src/libs/SW_RTC/sw_i2c.o
 .debug_frame   0x0000000000000d98       0xf4 ./Src/libs/SW_RTC/sw_rtc_manage.o
 .debug_frame   0x0000000000000e8c       0x60 ./Src/libs/SW_TIMERS/sw_soft_timers.o
 .debug_frame   0x0000000000000eec       0x2c d:/00_programowanie/stm32cubeide_1.4.0/stm32cubeide/plugins/com.st.stm32cube.ide.mcu.externaltools.gnu-tools-for-stm32.9-2020-q2-update.win32_2.0.0.202105311346/tools/bin/../lib/gcc/arm-none-eabi/9.3.1/../../../../arm-none-eabi/lib/thumb/v6-m/nofp\libc_nano.a(lib_a-init.o)
 .debug_frame   0x0000000000000f18       0x40 d:/00_programowanie/stm32cubeide_1.4.0/stm32cubeide/plugins/com.st.stm32cube.ide.mcu.externaltools.gnu-tools-for-stm32.9-2020-q2-update.win32_2.0.0.202105311346/tools/bin/../lib/gcc/arm-none-eabi/9.3.1/../../../../arm-none-eabi/lib/thumb/v6-m/nofp\libc_nano.a(lib_a-itoa.o)
 .debug_frame   0x0000000000000f58       0x28 d:/00_programowanie/stm32cubeide_1.4.0/stm32cubeide/plugins/com.st.stm32cube.ide.mcu.externaltools.gnu-tools-for-stm32.9-2020-q2-update.win32_2.0.0.202105311346/tools/bin/../lib/gcc/arm-none-eabi/9.3.1/../../../../arm-none-eabi/lib/thumb/v6-m/nofp\libc_nano.a(lib_a-memcpy-stub.o)
 .debug_frame   0x0000000000000f80       0x20 d:/00_programowanie/stm32cubeide_1.4.0/stm32cubeide/plugins/com.st.stm32cube.ide.mcu.externaltools.gnu-tools-for-stm32.9-2020-q2-update.win32_2.0.0.202105311346/tools/bin/../lib/gcc/arm-none-eabi/9.3.1/../../../../arm-none-eabi/lib/thumb/v6-m/nofp\libc_nano.a(lib_a-memset.o)
 .debug_frame   0x0000000000000fa0       0x28 d:/00_programowanie/stm32cubeide_1.4.0/stm32cubeide/plugins/com.st.stm32cube.ide.mcu.externaltools.gnu-tools-for-stm32.9-2020-q2-update.win32_2.0.0.202105311346/tools/bin/../lib/gcc/arm-none-eabi/9.3.1/../../../../arm-none-eabi/lib/thumb/v6-m/nofp\libc_nano.a(lib_a-strcat.o)
 .debug_frame   0x0000000000000fc8       0x48 d:/00_programowanie/stm32cubeide_1.4.0/stm32cubeide/plugins/com.st.stm32cube.ide.mcu.externaltools.gnu-tools-for-stm32.9-2020-q2-update.win32_2.0.0.202105311346/tools/bin/../lib/gcc/arm-none-eabi/9.3.1/../../../../arm-none-eabi/lib/thumb/v6-m/nofp\libc_nano.a(lib_a-utoa.o)
 .debug_frame   0x0000000000001010       0x20 d:/00_programowanie/stm32cubeide_1.4.0/stm32cubeide/plugins/com.st.stm32cube.ide.mcu.externaltools.gnu-tools-for-stm32.9-2020-q2-update.win32_2.0.0.202105311346/tools/bin/../lib/gcc/arm-none-eabi/9.3.1/thumb/v6-m/nofp\libgcc.a(_udivsi3.o)