Archive member included to satisfy reference by file (symbol)

d:/00_programowanie/stm32cubeide_1.4.0/stm32cubeide/plugins/com.st.stm32cube.ide.mcu.externaltools.gnu-tools-for-stm32.9-2020-q2-update.win32_2.0.0.202105311346/tools/bin/../lib/gcc/arm-none-eabi/9.3.1/../../../../arm-none-eabi/lib/thumb/v6-m/nofp\libc_nano.a(lib_a-exit.o)
                              d:/00_programowanie/stm32cubeide_1.4.0/stm32cubeide/plugins/com.st.stm32cube.ide.mcu.externaltools.gnu-tools-for-stm32.9-2020-q2-update.win32_2.0.0.202105311346/tools/bin/../lib/gcc/arm-none-eabi/9.3.1/../../../../arm-none-eabi/lib/thumb/v6-m/nofp/crt0.o (exit)
d:/00_programowanie/stm32cubeide_1.4.0/stm32cubeide/plugins/com.st.stm32cube.ide.mcu.externaltools.gnu-tools-for-stm32.9-2020-q2-update.win32_2.0.0.202105311346/tools/bin/../lib/gcc/arm-none-eabi/9.3.1/../../../../arm-none-eabi/lib/thumb/v6-m/nofp\libc_nano.a(lib_a-impure.o)
                              d:/00_programowanie/stm32cubeide_1.4.0/stm32cubeide/plugins/com.st.stm32cube.ide.mcu.externaltools.gnu-tools-for-stm32.9-2020-q2-update.win32_2.0.0.202105311346/tools/bin/../lib/gcc/arm-none-eabi/9.3.1/../../../../arm-none-eabi/lib/thumb/v6-m/nofp\libc_nano.a(lib_a-exit.o) (_global_impure_ptr)
d:/00_programowanie/stm32cubeide_1.4.0/stm32cubeide/plugins/com.st.stm32cube.ide.mcu.externaltools.gnu-tools-for-stm32.9-2020-q2-update.win32_2.0.0.202105311346/tools/bin/../lib/gcc/arm-none-eabi/9.3.1/../../../../arm-none-eabi/lib/thumb/v6-m/nofp\libc_nano.a(lib_a-init.o)
                              d:/00_programowanie/stm32cubeide_1.4.0/stm32cubeide/plugins/com.st.stm32cube.ide.mcu.externaltools.gnu-tools-for-stm32.9-2020-q2-update.win32_2.0.0.202105311346/tools/bin/../lib/gcc/arm-none-eabi/9.3.1/../../../../arm-none-eabi/lib/thumb/v6-m/nofp/crt0.o (__libc_init_array)
d:/00_programowanie/stm32cubeide_1.4.0/stm32cubeide/plugins/com.st.stm32cube.ide.mcu.externaltools.gnu-tools-for-stm32.9-2020-q2-update.win32_2.0.0.202105311346/tools/bin/../lib/gcc/arm-none-eabi/9.3.1/../../../../arm-none-eabi/lib/thumb/v6-m/nofp\libc_nano.a(lib_a-itoa.o)
                              ./Src/libs/SW_GRAPHICS/SW_OSD/sw_osd_module_RTC.o (itoa)
d:/00_programowanie/stm32cubeide_1.4.0/stm32cubeide/plugins/com.st.stm32cube.ide.mcu.externaltools.gnu-tools-for-stm32.9-2020-q2-update.win32_2.0.0.202105311346/tools/bin/../lib/gcc/arm-none-eabi/9.3.1/../../../../arm-none-eabi/lib/thumb/v6-m/nofp\libc_nano.a(lib_a-memcpy-stub.o)
                              ./Src/libs/SW_GRAPHICS/animations.o (memcpy)
d:/00_programowanie/stm32cubeide_1.4.0/stm32cubeide/plugins/com.st.stm32cube.ide.mcu.externaltools.gnu-tools-for-stm32.9-2020-q2-update.win32_2.0.0.202105311346/tools/bin/../lib/gcc/arm-none-eabi/9.3.1/../../../../arm-none-eabi/lib/thumb/v6-m/nofp\libc_nano.a(lib_a-memset.o)
                              d:/00_programowanie/stm32cubeide_1.4.0/stm32cubeide/plugins/com.st.stm32cube.ide.mcu.externaltools.gnu-tools-for-stm32.9-2020-q2-update.win32_2.0.0.202105311346/tools/bin/../lib/gcc/arm-none-eabi/9.3.1/../../../../arm-none-eabi/lib/thumb/v6-m/nofp/crt0.o (memset)
d:/00_programowanie/stm32cubeide_1.4.0/stm32cubeide/plugins/com.st.stm32cube.ide.mcu.externaltools.gnu-tools-for-stm32.9-2020-q2-update.win32_2.0.0.202105311346/tools/bin/../lib/gcc/arm-none-eabi/9.3.1/../../../../arm-none-eabi/lib/thumb/v6-m/nofp\libc_nano.a(lib_a-strcat.o)
                              ./Src/libs/SW_GRAPHICS/SW_OSD/sw_osd_module_RTC.o (strcat)
d:/00_programowanie/stm32cubeide_1.4.0/stm32cubeide/plugins/com.st.stm32cube.ide.mcu.externaltools.gnu-tools-for-stm32.9-2020-q2-update.win32_2.0.0.202105311346/tools/bin/../lib/gcc/arm-none-eabi/9.3.1/../../../../arm-none-eabi/lib/thumb/v6-m/nofp\libc_nano.a(lib_a-strlen.o)
                              ./Src/libs/SW_GRAPHICS/animations.o (strlen)
d:/00_programowanie/stm32cubeide_1.4.0/stm32cubeide/plugins/com.st.stm32cube.ide.mcu.externaltools.gnu-tools-for-stm32.9-2020-q2-update.win32_2.0.0.202105311346/tools/bin/../lib/gcc/arm-none-eabi/9.3.1/../../../../arm-none-eabi/lib/thumb/v6-m/nofp\libc_nano.a(lib_a-utoa.o)
                              d:/00_programowanie/stm32cubeide_1.4.0/stm32cubeide/plugins/com.st.stm32cube.ide.mcu.externaltools.gnu-tools-for-stm32.9-2020-q2-update.win32_2.0.0.202105311346/tools/bin/../lib/gcc/arm-none-eabi/9.3.1/../../../../arm-none-eabi/lib/thumb/v6-m/nofp\libc_nano.a(lib_a-itoa.o) (__utoa)
d:/00_programowanie/stm32cubeide_1.4.0/stm32cubeide/plugins/com.st.stm32cube.ide.mcu.externaltools.gnu-tools-for-stm32.9-2020-q2-update.win32_2.0.0.202105311346/tools/bin/../lib/gcc/arm-none-eabi/9.3.1/../../../../arm-none-eabi/lib/thumb/v6-m/nofp\libc_nano.a(lib_a-wcscat.o)
                              ./Src/libs/SW_GRAPHICS/animations.o (wcscat)
d:/00_programowanie/stm32cubeide_1.4.0/stm32cubeide/plugins/com.st.stm32cube.ide.mcu.externaltools.gnu-tools-for-stm32.9-2020-q2-update.win32_2.0.0.202105311346/tools/bin/../lib/gcc/arm-none-eabi/9.3.1/thumb/v6-m/nofp\libgcc.a(_udivsi3.o)
[...]
Memory Configuration

Name             Origin             Length             Attributes
RAM              0x0000000020000000 0x0000000000004000 xrw
FLASH            0x0000000008000000 0x0000000000010000 xr
*default*        0x0000000000000000 0xffffffffffffffff

Linker script and memory map

LOAD d:/00_programowanie/stm32cubeide_1.4.0/stm32cubeide/plugins/com.st.stm32cube.ide.mcu.externaltools.gnu-tools-for-stm32.9-2020-q2-update.win32_2.0.0.202105311346/tools/bin/../lib/gcc/arm-none-eabi/9.3.1/thumb/v6-m/nofp/crti.o
LOAD d:/00_programowanie/stm32cubeide_1.4.0/stm32cubeide/plugins/com.st.stm32cube.ide.mcu.externaltools.gnu-tools-for-stm32.9-2020-q2-update.win32_2.0.0.202105311346/tools/bin/../lib/gcc/arm-none-eabi/9.3.1/thumb/v6-m/nofp/crtbegin.o
LOAD d:/00_programowanie/stm32cubeide_1.4.0/stm32cubeide/plugins/com.st.stm32cube.ide.mcu.externaltools.gnu-tools-for-stm32.9-2020-q2-update.win32_2.0.0.202105311346/tools/bin/../lib/gcc/arm-none-eabi/9.3.1/../../../../arm-none-eabi/lib/thumb/v6-m/nofp/crt0.o
LOAD ./Src/libs/SW_BOARD/gpio.o
LOAD ./Src/libs/SW_BOARD/sw_led_blink_debug.o
LOAD ./Src/libs/SW_GRAPHICS/SW_FONTS/Arial6pt_8_var.o
LOAD ./Src/libs/SW_GRAPHICS/SW_FONTS/Arial6pt_var.o
LOAD ./Src/libs/SW_GRAPHICS/SW_FONTS/ArialBoldDigits8.o
LOAD ./Src/libs/SW_GRAPHICS/SW_FONTS/LCD_5x8.o
LOAD ./Src/libs/SW_GRAPHICS/SW_FONTS/MagicMatrix_3x5_numbers.o
LOAD ./Src/libs/SW_GRAPHICS/SW_FONTS/MagicMatrix_3x7_numbers.o
LOAD ./Src/libs/SW_GRAPHICS/SW_FONTS/MicrosoftSansSerif8ptFont_pl.o
LOAD ./Src/libs/SW_GRAPHICS/SW_FONTS/PlayIcons8x8_fixed.o
LOAD ./Src/libs/SW_GRAPHICS/SW_FONTS/PlayIcons8x8_tight.o
LOAD ./Src/libs/SW_GRAPHICS/SW_HT1632C/framebuffer.o
LOAD ./Src/libs/SW_GRAPHICS/SW_HT1632C/sw_ht3216c.o
LOAD ./Src/libs/SW_GRAPHICS/SW_OSD/sw_osd.o
LOAD ./Src/libs/SW_GRAPHICS/SW_OSD/sw_osd_module_BRIGHT.o
LOAD ./Src/libs/SW_GRAPHICS/SW_OSD/sw_osd_module_IR.o
LOAD ./Src/libs/SW_GRAPHICS/SW_OSD/sw_osd_module_KODI.o
LOAD ./Src/libs/SW_GRAPHICS/SW_OSD/sw_osd_module_RTC.o
LOAD ./Src/libs/SW_GRAPHICS/animations.o
LOAD ./Src/libs/SW_GRAPHICS/fonts_pl.o
LOAD ./Src/libs/SW_GRAPHICS/graphic.o
LOAD ./Src/libs/SW_GRAPHICS/text.o
LOAD ./Src/libs/SW_INPUT/keyboard_v4.o
LOAD ./Src/libs/SW_IR/IRMP/irmp.o
LOAD ./Src/libs/SW_IR/memory_data.o
LOAD ./Src/libs/SW_IR/sw_irmanage.o
LOAD ./Src/libs/SW_RTC/SW_RTC_DS3231/ds3231.o
LOAD ./Src/libs/SW_RTC/SW_RTC_STM32/sw_rtc_stm32.o
LOAD ./Src/libs/SW_RTC/data_conv_v2.o
LOAD ./Src/libs/SW_RTC/sw_i2c.o
LOAD ./Src/libs/SW_RTC/sw_i2c_eeprom.o
LOAD ./Src/libs/SW_RTC/sw_rtc_manage.o
LOAD ./Src/libs/SW_STM_PERIPHS/sw_dma.o
LOAD ./Src/libs/SW_STM_PERIPHS/sw_iwdg.o
LOAD ./Src/libs/SW_STM_PERIPHS/sw_spi.o
LOAD ./Src/libs/SW_STM_PERIPHS/sw_tim.o
LOAD ./Src/libs/SW_TIMERS/sw_soft_timers.o
LOAD ./Src/main.o
LOAD ./Src/stm32f0xx_it.o
LOAD ./Src/system_stm32f0xx.o
LOAD ./startup/startup_stm32f072xb.o
START GROUP
LOAD d:/00_programowanie/stm32cubeide_1.4.0/stm32cubeide/plugins/com.st.stm32cube.ide.mcu.externaltools.gnu-tools-for-stm32.9-2020-q2-update.win32_2.0.0.202105311346/tools/bin/../lib/gcc/arm-none-eabi/9.3.1/../../../../arm-none-eabi/lib/thumb/v6-m/nofp\libc_nano.a
LOAD d:/00_programowanie/stm32cubeide_1.4.0/stm32cubeide/plugins/com.st.stm32cube.ide.mcu.externaltools.gnu-tools-for-stm32.9-2020-q2-update.win32_2.0.0.202105311346/tools/bin/../lib/gcc/arm-none-eabi/9.3.1/../../../../arm-none-eabi/lib/thumb/v6-m/nofp\libm.a
END GROUP
START GROUP
LOAD d:/00_programowanie/stm32cubeide_1.4.0/stm32cubeide/plugins/com.st.stm32cube.ide.mcu.externaltools.gnu-tools-for-stm32.9-2020-q2-update.win32_2.0.0.202105311346/tools/bin/../lib/gcc/arm-none-eabi/9.3.1/thumb/v6-m/nofp\libgcc.a
LOAD d:/00_programowanie/stm32cubeide_1.4.0/stm32cubeide/plugins/com.st.stm32cube.ide.mcu.externaltools.gnu-tools-for-stm32.9-2020-q2-update.win32_2.0.0.202105311346/tools/bin/../lib/gcc/arm-none-eabi/9.3.1/../../../../arm-none-eabi/lib/thumb/v6-m/nofp\libc_nano.a
END GROUP
START GROUP
LOAD d:/00_programowanie/stm32cubeide_1.4.0/stm32cubeide/plugins/com.st.stm32cube.ide.mcu.externaltools.gnu-tools-for-stm32.9-2020-q2-update.win32_2.0.0.202105311346/tools/bin/../lib/gcc/arm-none-eabi/9.3.1/thumb/v6-m/nofp\libgcc.a
LOAD d:/00_programowanie/stm32cubeide_1.4.0/stm32cubeide/plugins/com.st.stm32cube.ide.mcu.externaltools.gnu-tools-for-stm32.9-2020-q2-update.win32_2.0.0.202105311346/tools/bin/../lib/gcc/arm-none-eabi/9.3.1/../../../../arm-none-eabi/lib/thumb/v6-m/nofp\libc_nano.a
LOAD d:/00_programowanie/stm32cubeide_1.4.0/stm32cubeide/plugins/com.st.stm32cube.ide.mcu.externaltools.gnu-tools-for-stm32.9-2020-q2-update.win32_2.0.0.202105311346/tools/bin/../lib/gcc/arm-none-eabi/9.3.1/../../../../arm-none-eabi/lib/thumb/v6-m/nofp\libnosys.a
END GROUP
START GROUP
LOAD d:/00_programowanie/stm32cubeide_1.4.0/stm32cubeide/plugins/com.st.stm32cube.ide.mcu.externaltools.gnu-tools-for-stm32.9-2020-q2-update.win32_2.0.0.202105311346/tools/bin/../lib/gcc/arm-none-eabi/9.3.1/thumb/v6-m/nofp\libgcc.a
LOAD d:/00_programowanie/stm32cubeide_1.4.0/stm32cubeide/plugins/com.st.stm32cube.ide.mcu.externaltools.gnu-tools-for-stm32.9-2020-q2-update.win32_2.0.0.202105311346/tools/bin/../lib/gcc/arm-none-eabi/9.3.1/../../../../arm-none-eabi/lib/thumb/v6-m/nofp\libc_nano.a
LOAD d:/00_programowanie/stm32cubeide_1.4.0/stm32cubeide/plugins/com.st.stm32cube.ide.mcu.externaltools.gnu-tools-for-stm32.9-2020-q2-update.win32_2.0.0.202105311346/tools/bin/../lib/gcc/arm-none-eabi/9.3.1/../../../../arm-none-eabi/lib/thumb/v6-m/nofp\libnosys.a
END GROUP
LOAD d:/00_programowanie/stm32cubeide_1.4.0/stm32cubeide/plugins/com.st.stm32cube.ide.mcu.externaltools.gnu-tools-for-stm32.9-2020-q2-update.win32_2.0.0.202105311346/tools/bin/../lib/gcc/arm-none-eabi/9.3.1/thumb/v6-m/nofp/crtend.o
LOAD d:/00_programowanie/stm32cubeide_1.4.0/stm32cubeide/plugins/com.st.stm32cube.ide.mcu.externaltools.gnu-tools-for-stm32.9-2020-q2-update.win32_2.0.0.202105311346/tools/bin/../lib/gcc/arm-none-eabi/9.3.1/thumb/v6-m/nofp/crtn.o
                0x0000000020004000                _estack = 0x20004000
                0x0000000000000200                _Min_Heap_Size = 0x200
                0x0000000000000400                _Min_Stack_Size = 0x400

.isr_vector     0x0000000008000000       0xc0
                0x0000000008000000                . = ALIGN (0x4)
 *(.isr_vector)
 .isr_vector    0x0000000008000000       0xc0 ./startup/startup_stm32f072xb.o
                0x0000000008000000                g_pfnVectors
                0x00000000080000c0                . = ALIGN (0x4)

.text           0x00000000080000c0     0x3e38
                0x00000000080000c0                . = ALIGN (0x4)
 *(.text)
 .text          0x00000000080000c0       0x48 d:/00_programowanie/stm32cubeide_1.4.0/stm32cubeide/plugins/com.st.stm32cube.ide.mcu.externaltools.gnu-tools-for-stm32.9-2020-q2-update.win32_2.0.0.202105311346/tools/bin/../lib/gcc/arm-none-eabi/9.3.1/thumb/v6-m/nofp/crtbegin.o
 .text          0x0000000008000108        0xe d:/00_programowanie/stm32cubeide_1.4.0/stm32cubeide/plugins/com.st.stm32cube.ide.mcu.externaltools.gnu-tools-for-stm32.9-2020-q2-update.win32_2.0.0.202105311346/tools/bin/../lib/gcc/arm-none-eabi/9.3.1/../../../../arm-none-eabi/lib/thumb/v6-m/nofp\libc_nano.a(lib_a-strlen.o)
                0x0000000008000108                strlen
 *fill*         0x0000000008000116        0x2 
 .text          0x0000000008000118      0x114 d:/00_programowanie/stm32cubeide_1.4.0/stm32cubeide/plugins/com.st.stm32cube.ide.mcu.externaltools.gnu-tools-for-stm32.9-2020-q2-update.win32_2.0.0.202105311346/tools/bin/../lib/gcc/arm-none-eabi/9.3.1/thumb/v6-m/nofp\libgcc.a(_udivsi3.o)
                0x0000000008000118                __aeabi_uidiv
                0x0000000008000118                __udivsi3
                0x0000000008000224                __aeabi_uidivmod
 .text          0x000000000800022c        0x4 d:/00_programowanie/stm32cubeide_1.4.0/stm32cubeide/plugins/com.st.stm32cube.ide.mcu.externaltools.gnu-tools-for-stm32.9-2020-q2-update.win32_2.0.0.202105311346/tools/bin/../lib/gcc/arm-none-eabi/9.3.1/thumb/v6-m/nofp\libgcc.a(_dvmd_tls.o)
                0x000000000800022c                __aeabi_idiv0
                0x000000000800022c                __aeabi_ldiv0
 .text          0x0000000008000230       0x40 d:/00_programowanie/stm32cubeide_1.4.0/stm32cubeide/plugins/com.st.stm32cube.ide.mcu.externaltools.gnu-tools-for-stm32.9-2020-q2-update.win32_2.0.0.202105311346/tools/bin/../lib/gcc/arm-none-eabi/9.3.1/thumb/v6-m/nofp\libgcc.a(_ctzsi2.o)
                0x0000000008000230                __ctzsi2
 *(.text*)
 .text.gpio_pin_cfg
                0x0000000008000270      0x14e ./Src/libs/SW_BOARD/gpio.o
                0x0000000008000270                gpio_pin_cfg
 *fill*         0x00000000080003be        0x2 
 .text.RCC_gpio_init
                0x00000000080003c0       0x38 ./Src/libs/SW_BOARD/gpio.o
                0x00000000080003c0                RCC_gpio_init
 .text.gpio_pin_LO
                0x00000000080003f8       0x1e ./Src/libs/SW_BOARD/gpio.o
                0x00000000080003f8                gpio_pin_LO
 .text.gpio_pin_HI
                0x0000000008000416       0x1e ./Src/libs/SW_BOARD/gpio.o
                0x0000000008000416                gpio_pin_HI
 .text.sw_led_off
                0x0000000008000434       0x18 ./Src/libs/SW_BOARD/sw_led_blink_debug.o
                0x0000000008000434                sw_led_off
 .text.sw_led_debug_init
                0x000000000800044c       0x54 ./Src/libs/SW_BOARD/sw_led_blink_debug.o
                0x000000000800044c                sw_led_debug_init
 .text.graphic_set_pixel_RAM
                0x00000000080004a0      0x15c ./Src/libs/SW_GRAPHICS/SW_HT1632C/framebuffer.o
                0x00000000080004a0                graphic_set_pixel_RAM
 .text.NVIC_EnableIRQ
                0x00000000080005fc       0x2c ./Src/libs/SW_GRAPHICS/SW_HT1632C/sw_ht3216c.o
 .text.HT1632C_command
                0x0000000008000628       0x4c ./Src/libs/SW_GRAPHICS/SW_HT1632C/sw_ht3216c.o
 .text.HT1632C_send_screen
                0x0000000008000674      0x158 ./Src/libs/SW_GRAPHICS/SW_HT1632C/sw_ht3216c.o
 .text.EXTI4_15_IRQHandler
                0x00000000080007cc       0x80 ./Src/libs/SW_GRAPHICS/SW_HT1632C/sw_ht3216c.o
                0x00000000080007cc                EXTI4_15_IRQHandler
 .text.HT1632C_init
                0x000000000800084c       0xd4 ./Src/libs/SW_GRAPHICS/SW_HT1632C/sw_ht3216c.o
                0x000000000800084c                HT1632C_init
 .text.HT1632C_brightness
                0x0000000008000920       0x5c ./Src/libs/SW_GRAPHICS/SW_HT1632C/sw_ht3216c.o
                0x0000000008000920                HT1632C_brightness
 .text.register_scroll_event_callback
                0x000000000800097c       0x1c ./Src/libs/SW_GRAPHICS/SW_HT1632C/sw_ht3216c.o
                0x000000000800097c                register_scroll_event_callback
 .text.SW_SCROLL_EVENT
                0x0000000008000998       0x48 ./Src/libs/SW_GRAPHICS/SW_HT1632C/sw_ht3216c.o
                0x0000000008000998                SW_SCROLL_EVENT
 .text.osd_keyboard_manage
                0x00000000080009e0       0x70 ./Src/libs/SW_GRAPHICS/SW_OSD/sw_osd.o
                0x00000000080009e0                osd_keyboard_manage
 .text.osd_ir_manage
                0x0000000008000a50       0x74 ./Src/libs/SW_GRAPHICS/SW_OSD/sw_osd.o
                0x0000000008000a50                osd_ir_manage
 .text.osd_manage_screens
                0x0000000008000ac4       0x6c ./Src/libs/SW_GRAPHICS/SW_OSD/sw_osd.o
                0x0000000008000ac4                osd_manage_screens
 .text.osd_init
                0x0000000008000b30       0x24 ./Src/libs/SW_GRAPHICS/SW_OSD/sw_osd.o
                0x0000000008000b30                osd_init
 .text.register_osd_event_callback
                0x0000000008000b54       0x1c ./Src/libs/SW_GRAPHICS/SW_OSD/sw_osd.o
                0x0000000008000b54                register_osd_event_callback
 .text.SW_OSD_EVENT
                0x0000000008000b70       0x58 ./Src/libs/SW_GRAPHICS/SW_OSD/sw_osd.o
                0x0000000008000b70                SW_OSD_EVENT
 .text.osd_bright_text_param
                0x0000000008000bc8       0x40 ./Src/libs/SW_GRAPHICS/SW_OSD/sw_osd_module_BRIGHT.o
                0x0000000008000bc8                osd_bright_text_param
 .text.osd_bright_display_number
                0x0000000008000c08       0xa4 ./Src/libs/SW_GRAPHICS/SW_OSD/sw_osd_module_BRIGHT.o
 .text.osd_bright_display
                0x0000000008000cac       0xbc ./Src/libs/SW_GRAPHICS/SW_OSD/sw_osd_module_BRIGHT.o
                0x0000000008000cac                osd_bright_display
 .text.osd_display_ir_learn
                0x0000000008000d68        0xa ./Src/libs/SW_GRAPHICS/SW_OSD/sw_osd_module_IR.o
                0x0000000008000d68                osd_display_ir_learn
 .text.osd_rtc_puts_int_RAM
                0x0000000008000d72       0x96 ./Src/libs/SW_GRAPHICS/SW_OSD/sw_osd_module_RTC.o
 .text.osd_rtc_time_params
                0x0000000008000e08      0x310 ./Src/libs/SW_GRAPHICS/SW_OSD/sw_osd_module_RTC.o
 .text.osd_rtc_date_params
                0x0000000008001118       0x88 ./Src/libs/SW_GRAPHICS/SW_OSD/sw_osd_module_RTC.o
 .text.osd_rtc_display_time
                0x00000000080011a0       0xec ./Src/libs/SW_GRAPHICS/SW_OSD/sw_osd_module_RTC.o
 .text.osd_rtc_display_date
                0x000000000800128c       0x74 ./Src/libs/SW_GRAPHICS/SW_OSD/sw_osd_module_RTC.o
 .text.osd_display_date_time
                0x0000000008001300       0x84 ./Src/libs/SW_GRAPHICS/SW_OSD/sw_osd_module_RTC.o
                0x0000000008001300                osd_display_date_time
 .text.osd_rtc_fonts_param
                0x0000000008001384       0x4a ./Src/libs/SW_GRAPHICS/SW_OSD/sw_osd_module_RTC.o
                0x0000000008001384                osd_rtc_fonts_param
 *fill*         0x00000000080013ce        0x2 
 .text.sw_date_to_string
                0x00000000080013d0       0xd4 ./Src/libs/SW_GRAPHICS/animations.o
                0x00000000080013d0                sw_date_to_string
 .text.scroll_text_param
                0x00000000080014a4       0x28 ./Src/libs/SW_GRAPHICS/animations.o
                0x00000000080014a4                scroll_text_param
 .text.scroll_text_display
                0x00000000080014cc       0xc4 ./Src/libs/SW_GRAPHICS/animations.o
                0x00000000080014cc                scroll_text_display
 .text.polish_letters
                0x0000000008001590       0x68 ./Src/libs/SW_GRAPHICS/fonts_pl.o
                0x0000000008001590                polish_letters
 .text.graphic_draw_fastH_line_RAM
                0x00000000080015f8       0x76 ./Src/libs/SW_GRAPHICS/graphic.o
                0x00000000080015f8                graphic_draw_fastH_line_RAM
 .text.graphic_draw_rectangle_RAM
                0x000000000800166e       0x7e ./Src/libs/SW_GRAPHICS/graphic.o
                0x000000000800166e                graphic_draw_rectangle_RAM
 .text.graphic_clear_screen
                0x00000000080016ec       0x1c ./Src/libs/SW_GRAPHICS/graphic.o
                0x00000000080016ec                graphic_clear_screen
 .text.text_set_string
                0x0000000008001708       0x56 ./Src/libs/SW_GRAPHICS/text.o
                0x0000000008001708                text_set_string
 *fill*         0x000000000800175e        0x2 
 .text.draw_H_byte_tide
                0x0000000008001760      0x314 ./Src/libs/SW_GRAPHICS/text.o
 .text.text_draw_char_RAM
                0x0000000008001a74      0x1cc ./Src/libs/SW_GRAPHICS/text.o
 .text.text_puts_RAM
                0x0000000008001c40      0x10e ./Src/libs/SW_GRAPHICS/text.o
                0x0000000008001c40                text_puts_RAM
 .text.text_char_to_wide
                0x0000000008001d4e       0x52 ./Src/libs/SW_GRAPHICS/text.o
                0x0000000008001d4e                text_char_to_wide
 .text.text_puts_int_RAM
                0x0000000008001da0       0x80 ./Src/libs/SW_GRAPHICS/text.o
                0x0000000008001da0                text_puts_int_RAM
 .text.return_keyboard
                0x0000000008001e20       0x10 ./Src/libs/SW_INPUT/keyboard_v4.o
                0x0000000008001e20                return_keyboard
 .text.register_keyboard_event_callback
                0x0000000008001e30       0x1c ./Src/libs/SW_INPUT/keyboard_v4.o
                0x0000000008001e30                register_keyboard_event_callback
 .text.sw_keyboard_init
                0x0000000008001e4c       0x44 ./Src/libs/SW_INPUT/keyboard_v4.o
                0x0000000008001e4c                sw_keyboard_init
 .text.sw_keyboard_manage
                0x0000000008001e90      0x144 ./Src/libs/SW_INPUT/keyboard_v4.o
                0x0000000008001e90                sw_keyboard_manage
 .text.SW_KEYBOARD_EVENT
                0x0000000008001fd4       0x30 ./Src/libs/SW_INPUT/keyboard_v4.o
                0x0000000008001fd4                SW_KEYBOARD_EVENT
 .text.gpio_pin_READ
                0x0000000008002004       0x28 ./Src/libs/SW_IR/IRMP/irmp.o
 .text.irmp_init
                0x000000000800202c        0xa ./Src/libs/SW_IR/IRMP/irmp.o
                0x000000000800202c                irmp_init
 *fill*         0x0000000008002036        0x2 
 .text.irmp_get_data
                0x0000000008002038      0x1a8 ./Src/libs/SW_IR/IRMP/irmp.o
                0x0000000008002038                irmp_get_data
 .text.irmp_store_bit
                0x00000000080021e0      0x1b8 ./Src/libs/SW_IR/IRMP/irmp.o
 .text.irmp_ISR
                0x0000000008002398      0x750 ./Src/libs/SW_IR/IRMP/irmp.o
                0x0000000008002398                irmp_ISR
 .text.NVIC_EnableIRQ
                0x0000000008002ae8       0x2c ./Src/libs/SW_IR/sw_irmanage.o
 .text.sw_ir_return_code
                0x0000000008002b14       0x14 ./Src/libs/SW_IR/sw_irmanage.o
                0x0000000008002b14                sw_ir_return_code
 .text.TIM14_IRQHandler
                0x0000000008002b28       0x28 ./Src/libs/SW_IR/sw_irmanage.o
                0x0000000008002b28                TIM14_IRQHandler
 .text.sw_ir_init
                0x0000000008002b50       0x5c ./Src/libs/SW_IR/sw_irmanage.o
                0x0000000008002b50                sw_ir_init
 .text.register_irDecoded_event_callback
                0x0000000008002bac       0x1c ./Src/libs/SW_IR/sw_irmanage.o
                0x0000000008002bac                register_irDecoded_event_callback
 .text.SW_IR_DECODED_EVENT
                0x0000000008002bc8       0xe0 ./Src/libs/SW_IR/sw_irmanage.o
                0x0000000008002bc8                SW_IR_DECODED_EVENT
 .text.EXTI2_3_IRQHandler
                0x0000000008002ca8       0x24 ./Src/libs/SW_RTC/SW_RTC_DS3231/ds3231.o
                0x0000000008002ca8                EXTI2_3_IRQHandler
 .text.ds3231_get_datetime
                0x0000000008002ccc       0x20 ./Src/libs/SW_RTC/SW_RTC_DS3231/ds3231.o
                0x0000000008002ccc                ds3231_get_datetime
 .text.STM32F051_Rtc_init_on
                0x0000000008002cec       0x2c ./Src/libs/SW_RTC/SW_RTC_STM32/sw_rtc_stm32.o
 .text.STM32F051_Rtc_init_off
                0x0000000008002d18       0x1c ./Src/libs/SW_RTC/SW_RTC_STM32/sw_rtc_stm32.o
 .text.STM32F051_Rtc_protect_off
                0x0000000008002d34       0x2c ./Src/libs/SW_RTC/SW_RTC_STM32/sw_rtc_stm32.o
 .text.STM32F051_Rtc_protect_on
                0x0000000008002d60       0x20 ./Src/libs/SW_RTC/SW_RTC_STM32/sw_rtc_stm32.o
 .text.STM32F051_Rtc_Clock_Config
                0x0000000008002d80       0x78 ./Src/libs/SW_RTC/SW_RTC_STM32/sw_rtc_stm32.o
                0x0000000008002d80                STM32F051_Rtc_Clock_Config
 .text.STM32F051_Rtc_Config
                0x0000000008002df8       0x64 ./Src/libs/SW_RTC/SW_RTC_STM32/sw_rtc_stm32.o
                0x0000000008002df8                STM32F051_Rtc_Config
 .text.STM32F051_Rtc_Get_Time
                0x0000000008002e5c       0x70 ./Src/libs/SW_RTC/SW_RTC_STM32/sw_rtc_stm32.o
                0x0000000008002e5c                STM32F051_Rtc_Get_Time
 .text.STM32F051_Rtc_Get_Date
                0x0000000008002ecc       0x90 ./Src/libs/SW_RTC/SW_RTC_STM32/sw_rtc_stm32.o
                0x0000000008002ecc                STM32F051_Rtc_Get_Date
 .text.STM32F051_Rtc_Set_Time
                0x0000000008002f5c       0x68 ./Src/libs/SW_RTC/SW_RTC_STM32/sw_rtc_stm32.o
                0x0000000008002f5c                STM32F051_Rtc_Set_Time
 .text.STM32F051_Rtc_Set_Date
                0x0000000008002fc4       0x84 ./Src/libs/SW_RTC/SW_RTC_STM32/sw_rtc_stm32.o
                0x0000000008002fc4                STM32F051_Rtc_Set_Date
 .text.RTC_IRQHandler
                0x0000000008003048       0x1c ./Src/libs/SW_RTC/SW_RTC_STM32/sw_rtc_stm32.o
                0x0000000008003048                RTC_IRQHandler
 .text.sw_dec2bcd
                0x0000000008003064       0x40 ./Src/libs/SW_RTC/data_conv_v2.o
                0x0000000008003064                sw_dec2bcd
 .text.sw_bcd2dec
                0x00000000080030a4       0x34 ./Src/libs/SW_RTC/data_conv_v2.o
                0x00000000080030a4                sw_bcd2dec
 .text.sw_i2c_dma_send_buff
                0x00000000080030d8       0xec ./Src/libs/SW_RTC/sw_i2c.o
                0x00000000080030d8                sw_i2c_dma_send_buff
 .text.sw_i2c_dma_get_buff
                0x00000000080031c4       0xf4 ./Src/libs/SW_RTC/sw_i2c.o
                0x00000000080031c4                sw_i2c_dma_get_buff
 .text.sw_rtc_get_tables
                0x00000000080032b8       0x2c ./Src/libs/SW_RTC/sw_rtc_manage.o
                0x00000000080032b8                sw_rtc_get_tables
 .text.Rtc_Set_Time
                0x00000000080032e4       0x4c ./Src/libs/SW_RTC/sw_rtc_manage.o
                0x00000000080032e4                Rtc_Set_Time
 .text.Rtc_Set_Date
                0x0000000008003330       0x5c ./Src/libs/SW_RTC/sw_rtc_manage.o
                0x0000000008003330                Rtc_Set_Date
 .text.clock_init
                0x000000000800338c       0x4c ./Src/libs/SW_RTC/sw_rtc_manage.o
                0x000000000800338c                clock_init
 .text.register_datetime_event_callback
                0x00000000080033d8       0x1c ./Src/libs/SW_RTC/sw_rtc_manage.o
                0x00000000080033d8                register_datetime_event_callback
 .text.SW_DATETIME_EVENT
                0x00000000080033f4       0x60 ./Src/libs/SW_RTC/sw_rtc_manage.o
                0x00000000080033f4                SW_DATETIME_EVENT
 .text.sw_spi_hw_init
                0x0000000008003454       0xcc ./Src/libs/SW_STM_PERIPHS/sw_spi.o
                0x0000000008003454                sw_spi_hw_init
 .text.sw_spi_hw_send_buff8
                0x0000000008003520       0xe0 ./Src/libs/SW_STM_PERIPHS/sw_spi.o
                0x0000000008003520                sw_spi_hw_send_buff8
 .text.sw_spi_hw_send_buff16
                0x0000000008003600       0xe4 ./Src/libs/SW_STM_PERIPHS/sw_spi.o
                0x0000000008003600                sw_spi_hw_send_buff16
 .text.NVIC_SetPendingIRQ
                0x00000000080036e4       0x30 ./Src/libs/SW_STM_PERIPHS/sw_tim.o
 .text.NVIC_SetPriority
                0x0000000008003714       0xdc ./Src/libs/SW_STM_PERIPHS/sw_tim.o
 .text.nvic_priority
                0x00000000080037f0       0x3c ./Src/libs/SW_STM_PERIPHS/sw_tim.o
                0x00000000080037f0                nvic_priority
 .text.SysTick_Handler
                0x000000000800382c       0xd0 ./Src/libs/SW_TIMERS/sw_soft_timers.o
                0x000000000800382c                SysTick_Handler
 .text.NVIC_SetPriority
                0x00000000080038fc       0xdc ./Src/main.o
 .text.SysTick_Config
                0x00000000080039d8       0x48 ./Src/main.o
 .text.main     0x0000000008003a20       0x9c ./Src/main.o
                0x0000000008003a20                main
 .text.TIM2_IRQHandler
                0x0000000008003abc       0x38 ./Src/main.o
                0x0000000008003abc                TIM2_IRQHandler
 .text.SystemClock_Config
                0x0000000008003af4       0x9c ./Src/main.o
                0x0000000008003af4                SystemClock_Config
 .text.NMI_Handler
                0x0000000008003b90        0xa ./Src/stm32f0xx_it.o
                0x0000000008003b90                NMI_Handler
 .text.HardFault_Handler
                0x0000000008003b9a        0x6 ./Src/stm32f0xx_it.o
                0x0000000008003b9a                HardFault_Handler
 .text.SVC_Handler
                0x0000000008003ba0        0xa ./Src/stm32f0xx_it.o
                0x0000000008003ba0                SVC_Handler
 .text.PendSV_Handler
                0x0000000008003baa        0xa ./Src/stm32f0xx_it.o
                0x0000000008003baa                PendSV_Handler
 .text.SystemInit
                0x0000000008003bb4       0x88 ./Src/system_stm32f0xx.o
                0x0000000008003bb4                SystemInit
 .text.SystemCoreClockUpdate
                0x0000000008003c3c      0x10c ./Src/system_stm32f0xx.o
                0x0000000008003c3c                SystemCoreClockUpdate
 .text.Reset_Handler
                0x0000000008003d48       0x50 ./startup/startup_stm32f072xb.o
                0x0000000008003d48                Reset_Handler
 .text.Default_Handler
                0x0000000008003d98        0x2 ./startup/startup_stm32f072xb.o
                0x0000000008003d98                TIM1_CC_IRQHandler
                0x0000000008003d98                TSC_IRQHandler
                0x0000000008003d98                ADC1_COMP_IRQHandler
                0x0000000008003d98                I2C1_IRQHandler
                0x0000000008003d98                RCC_CRS_IRQHandler
                0x0000000008003d98                SPI1_IRQHandler
                0x0000000008003d98                TIM6_DAC_IRQHandler
                0x0000000008003d98                USART3_4_IRQHandler
                0x0000000008003d98                I2C2_IRQHandler
                0x0000000008003d98                TIM17_IRQHandler
                0x0000000008003d98                CEC_CAN_IRQHandler
                0x0000000008003d98                PVD_VDDIO2_IRQHandler
                0x0000000008003d98                DMA1_Channel4_5_6_7_IRQHandler
                0x0000000008003d98                TIM16_IRQHandler
                0x0000000008003d98                TIM3_IRQHandler
                0x0000000008003d98                DMA1_Channel1_IRQHandler
                0x0000000008003d98                Default_Handler
                0x0000000008003d98                TIM7_IRQHandler
                0x0000000008003d98                TIM15_IRQHandler
                0x0000000008003d98                EXTI0_1_IRQHandler
                0x0000000008003d98                USB_IRQHandler
                0x0000000008003d98                SPI2_IRQHandler
                0x0000000008003d98                WWDG_IRQHandler
                0x0000000008003d98                DMA1_Channel2_3_IRQHandler
                0x0000000008003d98                USART2_IRQHandler
                0x0000000008003d98                FLASH_IRQHandler
                0x0000000008003d98                USART1_IRQHandler
                0x0000000008003d98                TIM1_BRK_UP_TRG_COM_IRQHandler
 *fill*         0x0000000008003d9a        0x2 
 .text.__libc_init_array
                0x0000000008003d9c       0x48 d:/00_programowanie/stm32cubeide_1.4.0/stm32cubeide/plugins/com.st.stm32cube.ide.mcu.externaltools.gnu-tools-for-stm32.9-2020-q2-update.win32_2.0.0.202105311346/tools/bin/../lib/gcc/arm-none-eabi/9.3.1/../../../../arm-none-eabi/lib/thumb/v6-m/nofp\libc_nano.a(lib_a-init.o)
                0x0000000008003d9c                __libc_init_array
 .text.__itoa   0x0000000008003de4       0x30 d:/00_programowanie/stm32cubeide_1.4.0/stm32cubeide/plugins/com.st.stm32cube.ide.mcu.externaltools.gnu-tools-for-stm32.9-2020-q2-update.win32_2.0.0.202105311346/tools/bin/../lib/gcc/arm-none-eabi/9.3.1/../../../../arm-none-eabi/lib/thumb/v6-m/nofp\libc_nano.a(lib_a-itoa.o)
                0x0000000008003de4                __itoa
 .text.itoa     0x0000000008003e14        0x8 d:/00_programowanie/stm32cubeide_1.4.0/stm32cubeide/plugins/com.st.stm32cube.ide.mcu.externaltools.gnu-tools-for-stm32.9-2020-q2-update.win32_2.0.0.202105311346/tools/bin/../lib/gcc/arm-none-eabi/9.3.1/../../../../arm-none-eabi/lib/thumb/v6-m/nofp\libc_nano.a(lib_a-itoa.o)
                0x0000000008003e14                itoa
 .text.memcpy   0x0000000008003e1c       0x12 d:/00_programowanie/stm32cubeide_1.4.0/stm32cubeide/plugins/com.st.stm32cube.ide.mcu.externaltools.gnu-tools-for-stm32.9-2020-q2-update.win32_2.0.0.202105311346/tools/bin/../lib/gcc/arm-none-eabi/9.3.1/../../../../arm-none-eabi/lib/thumb/v6-m/nofp\libc_nano.a(lib_a-memcpy-stub.o)
                0x0000000008003e1c                memcpy
 .text.memset   0x0000000008003e2e       0x10 d:/00_programowanie/stm32cubeide_1.4.0/stm32cubeide/plugins/com.st.stm32cube.ide.mcu.externaltools.gnu-tools-for-stm32.9-2020-q2-update.win32_2.0.0.202105311346/tools/bin/../lib/gcc/arm-none-eabi/9.3.1/../../../../arm-none-eabi/lib/thumb/v6-m/nofp\libc_nano.a(lib_a-memset.o)
                0x0000000008003e2e                memset
 .text.strcat   0x0000000008003e3e       0x1a d:/00_programowanie/stm32cubeide_1.4.0/stm32cubeide/plugins/com.st.stm32cube.ide.mcu.externaltools.gnu-tools-for-stm32.9-2020-q2-update.win32_2.0.0.202105311346/tools/bin/../lib/gcc/arm-none-eabi/9.3.1/../../../../arm-none-eabi/lib/thumb/v6-m/nofp\libc_nano.a(lib_a-strcat.o)
                0x0000000008003e3e                strcat
 .text.__utoa   0x0000000008003e58       0x6c d:/00_programowanie/stm32cubeide_1.4.0/stm32cubeide/plugins/com.st.stm32cube.ide.mcu.externaltools.gnu-tools-for-stm32.9-2020-q2-update.win32_2.0.0.202105311346/tools/bin/../lib/gcc/arm-none-eabi/9.3.1/../../../../arm-none-eabi/lib/thumb/v6-m/nofp\libc_nano.a(lib_a-utoa.o)
                0x0000000008003e58                __utoa
 .text.wcscat   0x0000000008003ec4       0x1c d:/00_programowanie/stm32cubeide_1.4.0/stm32cubeide/plugins/com.st.stm32cube.ide.mcu.externaltools.gnu-tools-for-stm32.9-2020-q2-update.win32_2.0.0.202105311346/tools/bin/../lib/gcc/arm-none-eabi/9.3.1/../../../../arm-none-eabi/lib/thumb/v6-m/nofp\libc_nano.a(lib_a-wcscat.o)
                0x0000000008003ec4                wcscat
 *(.glue_7)
 .glue_7        0x0000000008003ee0        0x0 linker stubs
 *(.glue_7t)
 .glue_7t       0x0000000008003ee0        0x0 linker stubs
 *(.eh_frame)
 .eh_frame      0x0000000008003ee0        0x0 d:/00_programowanie/stm32cubeide_1.4.0/stm32cubeide/plugins/com.st.stm32cube.ide.mcu.externaltools.gnu-tools-for-stm32.9-2020-q2-update.win32_2.0.0.202105311346/tools/bin/../lib/gcc/arm-none-eabi/9.3.1/thumb/v6-m/nofp/crtbegin.o
 *(.init)
 .init          0x0000000008003ee0        0x4 d:/00_programowanie/stm32cubeide_1.4.0/stm32cubeide/plugins/com.st.stm32cube.ide.mcu.externaltools.gnu-tools-for-stm32.9-2020-q2-update.win32_2.0.0.202105311346/tools/bin/../lib/gcc/arm-none-eabi/9.3.1/thumb/v6-m/nofp/crti.o
                0x0000000008003ee0                _init
 .init          0x0000000008003ee4        0x8 d:/00_programowanie/stm32cubeide_1.4.0/stm32cubeide/plugins/com.st.stm32cube.ide.mcu.externaltools.gnu-tools-for-stm32.9-2020-q2-update.win32_2.0.0.202105311346/tools/bin/../lib/gcc/arm-none-eabi/9.3.1/thumb/v6-m/nofp/crtn.o
 *(.fini)
 .fini          0x0000000008003eec        0x4 d:/00_programowanie/stm32cubeide_1.4.0/stm32cubeide/plugins/com.st.stm32cube.ide.mcu.externaltools.gnu-tools-for-stm32.9-2020-q2-update.win32_2.0.0.202105311346/tools/bin/../lib/gcc/arm-none-eabi/9.3.1/thumb/v6-m/nofp/crti.o
                0x0000000008003eec                _fini
 .fini          0x0000000008003ef0        0x8 d:/00_programowanie/stm32cubeide_1.4.0/stm32cubeide/plugins/com.st.stm32cube.ide.mcu.externaltools.gnu-tools-for-stm32.9-2020-q2-update.win32_2.0.0.202105311346/tools/bin/../lib/gcc/arm-none-eabi/9.3.1/thumb/v6-m/nofp/crtn.o
                0x0000000008003ef8                . = ALIGN (0x4)
                0x0000000008003ef8                _etext = .

.vfp11_veneer   0x0000000008003ef8        0x0
 .vfp11_veneer  0x0000000008003ef8        0x0 linker stubs

.v4_bx          0x0000000008003ef8        0x0
 .v4_bx         0x0000000008003ef8        0x0 linker stubs

.iplt           0x0000000008003ef8        0x0
 .iplt          0x0000000008003ef8        0x0 d:/00_programowanie/stm32cubeide_1.4.0/stm32cubeide/plugins/com.st.stm32cube.ide.mcu.externaltools.gnu-tools-for-stm32.9-2020-q2-update.win32_2.0.0.202105311346/tools/bin/../lib/gcc/arm-none-eabi/9.3.1/thumb/v6-m/nofp/crtbegin.o

.rodata         0x0000000008003ef8      0xc4c
                0x0000000008003ef8                . = ALIGN (0x4)
 *(.rodata)
 .rodata        0x0000000008003ef8        0xc ./Src/libs/SW_GRAPHICS/animations.o
 *(.rodata*)
 .rodata.Arial6pt8Bitmaps
                0x0000000008003f04      0x37f ./Src/libs/SW_GRAPHICS/SW_FONTS/Arial6pt_8_var.o
                0x0000000008003f04                Arial6pt8Bitmaps
 *fill*         0x0000000008004283        0x1 
 .rodata.Arial6pt8Descriptors_var
                0x0000000008004284      0x1c0 ./Src/libs/SW_GRAPHICS/SW_FONTS/Arial6pt_8_var.o
                0x0000000008004284                Arial6pt8Descriptors_var
 .rodata.Arial6pt8FontInfo_var
                0x0000000008004444       0x18 ./Src/libs/SW_GRAPHICS/SW_FONTS/Arial6pt_8_var.o
                0x0000000008004444                Arial6pt8FontInfo_var
 .rodata.ArialBoldDigits8Bitmaps
                0x000000000800445c       0x60 ./Src/libs/SW_GRAPHICS/SW_FONTS/ArialBoldDigits8.o
                0x000000000800445c                ArialBoldDigits8Bitmaps
 .rodata.ArialBoldDigits8Descriptors
                0x00000000080044bc       0x30 ./Src/libs/SW_GRAPHICS/SW_FONTS/ArialBoldDigits8.o
                0x00000000080044bc                ArialBoldDigits8Descriptors
 .rodata.ArialBoldDigits8FontInfo
                0x00000000080044ec       0x18 ./Src/libs/SW_GRAPHICS/SW_FONTS/ArialBoldDigits8.o
                0x00000000080044ec                ArialBoldDigits8FontInfo
 .rodata.MagicMatrix_3x5_Bitmaps
                0x0000000008004504       0x37 ./Src/libs/SW_GRAPHICS/SW_FONTS/MagicMatrix_3x5_numbers.o
                0x0000000008004504                MagicMatrix_3x5_Bitmaps
 *fill*         0x000000000800453b        0x1 
 .rodata.MagicMatrix_3x5_Descriptors
                0x000000000800453c       0x2c ./Src/libs/SW_GRAPHICS/SW_FONTS/MagicMatrix_3x5_numbers.o
                0x000000000800453c                MagicMatrix_3x5_Descriptors
 .rodata.MagicMatrix_3x5_FontInfo
                0x0000000008004568       0x18 ./Src/libs/SW_GRAPHICS/SW_FONTS/MagicMatrix_3x5_numbers.o
                0x0000000008004568                MagicMatrix_3x5_FontInfo
 .rodata.MagicMatrix_3x7_Bitmaps
                0x0000000008004580       0x54 ./Src/libs/SW_GRAPHICS/SW_FONTS/MagicMatrix_3x7_numbers.o
                0x0000000008004580                MagicMatrix_3x7_Bitmaps
 .rodata.MagicMatrix_3x7_Descriptors
                0x00000000080045d4       0x30 ./Src/libs/SW_GRAPHICS/SW_FONTS/MagicMatrix_3x7_numbers.o
                0x00000000080045d4                MagicMatrix_3x7_Descriptors
 .rodata.MagicMatrix_3x7_FontInfo
                0x0000000008004604       0x18 ./Src/libs/SW_GRAPHICS/SW_FONTS/MagicMatrix_3x7_numbers.o
                0x0000000008004604                MagicMatrix_3x7_FontInfo
 .rodata.gammaBright
                0x000000000800461c        0x8 ./Src/libs/SW_GRAPHICS/SW_HT1632C/sw_ht3216c.o
                0x000000000800461c                gammaBright
 .rodata.osd_manage_screens
                0x0000000008004624       0x34 ./Src/libs/SW_GRAPHICS/SW_OSD/sw_osd.o
 .rodata.WhiteColor
                0x0000000008004658        0x1 ./Src/libs/SW_GRAPHICS/SW_OSD/sw_osd_module_BRIGHT.o
 *fill*         0x0000000008004659        0x3 
 .rodata.BlackColor
                0x000000000800465c        0x1 ./Src/libs/SW_GRAPHICS/SW_OSD/sw_osd_module_BRIGHT.o
 *fill*         0x000000000800465d        0x3 
 .rodata.bright1
                0x0000000008004660       0x24 ./Src/libs/SW_GRAPHICS/SW_OSD/sw_osd_module_BRIGHT.o
 .rodata.brightAU
                0x0000000008004684        0xc ./Src/libs/SW_GRAPHICS/SW_OSD/sw_osd_module_BRIGHT.o
 .rodata.brightDYN
                0x0000000008004690        0xc ./Src/libs/SW_GRAPHICS/SW_OSD/sw_osd_module_BRIGHT.o
 .rodata.BlackColor
                0x000000000800469c        0x1 ./Src/libs/SW_GRAPHICS/SW_OSD/sw_osd_module_RTC.o
 *fill*         0x000000000800469d        0x3 
 .rodata.WhiteColor
                0x00000000080046a0        0x1 ./Src/libs/SW_GRAPHICS/animations.o
 *fill*         0x00000000080046a1        0x3 
 .rodata.BlackColor
                0x00000000080046a4        0x1 ./Src/libs/SW_GRAPHICS/animations.o
 *fill*         0x00000000080046a5        0x3 
 .rodata.uniCode
                0x00000000080046a8       0x48 ./Src/libs/SW_GRAPHICS/fonts_pl.o
                0x00000000080046a8                uniCode
 .rodata.BlackColor
                0x00000000080046f0        0x1 ./Src/libs/SW_GRAPHICS/text.o
 *fill*         0x00000000080046f1        0x3 
 .rodata.sircs_param
                0x00000000080046f4       0x44 ./Src/libs/SW_IR/IRMP/irmp.o
 .rodata.nec_param
                0x0000000008004738       0x44 ./Src/libs/SW_IR/IRMP/irmp.o
 .rodata.nec_rep_param
                0x000000000800477c       0x44 ./Src/libs/SW_IR/IRMP/irmp.o
 .rodata.samsung_param
                0x00000000080047c0       0x44 ./Src/libs/SW_IR/IRMP/irmp.o
 .rodata.kaseikyo_param
                0x0000000008004804       0x44 ./Src/libs/SW_IR/IRMP/irmp.o
 .rodata.nie    0x0000000008004848       0x28 ./Src/libs/SW_RTC/sw_rtc_manage.o
                0x0000000008004848                nie
 .rodata.pon    0x0000000008004870       0x34 ./Src/libs/SW_RTC/sw_rtc_manage.o
                0x0000000008004870                pon
 .rodata.wto    0x00000000080048a4       0x1c ./Src/libs/SW_RTC/sw_rtc_manage.o
                0x00000000080048a4                wto
 .rodata.sro    0x00000000080048c0       0x18 ./Src/libs/SW_RTC/sw_rtc_manage.o
                0x00000000080048c0                sro
 .rodata.czw    0x00000000080048d8       0x24 ./Src/libs/SW_RTC/sw_rtc_manage.o
                0x00000000080048d8                czw
 .rodata.pia    0x00000000080048fc       0x1c ./Src/libs/SW_RTC/sw_rtc_manage.o
                0x00000000080048fc                pia
 .rodata.sob    0x0000000008004918       0x1c ./Src/libs/SW_RTC/sw_rtc_manage.o
                0x0000000008004918                sob
 .rodata.jan    0x0000000008004934       0x24 ./Src/libs/SW_RTC/sw_rtc_manage.o
                0x0000000008004934                jan
 .rodata.feb    0x0000000008004958       0x1c ./Src/libs/SW_RTC/sw_rtc_manage.o
                0x0000000008004958                feb
 .rodata.mar    0x0000000008004974       0x18 ./Src/libs/SW_RTC/sw_rtc_manage.o
                0x0000000008004974                mar
 .rodata.apr    0x000000000800498c       0x24 ./Src/libs/SW_RTC/sw_rtc_manage.o
                0x000000000800498c                apr
 .rodata.may    0x00000000080049b0       0x14 ./Src/libs/SW_RTC/sw_rtc_manage.o
                0x00000000080049b0                may
 .rodata.jun    0x00000000080049c4       0x20 ./Src/libs/SW_RTC/sw_rtc_manage.o
                0x00000000080049c4                jun
 .rodata.jul    0x00000000080049e4       0x18 ./Src/libs/SW_RTC/sw_rtc_manage.o
                0x00000000080049e4                jul
 .rodata.aug    0x00000000080049fc       0x24 ./Src/libs/SW_RTC/sw_rtc_manage.o
                0x00000000080049fc                aug
 .rodata.sep    0x0000000008004a20       0x24 ./Src/libs/SW_RTC/sw_rtc_manage.o
                0x0000000008004a20                sep
 .rodata.oct    0x0000000008004a44       0x34 ./Src/libs/SW_RTC/sw_rtc_manage.o
                0x0000000008004a44                oct
 .rodata.nov    0x0000000008004a78       0x28 ./Src/libs/SW_RTC/sw_rtc_manage.o
                0x0000000008004a78                nov
 .rodata.dec    0x0000000008004aa0       0x20 ./Src/libs/SW_RTC/sw_rtc_manage.o
                0x0000000008004aa0                dec
 .rodata.days   0x0000000008004ac0       0x1c ./Src/libs/SW_RTC/sw_rtc_manage.o
                0x0000000008004ac0                days
 .rodata.months
                0x0000000008004adc       0x30 ./Src/libs/SW_RTC/sw_rtc_manage.o
                0x0000000008004adc                months
 .rodata.AHBPrescTable
                0x0000000008004b0c       0x10 ./Src/system_stm32f0xx.o
                0x0000000008004b0c                AHBPrescTable
 .rodata.__utoa.str1.1
                0x0000000008004b1c       0x25 d:/00_programowanie/stm32cubeide_1.4.0/stm32cubeide/plugins/com.st.stm32cube.ide.mcu.externaltools.gnu-tools-for-stm32.9-2020-q2-update.win32_2.0.0.202105311346/tools/bin/../lib/gcc/arm-none-eabi/9.3.1/../../../../arm-none-eabi/lib/thumb/v6-m/nofp\libc_nano.a(lib_a-utoa.o)
                0x0000000008004b44                . = ALIGN (0x4)
 *fill*         0x0000000008004b41        0x3 

.rel.dyn        0x0000000008004b44        0x0
 .rel.iplt      0x0000000008004b44        0x0 d:/00_programowanie/stm32cubeide_1.4.0/stm32cubeide/plugins/com.st.stm32cube.ide.mcu.externaltools.gnu-tools-for-stm32.9-2020-q2-update.win32_2.0.0.202105311346/tools/bin/../lib/gcc/arm-none-eabi/9.3.1/thumb/v6-m/nofp/crtbegin.o

.ARM.extab
 *(.ARM.extab* .gnu.linkonce.armextab.*)

.ARM            0x0000000008004b44        0x0
                0x0000000008004b44                __exidx_start = .
 *(.ARM.exidx*)
                0x0000000008004b44                __exidx_end = .

.preinit_array  0x0000000008004b44        0x0
                0x0000000008004b44                PROVIDE (__preinit_array_start = .)
 *(.preinit_array*)
                0x0000000008004b44                PROVIDE (__preinit_array_end = .)

.init_array     0x0000000008004b44        0x4
                0x0000000008004b44                PROVIDE (__init_array_start = .)
 *(SORT_BY_NAME(.init_array.*))
 *(.init_array*)
 .init_array    0x0000000008004b44        0x4 d:/00_programowanie/stm32cubeide_1.4.0/stm32cubeide/plugins/com.st.stm32cube.ide.mcu.externaltools.gnu-tools-for-stm32.9-2020-q2-update.win32_2.0.0.202105311346/tools/bin/../lib/gcc/arm-none-eabi/9.3.1/thumb/v6-m/nofp/crtbegin.o
                0x0000000008004b48                PROVIDE (__init_array_end = .)

.fini_array     0x0000000008004b48        0x4
                [!provide]                        PROVIDE (__fini_array_start = .)
 *(SORT_BY_NAME(.fini_array.*))
 *(.fini_array*)
 .fini_array    0x0000000008004b48        0x4 d:/00_programowanie/stm32cubeide_1.4.0/stm32cubeide/plugins/com.st.stm32cube.ide.mcu.externaltools.gnu-tools-for-stm32.9-2020-q2-update.win32_2.0.0.202105311346/tools/bin/../lib/gcc/arm-none-eabi/9.3.1/thumb/v6-m/nofp/crtbegin.o
                [!provide]                        PROVIDE (__fini_array_end = .)
                0x0000000008004b4c                _sidata = LOADADDR (.data)

.data           0x0000000020000000       0x94 load address 0x0000000008004b4c
                0x0000000020000000                . = ALIGN (0x4)
                0x0000000020000000                _sdata = .
 *(.data)
 *(.data*)
 .data.dir.5820
                0x0000000020000000        0x1 ./Src/libs/SW_GRAPHICS/SW_HT1632C/sw_ht3216c.o
 .data.osdDisplayContant
                0x0000000020000001        0x1 ./Src/libs/SW_GRAPHICS/SW_OSD/sw_osd.o
                0x0000000020000001                osdDisplayContant
 *fill*         0x0000000020000002        0x2 
 .data.bright2  0x0000000020000004        0xc ./Src/libs/SW_GRAPHICS/SW_OSD/sw_osd_module_BRIGHT.o
 .data.textHH   0x0000000020000010        0xc ./Src/libs/SW_GRAPHICS/SW_OSD/sw_osd_module_RTC.o
 .data.textMM   0x000000002000001c        0xc ./Src/libs/SW_GRAPHICS/SW_OSD/sw_osd_module_RTC.o
 .data.textSS   0x0000000020000028        0xc ./Src/libs/SW_GRAPHICS/SW_OSD/sw_osd_module_RTC.o
 .data.delim1   0x0000000020000034        0x8 ./Src/libs/SW_GRAPHICS/SW_OSD/sw_osd_module_RTC.o
 .data.colorClock
                0x000000002000003c        0x1 ./Src/libs/SW_GRAPHICS/SW_OSD/sw_osd_module_RTC.o
 *fill*         0x000000002000003d        0x3 
 .data.textYEAR
                0x0000000020000040       0x14 ./Src/libs/SW_GRAPHICS/SW_OSD/sw_osd_module_RTC.o
 .data.textMONTH
                0x0000000020000054        0xc ./Src/libs/SW_GRAPHICS/SW_OSD/sw_osd_module_RTC.o
 .data.textDAY  0x0000000020000060        0xc ./Src/libs/SW_GRAPHICS/SW_OSD/sw_osd_module_RTC.o
 .data.delim3   0x000000002000006c        0x8 ./Src/libs/SW_GRAPHICS/SW_OSD/sw_osd_module_RTC.o
 .data.k.6815   0x0000000020000074        0x2 ./Src/libs/SW_GRAPHICS/animations.o
 *fill*         0x0000000020000076        0x2 
 .data.last_irmp_address.5788
                0x0000000020000078        0x4 ./Src/libs/SW_IR/IRMP/irmp.o
 .data.last_irmp_command.5789
                0x000000002000007c        0x4 ./Src/libs/SW_IR/IRMP/irmp.o
 .data.irDecoded
                0x0000000020000080        0x2 ./Src/libs/SW_IR/sw_irmanage.o
 .data.globalIrAddress
                0x0000000020000082        0x2 ./Src/libs/SW_IR/sw_irmanage.o
 .data.i2c      0x0000000020000084        0x4 ./Src/libs/SW_RTC/sw_i2c.o
 .data.i2cAutoEnd
                0x0000000020000088        0x1 ./Src/libs/SW_RTC/sw_i2c.o
 *fill*         0x0000000020000089        0x3 
 .data.spi      0x000000002000008c        0x4 ./Src/libs/SW_STM_PERIPHS/sw_spi.o
 .data.SystemCoreClock
                0x0000000020000090        0x4 ./Src/system_stm32f0xx.o
                0x0000000020000090                SystemCoreClock
                0x0000000020000094                . = ALIGN (0x4)
                0x0000000020000094                _edata = .

.igot.plt       0x0000000020000094        0x0 load address 0x0000000008004be0
 .igot.plt      0x0000000020000094        0x0 d:/00_programowanie/stm32cubeide_1.4.0/stm32cubeide/plugins/com.st.stm32cube.ide.mcu.externaltools.gnu-tools-for-stm32.9-2020-q2-update.win32_2.0.0.202105311346/tools/bin/../lib/gcc/arm-none-eabi/9.3.1/thumb/v6-m/nofp/crtbegin.o
                0x0000000020000094                . = ALIGN (0x4)

.bss            0x0000000020000094      0x32c load address 0x0000000008004be0
                0x0000000020000094                _sbss = .
                0x0000000020000094                __bss_start__ = _sbss
 *(.bss)
 .bss           0x0000000020000094       0x1c d:/00_programowanie/stm32cubeide_1.4.0/stm32cubeide/plugins/com.st.stm32cube.ide.mcu.externaltools.gnu-tools-for-stm32.9-2020-q2-update.win32_2.0.0.202105311346/tools/bin/../lib/gcc/arm-none-eabi/9.3.1/thumb/v6-m/nofp/crtbegin.o
 *(.bss*)
 .bss.command   0x00000000200000b0        0x2 ./Src/libs/SW_GRAPHICS/SW_HT1632C/sw_ht3216c.o
 .bss.scrollEvent
                0x00000000200000b2        0x1 ./Src/libs/SW_GRAPHICS/SW_HT1632C/sw_ht3216c.o
 .bss.bright    0x00000000200000b3        0x1 ./Src/libs/SW_GRAPHICS/SW_HT1632C/sw_ht3216c.o
 .bss.scroll_event_callback
                0x00000000200000b4        0x4 ./Src/libs/SW_GRAPHICS/SW_HT1632C/sw_ht3216c.o
 .bss.cnt.5824  0x00000000200000b8        0x1 ./Src/libs/SW_GRAPHICS/SW_HT1632C/sw_ht3216c.o
 *fill*         0x00000000200000b9        0x1 
 .bss.i.5818    0x00000000200000ba        0x2 ./Src/libs/SW_GRAPHICS/SW_HT1632C/sw_ht3216c.o
 .bss.k.5819    0x00000000200000bc        0x2 ./Src/libs/SW_GRAPHICS/SW_HT1632C/sw_ht3216c.o
 .bss.i.5832    0x00000000200000be        0x1 ./Src/libs/SW_GRAPHICS/SW_HT1632C/sw_ht3216c.o
 .bss.osdUpdateScreenFlag
                0x00000000200000bf        0x1 ./Src/libs/SW_GRAPHICS/SW_OSD/sw_osd.o
 .bss.osd_event_callback
                0x00000000200000c0        0x4 ./Src/libs/SW_GRAPHICS/SW_OSD/sw_osd.o
 .bss.Bright1   0x00000000200000c4       0x18 ./Src/libs/SW_GRAPHICS/SW_OSD/sw_osd_module_BRIGHT.o
 .bss.Bright2   0x00000000200000dc       0x18 ./Src/libs/SW_GRAPHICS/SW_OSD/sw_osd_module_BRIGHT.o
 .bss.bright.5884
                0x00000000200000f4        0x1 ./Src/libs/SW_GRAPHICS/SW_OSD/sw_osd_module_BRIGHT.o
 *fill*         0x00000000200000f5        0x3 
 .bss.TextHH    0x00000000200000f8       0x18 ./Src/libs/SW_GRAPHICS/SW_OSD/sw_osd_module_RTC.o
 .bss.TextMM    0x0000000020000110       0x18 ./Src/libs/SW_GRAPHICS/SW_OSD/sw_osd_module_RTC.o
 .bss.TextSS    0x0000000020000128       0x18 ./Src/libs/SW_GRAPHICS/SW_OSD/sw_osd_module_RTC.o
 .bss.Delim1    0x0000000020000140       0x18 ./Src/libs/SW_GRAPHICS/SW_OSD/sw_osd_module_RTC.o
 .bss.Delim2    0x0000000020000158       0x18 ./Src/libs/SW_GRAPHICS/SW_OSD/sw_osd_module_RTC.o
 .bss.TextYEAR  0x0000000020000170       0x18 ./Src/libs/SW_GRAPHICS/SW_OSD/sw_osd_module_RTC.o
 .bss.TextMONTH
                0x0000000020000188       0x18 ./Src/libs/SW_GRAPHICS/SW_OSD/sw_osd_module_RTC.o
 .bss.TextDAY   0x00000000200001a0       0x18 ./Src/libs/SW_GRAPHICS/SW_OSD/sw_osd_module_RTC.o
 .bss.Delim3    0x00000000200001b8       0x18 ./Src/libs/SW_GRAPHICS/SW_OSD/sw_osd_module_RTC.o
 .bss.cnt.6461  0x00000000200001d0        0x1 ./Src/libs/SW_GRAPHICS/SW_OSD/sw_osd_module_RTC.o
 *fill*         0x00000000200001d1        0x3 
 .bss.Date      0x00000000200001d4       0x50 ./Src/libs/SW_GRAPHICS/animations.o
 .bss.Text2     0x0000000020000224       0x18 ./Src/libs/SW_GRAPHICS/animations.o
 .bss.text2     0x000000002000023c        0x4 ./Src/libs/SW_GRAPHICS/animations.o
 .bss.keybEventFlag
                0x0000000020000240        0x1 ./Src/libs/SW_INPUT/keyboard_v4.o
 *fill*         0x0000000020000241        0x3 
 .bss.keyboard  0x0000000020000244        0x3 ./Src/libs/SW_INPUT/keyboard_v4.o
 *fill*         0x0000000020000247        0x1 
 .bss.keyboard_event_callback
                0x0000000020000248        0x4 ./Src/libs/SW_INPUT/keyboard_v4.o
 .bss.keyTmp.5348
                0x000000002000024c        0x1 ./Src/libs/SW_INPUT/keyboard_v4.o
 *fill*         0x000000002000024d        0x3 
 .bss.irmp_bit  0x0000000020000250        0x4 ./Src/libs/SW_IR/IRMP/irmp.o
 .bss.irmp_param
                0x0000000020000254       0x44 ./Src/libs/SW_IR/IRMP/irmp.o
 .bss.irmp_ir_detected
                0x0000000020000298        0x4 ./Src/libs/SW_IR/IRMP/irmp.o
 .bss.irmp_protocol
                0x000000002000029c        0x4 ./Src/libs/SW_IR/IRMP/irmp.o
 .bss.irmp_address
                0x00000000200002a0        0x4 ./Src/libs/SW_IR/IRMP/irmp.o
 .bss.irmp_command
                0x00000000200002a4        0x4 ./Src/libs/SW_IR/IRMP/irmp.o
 .bss.irmp_id   0x00000000200002a8        0x4 ./Src/libs/SW_IR/IRMP/irmp.o
 .bss.irmp_flags
                0x00000000200002ac        0x4 ./Src/libs/SW_IR/IRMP/irmp.o
 .bss.irmp_tmp_address
                0x00000000200002b0        0x4 ./Src/libs/SW_IR/IRMP/irmp.o
 .bss.irmp_tmp_command
                0x00000000200002b4        0x4 ./Src/libs/SW_IR/IRMP/irmp.o
 .bss.irmp_tmp_id
                0x00000000200002b8        0x4 ./Src/libs/SW_IR/IRMP/irmp.o
 .bss.xor_check
                0x00000000200002bc        0x6 ./Src/libs/SW_IR/IRMP/irmp.o
 *fill*         0x00000000200002c2        0x2 
 .bss.genre2    0x00000000200002c4        0x4 ./Src/libs/SW_IR/IRMP/irmp.o
 .bss.irmp_start_bit_detected.5783
                0x00000000200002c8        0x4 ./Src/libs/SW_IR/IRMP/irmp.o
 .bss.irmp_pulse_time.5786
                0x00000000200002cc        0x4 ./Src/libs/SW_IR/IRMP/irmp.o
 .bss.wait_for_start_space.5785
                0x00000000200002d0        0x4 ./Src/libs/SW_IR/IRMP/irmp.o
 .bss.wait_for_space.5784
                0x00000000200002d4        0x4 ./Src/libs/SW_IR/IRMP/irmp.o
 .bss.irmp_pause_time.5787
                0x00000000200002d8        0x1 ./Src/libs/SW_IR/IRMP/irmp.o
 *fill*         0x00000000200002d9        0x3 
 .bss.key_repetition_len.5790
                0x00000000200002dc        0x4 ./Src/libs/SW_IR/IRMP/irmp.o
 .bss.repetition_frame_number.5791
                0x00000000200002e0        0x4 ./Src/libs/SW_IR/IRMP/irmp.o
 .bss.irmpData  0x00000000200002e4        0x6 ./Src/libs/SW_IR/sw_irmanage.o
 *fill*         0x00000000200002ea        0x2 
 .bss.irDecoded_event_callback
                0x00000000200002ec        0x4 ./Src/libs/SW_IR/sw_irmanage.o
 .bss.irRepeatCounter.5807
                0x00000000200002f0        0x2 ./Src/libs/SW_IR/sw_irmanage.o
 *fill*         0x00000000200002f2        0x2 
 .bss.i2cRxBuff
                0x00000000200002f4        0x8 ./Src/libs/SW_RTC/SW_RTC_DS3231/ds3231.o
 .bss.simon.4845
                0x00000000200002fc        0x1 ./Src/libs/SW_RTC/SW_RTC_STM32/sw_rtc_stm32.o
 .bss.i2cErrorOcurred
                0x00000000200002fd        0x1 ./Src/libs/SW_RTC/sw_i2c.o
 .bss.rtcDatetimeFlag
                0x00000000200002fe        0x1 ./Src/libs/SW_RTC/sw_rtc_manage.o
 *fill*         0x00000000200002ff        0x1 
 .bss.datetime_event_callback
                0x0000000020000300        0x4 ./Src/libs/SW_RTC/sw_rtc_manage.o
 *(COMMON)
 COMMON         0x0000000020000304       0x90 ./Src/libs/SW_GRAPHICS/SW_HT1632C/framebuffer.o
                0x0000000020000304                ActualBuffer1
                0x0000000020000308                Buffer1_Back
                0x0000000020000328                ActualBuffer2
                0x000000002000032c                syncFlag
                0x0000000020000330                Buffer2_Back
                0x0000000020000350                updateScreen1
                0x0000000020000354                Buffer1
                0x0000000020000374                Buffer2
 COMMON         0x0000000020000394        0xf ./Src/libs/SW_RTC/sw_rtc_manage.o
                0x0000000020000394                SetDateTime
                0x000000002000039c                ShowDateTime
 *fill*         0x00000000200003a3        0x1 
 COMMON         0x00000000200003a4       0x1c ./Src/libs/SW_TIMERS/sw_soft_timers.o
                0x00000000200003a4                debounceTimer
                0x00000000200003a6                repeatTimer
                0x00000000200003a8                softTimer2
                0x00000000200003aa                fallAvgTimer
                0x00000000200003ac                pressTimer
                0x00000000200003ae                adcCaptureTimer
                0x00000000200003b0                fallTimer
                0x00000000200003b2                adcTimer
                0x00000000200003b4                peakTimer
                0x00000000200003b6                showMenuTimer
                0x00000000200003b8                softTimer5
                0x00000000200003ba                riseTimer
                0x00000000200003bc                peakAvgTimer
                0x00000000200003be                softTimer1
                0x00000000200003c0                . = ALIGN (0x4)
                0x00000000200003c0                _ebss = .
                0x00000000200003c0                __bss_end__ = _ebss

._user_heap_stack
                0x00000000200003c0      0x600 load address 0x0000000008004be0
                0x00000000200003c0                . = ALIGN (0x8)
                [!provide]                        PROVIDE (end = .)
                [!provide]                        PROVIDE (_end = .)
                0x00000000200005c0                . = (. + _Min_Heap_Size)
 *fill*         0x00000000200003c0      0x200 
                0x00000000200009c0                . = (. + _Min_Stack_Size)
 *fill*         0x00000000200005c0      0x400 
                0x00000000200009c0                . = ALIGN (0x8)

/DISCARD/
 libc.a(*)
 libm.a(*)
 libgcc.a(*)

.ARM.attributes
                0x0000000000000000       0x28
 *(.ARM.attributes)
 .ARM.attributes
                0x0000000000000000       0x1e d:/00_programowanie/stm32cubeide_1.4.0/stm32cubeide/plugins/com.st.stm32cube.ide.mcu.externaltools.gnu-tools-for-stm32.9-2020-q2-update.win32_2.0.0.202105311346/tools/bin/../lib/gcc/arm-none-eabi/9.3.1/thumb/v6-m/nofp/crti.o
 .ARM.attributes
                0x000000000000001e       0x2c d:/00_programowanie/stm32cubeide_1.4.0/stm32cubeide/plugins/com.st.stm32cube.ide.mcu.externaltools.gnu-tools-for-stm32.9-2020-q2-update.win32_2.0.0.202105311346/tools/bin/../lib/gcc/arm-none-eabi/9.3.1/thumb/v6-m/nofp/crtbegin.o
 .ARM.attributes
                0x000000000000004a       0x2c ./Src/libs/SW_BOARD/gpio.o
 .ARM.attributes
                0x0000000000000076       0x2c ./Src/libs/SW_BOARD/sw_led_blink_debug.o
 .ARM.attributes
                0x00000000000000a2       0x31 ./Src/libs/SW_GRAPHICS/SW_FONTS/Arial6pt_8_var.o
 .ARM.attributes
                0x00000000000000d3       0x31 ./Src/libs/SW_GRAPHICS/SW_FONTS/ArialBoldDigits8.o
 .ARM.attributes
                0x0000000000000104       0x31 ./Src/libs/SW_GRAPHICS/SW_FONTS/MagicMatrix_3x5_numbers.o
 .ARM.attributes
                0x0000000000000135       0x31 ./Src/libs/SW_GRAPHICS/SW_FONTS/MagicMatrix_3x7_numbers.o
 .ARM.attributes
                0x0000000000000166       0x2c ./Src/libs/SW_GRAPHICS/SW_HT1632C/framebuffer.o
 .ARM.attributes
                0x0000000000000192       0x2c ./Src/libs/SW_GRAPHICS/SW_HT1632C/sw_ht3216c.o
 .ARM.attributes
                0x00000000000001be       0x2c ./Src/libs/SW_GRAPHICS/SW_OSD/sw_osd.o
 .ARM.attributes
                0x00000000000001ea       0x2c ./Src/libs/SW_GRAPHICS/SW_OSD/sw_osd_module_BRIGHT.o
 .ARM.attributes
                0x0000000000000216       0x2c ./Src/libs/SW_GRAPHICS/SW_OSD/sw_osd_module_IR.o
 .ARM.attributes
                0x0000000000000242       0x2c ./Src/libs/SW_GRAPHICS/SW_OSD/sw_osd_module_RTC.o
 .ARM.attributes
                0x000000000000026e       0x2c ./Src/libs/SW_GRAPHICS/animations.o
 .ARM.attributes
                0x000000000000029a       0x2c ./Src/libs/SW_GRAPHICS/fonts_pl.o
 .ARM.attributes
                0x00000000000002c6       0x2c ./Src/libs/SW_GRAPHICS/graphic.o
 .ARM.attributes
                0x00000000000002f2       0x2c ./Src/libs/SW_GRAPHICS/text.o
 .ARM.attributes
                0x000000000000031e       0x2c ./Src/libs/SW_INPUT/keyboard_v4.o
 .ARM.attributes
                0x000000000000034a       0x2c ./Src/libs/SW_IR/IRMP/irmp.o
 .ARM.attributes
                0x0000000000000376       0x2c ./Src/libs/SW_IR/sw_irmanage.o
 .ARM.attributes
                0x00000000000003a2       0x2c ./Src/libs/SW_RTC/SW_RTC_DS3231/ds3231.o
 .ARM.attributes
                0x00000000000003ce       0x2c ./Src/libs/SW_RTC/SW_RTC_STM32/sw_rtc_stm32.o
 .ARM.attributes
                0x00000000000003fa       0x2c ./Src/libs/SW_RTC/data_conv_v2.o
 .ARM.attributes
                0x0000000000000426       0x2c ./Src/libs/SW_RTC/sw_i2c.o
 .ARM.attributes
                0x0000000000000452       0x2c ./Src/libs/SW_RTC/sw_rtc_manage.o
 .ARM.attributes
                0x000000000000047e       0x2c ./Src/libs/SW_STM_PERIPHS/sw_spi.o
 .ARM.attributes
                0x00000000000004aa       0x2c ./Src/libs/SW_STM_PERIPHS/sw_tim.o
 .ARM.attributes
                0x00000000000004d6       0x2c ./Src/libs/SW_TIMERS/sw_soft_timers.o
 .ARM.attributes
                0x0000000000000502       0x2c ./Src/main.o
 .ARM.attributes
                0x000000000000052e       0x2c ./Src/stm32f0xx_it.o
 .ARM.attributes
                0x000000000000055a       0x2c ./Src/system_stm32f0xx.o
 .ARM.attributes
                0x0000000000000586       0x21 ./startup/startup_stm32f072xb.o
 .ARM.attributes
                0x00000000000005a7       0x2c d:/00_programowanie/stm32cubeide_1.4.0/stm32cubeide/plugins/com.st.stm32cube.ide.mcu.externaltools.gnu-tools-for-stm32.9-2020-q2-update.win32_2.0.0.202105311346/tools/bin/../lib/gcc/arm-none-eabi/9.3.1/../../../../arm-none-eabi/lib/thumb/v6-m/nofp\libc_nano.a(lib_a-init.o)
 .ARM.attributes
                0x00000000000005d3       0x2c d:/00_programowanie/stm32cubeide_1.4.0/stm32cubeide/plugins/com.st.stm32cube.ide.mcu.externaltools.gnu-tools-for-stm32.9-2020-q2-update.win32_2.0.0.202105311346/tools/bin/../lib/gcc/arm-none-eabi/9.3.1/../../../../arm-none-eabi/lib/thumb/v6-m/nofp\libc_nano.a(lib_a-itoa.o)
 .ARM.attributes
                0x00000000000005ff       0x2c d:/00_programowanie/stm32cubeide_1.4.0/stm32cubeide/plugins/com.st.stm32cube.ide.mcu.externaltools.gnu-tools-for-stm32.9-2020-q2-update.win32_2.0.0.202105311346/tools/bin/../lib/gcc/arm-none-eabi/9.3.1/../../../../arm-none-eabi/lib/thumb/v6-m/nofp\libc_nano.a(lib_a-memcpy-stub.o)
 .ARM.attributes
                0x000000000000062b       0x2c d:/00_programowanie/stm32cubeide_1.4.0/stm32cubeide/plugins/com.st.stm32cube.ide.mcu.externaltools.gnu-tools-for-stm32.9-2020-q2-update.win32_2.0.0.202105311346/tools/bin/../lib/gcc/arm-none-eabi/9.3.1/../../../../arm-none-eabi/lib/thumb/v6-m/nofp\libc_nano.a(lib_a-memset.o)
 .ARM.attributes
                0x0000000000000657       0x2c d:/00_programowanie/stm32cubeide_1.4.0/stm32cubeide/plugins/com.st.stm32cube.ide.mcu.externaltools.gnu-tools-for-stm32.9-2020-q2-update.win32_2.0.0.202105311346/tools/bin/../lib/gcc/arm-none-eabi/9.3.1/../../../../arm-none-eabi/lib/thumb/v6-m/nofp\libc_nano.a(lib_a-strcat.o)
 .ARM.attributes
                0x0000000000000683       0x1c d:/00_programowanie/stm32cubeide_1.4.0/stm32cubeide/plugins/com.st.stm32cube.ide.mcu.externaltools.gnu-tools-for-stm32.9-2020-q2-update.win32_2.0.0.202105311346/tools/bin/../lib/gcc/arm-none-eabi/9.3.1/../../../../arm-none-eabi/lib/thumb/v6-m/nofp\libc_nano.a(lib_a-strlen.o)
 .ARM.attributes
                0x000000000000069f       0x2c d:/00_programowanie/stm32cubeide_1.4.0/stm32cubeide/plugins/com.st.stm32cube.ide.mcu.externaltools.gnu-tools-for-stm32.9-2020-q2-update.win32_2.0.0.202105311346/tools/bin/../lib/gcc/arm-none-eabi/9.3.1/../../../../arm-none-eabi/lib/thumb/v6-m/nofp\libc_nano.a(lib_a-utoa.o)
 .ARM.attributes
                0x00000000000006cb       0x2c d:/00_programowanie/stm32cubeide_1.4.0/stm32cubeide/plugins/com.st.stm32cube.ide.mcu.externaltools.gnu-tools-for-stm32.9-2020-q2-update.win32_2.0.0.202105311346/tools/bin/../lib/gcc/arm-none-eabi/9.3.1/../../../../arm-none-eabi/lib/thumb/v6-m/nofp\libc_nano.a(lib_a-wcscat.o)
 .ARM.attributes
                0x00000000000006f7       0x1e d:/00_programowanie/stm32cubeide_1.4.0/stm32cubeide/plugins/com.st.stm32cube.ide.mcu.externaltools.gnu-tools-for-stm32.9-2020-q2-update.win32_2.0.0.202105311346/tools/bin/../lib/gcc/arm-none-eabi/9.3.1/thumb/v6-m/nofp\libgcc.a(_udivsi3.o)
 .ARM.attributes
                0x0000000000000715       0x1e d:/00_programowanie/stm32cubeide_1.4.0/stm32cubeide/plugins/com.st.stm32cube.ide.mcu.externaltools.gnu-tools-for-stm32.9-2020-q2-update.win32_2.0.0.202105311346/tools/bin/../lib/gcc/arm-none-eabi/9.3.1/thumb/v6-m/nofp\libgcc.a(_dvmd_tls.o)
 .ARM.attributes
                0x0000000000000733       0x1e d:/00_programowanie/stm32cubeide_1.4.0/stm32cubeide/plugins/com.st.stm32cube.ide.mcu.externaltools.gnu-tools-for-stm32.9-2020-q2-update.win32_2.0.0.202105311346/tools/bin/../lib/gcc/arm-none-eabi/9.3.1/thumb/v6-m/nofp\libgcc.a(_ctzsi2.o)
 .ARM.attributes
                0x0000000000000751       0x1e d:/00_programowanie/stm32cubeide_1.4.0/stm32cubeide/plugins/com.st.stm32cube.ide.mcu.externaltools.gnu-tools-for-stm32.9-2020-q2-update.win32_2.0.0.202105311346/tools/bin/../lib/gcc/arm-none-eabi/9.3.1/thumb/v6-m/nofp/crtn.o
OUTPUT(STM32F072_CID_REG_Mini_Clock.elf elf32-littlearm)
LOAD linker stubs
LOAD d:/00_programowanie/stm32cubeide_1.4.0/stm32cubeide/plugins/com.st.stm32cube.ide.mcu.externaltools.gnu-tools-for-stm32.9-2020-q2-update.win32_2.0.0.202105311346/tools/bin/../lib/gcc/arm-none-eabi/9.3.1/../../../../arm-none-eabi/lib/thumb/v6-m/nofp\libc.a
LOAD d:/00_programowanie/stm32cubeide_1.4.0/stm32cubeide/plugins/com.st.stm32cube.ide.mcu.externaltools.gnu-tools-for-stm32.9-2020-q2-update.win32_2.0.0.202105311346/tools/bin/../lib/gcc/arm-none-eabi/9.3.1/../../../../arm-none-eabi/lib/thumb/v6-m/nofp\libm.a
LOAD d:/00_programowanie/stm32cubeide_1.4.0/stm32cubeide/plugins/com.st.stm32cube.ide.mcu.externaltools.gnu-tools-for-stm32.9-2020-q2-update.win32_2.0.0.202105311346/tools/bin/../lib/gcc/arm-none-eabi/9.3.1/thumb/v6-m/nofp\libgcc.a

.debug_info     0x0000000000000000    0x1a4c5
 .debug_info    0x0000000000000000     0x1122 ./Src/libs/SW_BOARD/gpio.o
 .debug_info    0x0000000000001122     0x1097 ./Src/libs/SW_BOARD/sw_led_blink_debug.o
 .debug_info    0x00000000000021b9      0xae6 ./Src/libs/SW_GRAPHICS/SW_FONTS/Arial6pt_8_var.o
 .debug_info    0x0000000000002c9f      0xae3 ./Src/libs/SW_GRAPHICS/SW_FONTS/ArialBoldDigits8.o
 .debug_info    0x0000000000003782      0xae3 ./Src/libs/SW_GRAPHICS/SW_FONTS/MagicMatrix_3x5_numbers.o
 .debug_info    0x0000000000004265      0xae3 ./Src/libs/SW_GRAPHICS/SW_FONTS/MagicMatrix_3x7_numbers.o
 .debug_info    0x0000000000004d48      0xbde ./Src/libs/SW_GRAPHICS/SW_HT1632C/framebuffer.o
 .debug_info    0x0000000000005926     0x1ef4 ./Src/libs/SW_GRAPHICS/SW_HT1632C/sw_ht3216c.o
 .debug_info    0x000000000000781a      0xf46 ./Src/libs/SW_GRAPHICS/SW_OSD/sw_osd.o
 .debug_info    0x0000000000008760      0xf57 ./Src/libs/SW_GRAPHICS/SW_OSD/sw_osd_module_BRIGHT.o
 .debug_info    0x00000000000096b7       0x3c ./Src/libs/SW_GRAPHICS/SW_OSD/sw_osd_module_IR.o
 .debug_info    0x00000000000096f3     0x133a ./Src/libs/SW_GRAPHICS/SW_OSD/sw_osd_module_RTC.o
 .debug_info    0x000000000000aa2d      0xf80 ./Src/libs/SW_GRAPHICS/animations.o
 .debug_info    0x000000000000b9ad      0x172 ./Src/libs/SW_GRAPHICS/fonts_pl.o
 .debug_info    0x000000000000bb1f      0xc94 ./Src/libs/SW_GRAPHICS/graphic.o
 .debug_info    0x000000000000c7b3     0x14a9 ./Src/libs/SW_GRAPHICS/text.o
 .debug_info    0x000000000000dc5c     0x10e8 ./Src/libs/SW_INPUT/keyboard_v4.o
 .debug_info    0x000000000000ed44     0x1174 ./Src/libs/SW_IR/IRMP/irmp.o
 .debug_info    0x000000000000feb8     0x11da ./Src/libs/SW_IR/sw_irmanage.o
 .debug_info    0x0000000000011092     0x20d3 ./Src/libs/SW_RTC/SW_RTC_DS3231/ds3231.o
 .debug_info    0x0000000000013165      0x512 ./Src/libs/SW_RTC/SW_RTC_STM32/sw_rtc_stm32.o
 .debug_info    0x0000000000013677      0x17c ./Src/libs/SW_RTC/data_conv_v2.o
 .debug_info    0x00000000000137f3     0x1ed3 ./Src/libs/SW_RTC/sw_i2c.o
 .debug_info    0x00000000000156c6     0x12b1 ./Src/libs/SW_RTC/sw_rtc_manage.o
 .debug_info    0x0000000000016977     0x134c ./Src/libs/SW_STM_PERIPHS/sw_spi.o
 .debug_info    0x0000000000017cc3      0x66c ./Src/libs/SW_STM_PERIPHS/sw_tim.o
 .debug_info    0x000000000001832f      0x660 ./Src/libs/SW_TIMERS/sw_soft_timers.o
 .debug_info    0x000000000001898f     0x1772 ./Src/main.o
 .debug_info    0x000000000001a101      0x13b ./Src/stm32f0xx_it.o
 .debug_info    0x000000000001a23c      0x267 ./Src/system_stm32f0xx.o
 .debug_info    0x000000000001a4a3       0x22 ./startup/startup_stm32f072xb.o

.debug_abbrev   0x0000000000000000     0x3a17
 .debug_abbrev  0x0000000000000000      0x187 ./Src/libs/SW_BOARD/gpio.o
 .debug_abbrev  0x0000000000000187      0x1a2 ./Src/libs/SW_BOARD/sw_led_blink_debug.o
 .debug_abbrev  0x0000000000000329      0x1b4 ./Src/libs/SW_GRAPHICS/SW_FONTS/Arial6pt_8_var.o
 .debug_abbrev  0x00000000000004dd      0x198 ./Src/libs/SW_GRAPHICS/SW_FONTS/ArialBoldDigits8.o
 .debug_abbrev  0x0000000000000675      0x198 ./Src/libs/SW_GRAPHICS/SW_FONTS/MagicMatrix_3x5_numbers.o
 .debug_abbrev  0x000000000000080d      0x198 ./Src/libs/SW_GRAPHICS/SW_FONTS/MagicMatrix_3x7_numbers.o
 .debug_abbrev  0x00000000000009a5      0x1e4 ./Src/libs/SW_GRAPHICS/SW_HT1632C/framebuffer.o
 .debug_abbrev  0x0000000000000b89      0x343 ./Src/libs/SW_GRAPHICS/SW_HT1632C/sw_ht3216c.o
 .debug_abbrev  0x0000000000000ecc      0x266 ./Src/libs/SW_GRAPHICS/SW_OSD/sw_osd.o
 .debug_abbrev  0x0000000000001132      0x221 ./Src/libs/SW_GRAPHICS/SW_OSD/sw_osd_module_BRIGHT.o
 .debug_abbrev  0x0000000000001353       0x31 ./Src/libs/SW_GRAPHICS/SW_OSD/sw_osd_module_IR.o
 .debug_abbrev  0x0000000000001384      0x261 ./Src/libs/SW_GRAPHICS/SW_OSD/sw_osd_module_RTC.o
 .debug_abbrev  0x00000000000015e5      0x21c ./Src/libs/SW_GRAPHICS/animations.o
 .debug_abbrev  0x0000000000001801       0xc4 ./Src/libs/SW_GRAPHICS/fonts_pl.o
 .debug_abbrev  0x00000000000018c5      0x209 ./Src/libs/SW_GRAPHICS/graphic.o
 .debug_abbrev  0x0000000000001ace      0x311 ./Src/libs/SW_GRAPHICS/text.o
 .debug_abbrev  0x0000000000001ddf      0x1e3 ./Src/libs/SW_INPUT/keyboard_v4.o
 .debug_abbrev  0x0000000000001fc2      0x2b3 ./Src/libs/SW_IR/IRMP/irmp.o
 .debug_abbrev  0x0000000000002275      0x31c ./Src/libs/SW_IR/sw_irmanage.o
 .debug_abbrev  0x0000000000002591      0x2f2 ./Src/libs/SW_RTC/SW_RTC_DS3231/ds3231.o
 .debug_abbrev  0x0000000000002883      0x18d ./Src/libs/SW_RTC/SW_RTC_STM32/sw_rtc_stm32.o
 .debug_abbrev  0x0000000000002a10       0xd5 ./Src/libs/SW_RTC/data_conv_v2.o
 .debug_abbrev  0x0000000000002ae5      0x33e ./Src/libs/SW_RTC/sw_i2c.o
 .debug_abbrev  0x0000000000002e23      0x28b ./Src/libs/SW_RTC/sw_rtc_manage.o
 .debug_abbrev  0x00000000000030ae      0x1d3 ./Src/libs/SW_STM_PERIPHS/sw_spi.o
 .debug_abbrev  0x0000000000003281      0x162 ./Src/libs/SW_STM_PERIPHS/sw_tim.o
 .debug_abbrev  0x00000000000033e3      0x1c4 ./Src/libs/SW_TIMERS/sw_soft_timers.o
 .debug_abbrev  0x00000000000035a7      0x2c6 ./Src/main.o
 .debug_abbrev  0x000000000000386d       0x82 ./Src/stm32f0xx_it.o
 .debug_abbrev  0x00000000000038ef      0x116 ./Src/system_stm32f0xx.o
 .debug_abbrev  0x0000000000003a05       0x12 ./startup/startup_stm32f072xb.o

.debug_aranges  0x0000000000000000      0x790
 .debug_aranges
                0x0000000000000000       0x48 ./Src/libs/SW_BOARD/gpio.o
 .debug_aranges
                0x0000000000000048       0x58 ./Src/libs/SW_BOARD/sw_led_blink_debug.o
 .debug_aranges
                0x00000000000000a0       0x18 ./Src/libs/SW_GRAPHICS/SW_FONTS/Arial6pt_8_var.o
 .debug_aranges
                0x00000000000000b8       0x18 ./Src/libs/SW_GRAPHICS/SW_FONTS/ArialBoldDigits8.o
 .debug_aranges
                0x00000000000000d0       0x18 ./Src/libs/SW_GRAPHICS/SW_FONTS/MagicMatrix_3x5_numbers.o
 .debug_aranges
                0x00000000000000e8       0x18 ./Src/libs/SW_GRAPHICS/SW_FONTS/MagicMatrix_3x7_numbers.o
 .debug_aranges
                0x0000000000000100       0x20 ./Src/libs/SW_GRAPHICS/SW_HT1632C/framebuffer.o
 .debug_aranges
                0x0000000000000120       0x58 ./Src/libs/SW_GRAPHICS/SW_HT1632C/sw_ht3216c.o
 .debug_aranges
                0x0000000000000178       0x48 ./Src/libs/SW_GRAPHICS/SW_OSD/sw_osd.o
 .debug_aranges
                0x00000000000001c0       0x30 ./Src/libs/SW_GRAPHICS/SW_OSD/sw_osd_module_BRIGHT.o
 .debug_aranges
                0x00000000000001f0       0x20 ./Src/libs/SW_GRAPHICS/SW_OSD/sw_osd_module_IR.o
 .debug_aranges
                0x0000000000000210       0x60 ./Src/libs/SW_GRAPHICS/SW_OSD/sw_osd_module_RTC.o
 .debug_aranges
                0x0000000000000270       0x30 ./Src/libs/SW_GRAPHICS/animations.o
 .debug_aranges
                0x00000000000002a0       0x20 ./Src/libs/SW_GRAPHICS/fonts_pl.o
 .debug_aranges
                0x00000000000002c0       0x38 ./Src/libs/SW_GRAPHICS/graphic.o
 .debug_aranges
                0x00000000000002f8       0x78 ./Src/libs/SW_GRAPHICS/text.o
 .debug_aranges
                0x0000000000000370       0x40 ./Src/libs/SW_INPUT/keyboard_v4.o
 .debug_aranges
                0x00000000000003b0       0x40 ./Src/libs/SW_IR/IRMP/irmp.o
 .debug_aranges
                0x00000000000003f0       0x48 ./Src/libs/SW_IR/sw_irmanage.o
 .debug_aranges
                0x0000000000000438       0x58 ./Src/libs/SW_RTC/SW_RTC_DS3231/ds3231.o
 .debug_aranges
                0x0000000000000490       0x78 ./Src/libs/SW_RTC/SW_RTC_STM32/sw_rtc_stm32.o
 .debug_aranges
                0x0000000000000508       0x30 ./Src/libs/SW_RTC/data_conv_v2.o
 .debug_aranges
                0x0000000000000538       0x58 ./Src/libs/SW_RTC/sw_i2c.o
 .debug_aranges
                0x0000000000000590       0x60 ./Src/libs/SW_RTC/sw_rtc_manage.o
 .debug_aranges
                0x00000000000005f0       0x48 ./Src/libs/SW_STM_PERIPHS/sw_spi.o
 .debug_aranges
                0x0000000000000638       0x40 ./Src/libs/SW_STM_PERIPHS/sw_tim.o
 .debug_aranges
                0x0000000000000678       0x40 ./Src/libs/SW_TIMERS/sw_soft_timers.o
 .debug_aranges
                0x00000000000006b8       0x50 ./Src/main.o
 .debug_aranges
                0x0000000000000708       0x38 ./Src/stm32f0xx_it.o
 .debug_aranges
                0x0000000000000740       0x28 ./Src/system_stm32f0xx.o
 .debug_aranges
                0x0000000000000768       0x28 ./startup/startup_stm32f072xb.o

.debug_ranges   0x0000000000000000      0x5a0
 .debug_ranges  0x0000000000000000       0x38 ./Src/libs/SW_BOARD/gpio.o
 .debug_ranges  0x0000000000000038       0x48 ./Src/libs/SW_BOARD/sw_led_blink_debug.o
 .debug_ranges  0x0000000000000080       0x10 ./Src/libs/SW_GRAPHICS/SW_HT1632C/framebuffer.o
 .debug_ranges  0x0000000000000090       0x48 ./Src/libs/SW_GRAPHICS/SW_HT1632C/sw_ht3216c.o
 .debug_ranges  0x00000000000000d8       0x38 ./Src/libs/SW_GRAPHICS/SW_OSD/sw_osd.o
 .debug_ranges  0x0000000000000110       0x20 ./Src/libs/SW_GRAPHICS/SW_OSD/sw_osd_module_BRIGHT.o
 .debug_ranges  0x0000000000000130       0x10 ./Src/libs/SW_GRAPHICS/SW_OSD/sw_osd_module_IR.o
 .debug_ranges  0x0000000000000140       0x50 ./Src/libs/SW_GRAPHICS/SW_OSD/sw_osd_module_RTC.o
 .debug_ranges  0x0000000000000190       0x20 ./Src/libs/SW_GRAPHICS/animations.o
 .debug_ranges  0x00000000000001b0       0x10 ./Src/libs/SW_GRAPHICS/fonts_pl.o
 .debug_ranges  0x00000000000001c0       0x28 ./Src/libs/SW_GRAPHICS/graphic.o
 .debug_ranges  0x00000000000001e8       0x68 ./Src/libs/SW_GRAPHICS/text.o
 .debug_ranges  0x0000000000000250       0x48 ./Src/libs/SW_INPUT/keyboard_v4.o
 .debug_ranges  0x0000000000000298       0x30 ./Src/libs/SW_IR/IRMP/irmp.o
 .debug_ranges  0x00000000000002c8       0x38 ./Src/libs/SW_IR/sw_irmanage.o
 .debug_ranges  0x0000000000000300       0x48 ./Src/libs/SW_RTC/SW_RTC_DS3231/ds3231.o
 .debug_ranges  0x0000000000000348       0x68 ./Src/libs/SW_RTC/SW_RTC_STM32/sw_rtc_stm32.o
 .debug_ranges  0x00000000000003b0       0x20 ./Src/libs/SW_RTC/data_conv_v2.o
 .debug_ranges  0x00000000000003d0       0x48 ./Src/libs/SW_RTC/sw_i2c.o
 .debug_ranges  0x0000000000000418       0x50 ./Src/libs/SW_RTC/sw_rtc_manage.o
 .debug_ranges  0x0000000000000468       0x38 ./Src/libs/SW_STM_PERIPHS/sw_spi.o
 .debug_ranges  0x00000000000004a0       0x30 ./Src/libs/SW_STM_PERIPHS/sw_tim.o
 .debug_ranges  0x00000000000004d0       0x30 ./Src/libs/SW_TIMERS/sw_soft_timers.o
 .debug_ranges  0x0000000000000500       0x40 ./Src/main.o
 .debug_ranges  0x0000000000000540       0x28 ./Src/stm32f0xx_it.o
 .debug_ranges  0x0000000000000568       0x18 ./Src/system_stm32f0xx.o
 .debug_ranges  0x0000000000000580       0x20 ./startup/startup_stm32f072xb.o

.debug_macro    0x0000000000000000    0x173d0
 .debug_macro   0x0000000000000000       0xef ./Src/libs/SW_BOARD/gpio.o
 .debug_macro   0x00000000000000ef      0xa84 ./Src/libs/SW_BOARD/gpio.o
 .debug_macro   0x0000000000000b73       0x10 ./Src/libs/SW_BOARD/gpio.o
 .debug_macro   0x0000000000000b83       0x2e ./Src/libs/SW_BOARD/gpio.o
 .debug_macro   0x0000000000000bb1       0x22 ./Src/libs/SW_BOARD/gpio.o
 .debug_macro   0x0000000000000bd3       0x22 ./Src/libs/SW_BOARD/gpio.o
 .debug_macro   0x0000000000000bf5       0x8e ./Src/libs/SW_BOARD/gpio.o
 .debug_macro   0x0000000000000c83       0x51 ./Src/libs/SW_BOARD/gpio.o
 .debug_macro   0x0000000000000cd4      0x103 ./Src/libs/SW_BOARD/gpio.o
 .debug_macro   0x0000000000000dd7       0x6a ./Src/libs/SW_BOARD/gpio.o
 .debug_macro   0x0000000000000e41      0x1df ./Src/libs/SW_BOARD/gpio.o
 .debug_macro   0x0000000000001020       0x34 ./Src/libs/SW_BOARD/gpio.o
 .debug_macro   0x0000000000001054       0x26 ./Src/libs/SW_BOARD/gpio.o
 .debug_macro   0x000000000000107a      0x30d ./Src/libs/SW_BOARD/gpio.o
 .debug_macro   0x0000000000001387     0xfe50 ./Src/libs/SW_BOARD/gpio.o
 .debug_macro   0x00000000000111d7       0x3c ./Src/libs/SW_BOARD/gpio.o
 .debug_macro   0x0000000000011213       0x22 ./Src/libs/SW_BOARD/gpio.o
 .debug_macro   0x0000000000011235       0x92 ./Src/libs/SW_BOARD/gpio.o
 .debug_macro   0x00000000000112c7       0x40 ./Src/libs/SW_BOARD/gpio.o
 .debug_macro   0x0000000000011307      0x101 ./Src/libs/SW_BOARD/sw_led_blink_debug.o
 .debug_macro   0x0000000000011408       0x1c ./Src/libs/SW_BOARD/sw_led_blink_debug.o
 .debug_macro   0x0000000000011424       0x34 ./Src/libs/SW_BOARD/sw_led_blink_debug.o
 .debug_macro   0x0000000000011458      0x13d ./Src/libs/SW_GRAPHICS/SW_FONTS/Arial6pt_8_var.o
 .debug_macro   0x0000000000011595       0x18 ./Src/libs/SW_GRAPHICS/SW_FONTS/Arial6pt_8_var.o
 .debug_macro   0x00000000000115ad       0x4c ./Src/libs/SW_GRAPHICS/SW_FONTS/Arial6pt_8_var.o
 .debug_macro   0x00000000000115f9       0x94 ./Src/libs/SW_GRAPHICS/SW_FONTS/Arial6pt_8_var.o
 .debug_macro   0x000000000001168d       0x3c ./Src/libs/SW_GRAPHICS/SW_FONTS/Arial6pt_8_var.o
 .debug_macro   0x00000000000116c9       0x34 ./Src/libs/SW_GRAPHICS/SW_FONTS/Arial6pt_8_var.o
 .debug_macro   0x00000000000116fd       0x16 ./Src/libs/SW_GRAPHICS/SW_FONTS/Arial6pt_8_var.o
 .debug_macro   0x0000000000011713      0x10e ./Src/libs/SW_GRAPHICS/SW_FONTS/Arial6pt_8_var.o
 .debug_macro   0x0000000000011821       0x8d ./Src/libs/SW_GRAPHICS/SW_FONTS/Arial6pt_8_var.o
 .debug_macro   0x00000000000118ae       0x16 ./Src/libs/SW_GRAPHICS/SW_FONTS/Arial6pt_8_var.o
 .debug_macro   0x00000000000118c4       0x43 ./Src/libs/SW_GRAPHICS/SW_FONTS/Arial6pt_8_var.o
 .debug_macro   0x0000000000011907       0x57 ./Src/libs/SW_GRAPHICS/SW_FONTS/Arial6pt_8_var.o
 .debug_macro   0x000000000001195e       0x34 ./Src/libs/SW_GRAPHICS/SW_FONTS/Arial6pt_8_var.o
 .debug_macro   0x0000000000011992       0x10 ./Src/libs/SW_GRAPHICS/SW_FONTS/Arial6pt_8_var.o
 .debug_macro   0x00000000000119a2       0x58 ./Src/libs/SW_GRAPHICS/SW_FONTS/Arial6pt_8_var.o
 .debug_macro   0x00000000000119fa       0x71 ./Src/libs/SW_GRAPHICS/SW_FONTS/Arial6pt_8_var.o
 .debug_macro   0x0000000000011a6b       0x1c ./Src/libs/SW_GRAPHICS/SW_FONTS/Arial6pt_8_var.o
 .debug_macro   0x0000000000011a87      0x12a ./Src/libs/SW_GRAPHICS/SW_FONTS/Arial6pt_8_var.o
 .debug_macro   0x0000000000011bb1      0x339 ./Src/libs/SW_GRAPHICS/SW_FONTS/Arial6pt_8_var.o
 .debug_macro   0x0000000000011eea       0x16 ./Src/libs/SW_GRAPHICS/SW_FONTS/Arial6pt_8_var.o
 .debug_macro   0x0000000000011f00       0x29 ./Src/libs/SW_GRAPHICS/SW_FONTS/Arial6pt_8_var.o
 .debug_macro   0x0000000000011f29       0x22 ./Src/libs/SW_GRAPHICS/SW_FONTS/Arial6pt_8_var.o
 .debug_macro   0x0000000000011f4b      0x13d ./Src/libs/SW_GRAPHICS/SW_FONTS/ArialBoldDigits8.o
 .debug_macro   0x0000000000012088      0x13d ./Src/libs/SW_GRAPHICS/SW_FONTS/MagicMatrix_3x5_numbers.o
 .debug_macro   0x00000000000121c5      0x13d ./Src/libs/SW_GRAPHICS/SW_FONTS/MagicMatrix_3x7_numbers.o
 .debug_macro   0x0000000000012302      0x1cc ./Src/libs/SW_GRAPHICS/SW_HT1632C/framebuffer.o
 .debug_macro   0x00000000000124ce       0x52 ./Src/libs/SW_GRAPHICS/SW_HT1632C/framebuffer.o
 .debug_macro   0x0000000000012520      0x174 ./Src/libs/SW_GRAPHICS/SW_HT1632C/framebuffer.o
 .debug_macro   0x0000000000012694       0x10 ./Src/libs/SW_GRAPHICS/SW_HT1632C/framebuffer.o
 .debug_macro   0x00000000000126a4       0x35 ./Src/libs/SW_GRAPHICS/SW_HT1632C/framebuffer.o
 .debug_macro   0x00000000000126d9       0x20 ./Src/libs/SW_GRAPHICS/SW_HT1632C/framebuffer.o
 .debug_macro   0x00000000000126f9       0x3a ./Src/libs/SW_GRAPHICS/SW_HT1632C/framebuffer.o
 .debug_macro   0x0000000000012733       0x46 ./Src/libs/SW_GRAPHICS/SW_HT1632C/framebuffer.o
 .debug_macro   0x0000000000012779      0x1e6 ./Src/libs/SW_GRAPHICS/SW_HT1632C/sw_ht3216c.o
 .debug_macro   0x000000000001295f       0x4c ./Src/libs/SW_GRAPHICS/SW_HT1632C/sw_ht3216c.o
 .debug_macro   0x00000000000129ab       0xfa ./Src/libs/SW_GRAPHICS/SW_HT1632C/sw_ht3216c.o
 .debug_macro   0x0000000000012aa5       0x40 ./Src/libs/SW_GRAPHICS/SW_HT1632C/sw_ht3216c.o
 .debug_macro   0x0000000000012ae5      0x25e ./Src/libs/SW_GRAPHICS/SW_OSD/sw_osd.o
 .debug_macro   0x0000000000012d43       0x1c ./Src/libs/SW_GRAPHICS/SW_OSD/sw_osd.o
 .debug_macro   0x0000000000012d5f       0xbe ./Src/libs/SW_GRAPHICS/SW_OSD/sw_osd.o
 .debug_macro   0x0000000000012e1d       0x82 ./Src/libs/SW_GRAPHICS/SW_OSD/sw_osd.o
 .debug_macro   0x0000000000012e9f       0x16 ./Src/libs/SW_GRAPHICS/SW_OSD/sw_osd.o
 .debug_macro   0x0000000000012eb5       0x4c ./Src/libs/SW_GRAPHICS/SW_OSD/sw_osd.o
 .debug_macro   0x0000000000012f01       0x52 ./Src/libs/SW_GRAPHICS/SW_OSD/sw_osd.o
 .debug_macro   0x0000000000012f53      0x24c ./Src/libs/SW_GRAPHICS/SW_OSD/sw_osd_module_BRIGHT.o
 .debug_macro   0x000000000001319f       0x11 ./Src/libs/SW_GRAPHICS/SW_OSD/sw_osd_module_IR.o
 .debug_macro   0x00000000000131b0      0x26d ./Src/libs/SW_GRAPHICS/SW_OSD/sw_osd_module_RTC.o
 .debug_macro   0x000000000001341d      0x276 ./Src/libs/SW_GRAPHICS/animations.o
 .debug_macro   0x0000000000013693       0x1c ./Src/libs/SW_GRAPHICS/animations.o
 .debug_macro   0x00000000000136af       0x3c ./Src/libs/SW_GRAPHICS/animations.o
 .debug_macro   0x00000000000136eb       0x10 ./Src/libs/SW_GRAPHICS/animations.o
 .debug_macro   0x00000000000136fb       0x1c ./Src/libs/SW_GRAPHICS/animations.o
 .debug_macro   0x0000000000013717       0x33 ./Src/libs/SW_GRAPHICS/animations.o
 .debug_macro   0x000000000001374a      0x1d1 ./Src/libs/SW_GRAPHICS/animations.o
 .debug_macro   0x000000000001391b       0x16 ./Src/libs/SW_GRAPHICS/animations.o
 .debug_macro   0x0000000000013931       0x7b ./Src/libs/SW_GRAPHICS/fonts_pl.o
 .debug_macro   0x00000000000139ac      0x1bd ./Src/libs/SW_GRAPHICS/graphic.o
 .debug_macro   0x0000000000013b69      0x23e ./Src/libs/SW_GRAPHICS/text.o
 .debug_macro   0x0000000000013da7      0x101 ./Src/libs/SW_INPUT/keyboard_v4.o
 .debug_macro   0x0000000000013ea8      0xe0a ./Src/libs/SW_IR/IRMP/irmp.o
 .debug_macro   0x0000000000014cb2       0x10 ./Src/libs/SW_IR/IRMP/irmp.o
 .debug_macro   0x0000000000014cc2       0x27 ./Src/libs/SW_IR/IRMP/irmp.o
 .debug_macro   0x0000000000014ce9      0x15a ./Src/libs/SW_IR/IRMP/irmp.o
 .debug_macro   0x0000000000014e43       0x46 ./Src/libs/SW_IR/IRMP/irmp.o
 .debug_macro   0x0000000000014e89     0x130d ./Src/libs/SW_IR/IRMP/irmp.o
 .debug_macro   0x0000000000016196      0x21e ./Src/libs/SW_IR/sw_irmanage.o
 .debug_macro   0x00000000000163b4       0x16 ./Src/libs/SW_IR/sw_irmanage.o
 .debug_macro   0x00000000000163ca       0x19 ./Src/libs/SW_IR/sw_irmanage.o
 .debug_macro   0x00000000000163e3      0x206 ./Src/libs/SW_RTC/SW_RTC_DS3231/ds3231.o
 .debug_macro   0x00000000000165e9       0x52 ./Src/libs/SW_RTC/SW_RTC_DS3231/ds3231.o
 .debug_macro   0x000000000001663b       0x46 ./Src/libs/SW_RTC/SW_RTC_DS3231/ds3231.o
 .debug_macro   0x0000000000016681       0xe1 ./Src/libs/SW_RTC/SW_RTC_STM32/sw_rtc_stm32.o
 .debug_macro   0x0000000000016762       0x3a ./Src/libs/SW_RTC/SW_RTC_STM32/sw_rtc_stm32.o
 .debug_macro   0x000000000001679c       0xce ./Src/libs/SW_RTC/data_conv_v2.o
 .debug_macro   0x000000000001686a      0x1c5 ./Src/libs/SW_RTC/sw_i2c.o
 .debug_macro   0x0000000000016a2f      0x245 ./Src/libs/SW_RTC/sw_rtc_manage.o
 .debug_macro   0x0000000000016c74       0xf8 ./Src/libs/SW_STM_PERIPHS/sw_spi.o
 .debug_macro   0x0000000000016d6c       0xef ./Src/libs/SW_STM_PERIPHS/sw_tim.o
 .debug_macro   0x0000000000016e5b       0x28 ./Src/libs/SW_STM_PERIPHS/sw_tim.o
 .debug_macro   0x0000000000016e83      0x101 ./Src/libs/SW_TIMERS/sw_soft_timers.o
 .debug_macro   0x0000000000016f84      0x2b2 ./Src/main.o
 .debug_macro   0x0000000000017236       0xc9 ./Src/stm32f0xx_it.o
 .debug_macro   0x00000000000172ff       0xd1 ./Src/system_stm32f0xx.o

.debug_line     0x0000000000000000    0x10532
 .debug_line    0x0000000000000000      0x711 ./Src/libs/SW_BOARD/gpio.o
 .debug_line    0x0000000000000711      0x75c ./Src/libs/SW_BOARD/sw_led_blink_debug.o
 .debug_line    0x0000000000000e6d      0x676 ./Src/libs/SW_GRAPHICS/SW_FONTS/Arial6pt_8_var.o
 .debug_line    0x00000000000014e3      0x678 ./Src/libs/SW_GRAPHICS/SW_FONTS/ArialBoldDigits8.o
 .debug_line    0x0000000000001b5b      0x67f ./Src/libs/SW_GRAPHICS/SW_FONTS/MagicMatrix_3x5_numbers.o
 .debug_line    0x00000000000021da      0x67f ./Src/libs/SW_GRAPHICS/SW_FONTS/MagicMatrix_3x7_numbers.o
 .debug_line    0x0000000000002859      0x915 ./Src/libs/SW_GRAPHICS/SW_HT1632C/framebuffer.o
 .debug_line    0x000000000000316e      0xaac ./Src/libs/SW_GRAPHICS/SW_HT1632C/sw_ht3216c.o
 .debug_line    0x0000000000003c1a      0xb16 ./Src/libs/SW_GRAPHICS/SW_OSD/sw_osd.o
 .debug_line    0x0000000000004730      0xa2d ./Src/libs/SW_GRAPHICS/SW_OSD/sw_osd_module_BRIGHT.o
 .debug_line    0x000000000000515d       0x64 ./Src/libs/SW_GRAPHICS/SW_OSD/sw_osd_module_IR.o
 .debug_line    0x00000000000051c1      0xc7b ./Src/libs/SW_GRAPHICS/SW_OSD/sw_osd_module_RTC.o
 .debug_line    0x0000000000005e3c      0xa1f ./Src/libs/SW_GRAPHICS/animations.o
 .debug_line    0x000000000000685b      0x46f ./Src/libs/SW_GRAPHICS/fonts_pl.o
 .debug_line    0x0000000000006cca      0x90e ./Src/libs/SW_GRAPHICS/graphic.o
 .debug_line    0x00000000000075d8      0xd39 ./Src/libs/SW_GRAPHICS/text.o
 .debug_line    0x0000000000008311      0x7ad ./Src/libs/SW_INPUT/keyboard_v4.o
 .debug_line    0x0000000000008abe      0xf34 ./Src/libs/SW_IR/IRMP/irmp.o
 .debug_line    0x00000000000099f2      0xa6f ./Src/libs/SW_IR/sw_irmanage.o
 .debug_line    0x000000000000a461      0xad8 ./Src/libs/SW_RTC/SW_RTC_DS3231/ds3231.o
 .debug_line    0x000000000000af39      0x8e1 ./Src/libs/SW_RTC/SW_RTC_STM32/sw_rtc_stm32.o
 .debug_line    0x000000000000b81a      0x67d ./Src/libs/SW_RTC/data_conv_v2.o
 .debug_line    0x000000000000be97      0xaf6 ./Src/libs/SW_RTC/sw_i2c.o
 .debug_line    0x000000000000c98d      0xadf ./Src/libs/SW_RTC/sw_rtc_manage.o
 .debug_line    0x000000000000d46c      0x894 ./Src/libs/SW_STM_PERIPHS/sw_spi.o
 .debug_line    0x000000000000dd00      0x724 ./Src/libs/SW_STM_PERIPHS/sw_tim.o
 .debug_line    0x000000000000e424      0x7e3 ./Src/libs/SW_TIMERS/sw_soft_timers.o
 .debug_line    0x000000000000ec07      0xc8f ./Src/main.o
 .debug_line    0x000000000000f896      0x606 ./Src/stm32f0xx_it.o
 .debug_line    0x000000000000fe9c      0x613 ./Src/system_stm32f0xx.o
 .debug_line    0x00000000000104af       0x83 ./startup/startup_stm32f072xb.o

.debug_str      0x0000000000000000    0x7303a
 .debug_str     0x0000000000000000    0x5b82c ./Src/libs/SW_BOARD/gpio.o
                                      0x5b9c5 (size before relaxing)
 .debug_str     0x000000000005b82c      0x25e ./Src/libs/SW_BOARD/sw_led_blink_debug.o
                                      0x5bb5b (size before relaxing)
 .debug_str     0x000000000005ba8a     0x3667 ./Src/libs/SW_GRAPHICS/SW_FONTS/Arial6pt_8_var.o
                                       0x73f4 (size before relaxing)
 .debug_str     0x000000000005f0f1       0x68 ./Src/libs/SW_GRAPHICS/SW_FONTS/ArialBoldDigits8.o
                                       0x7400 (size before relaxing)
 .debug_str     0x000000000005f159       0x6f ./Src/libs/SW_GRAPHICS/SW_FONTS/MagicMatrix_3x5_numbers.o
                                       0x7407 (size before relaxing)
 .debug_str     0x000000000005f1c8       0x6f ./Src/libs/SW_GRAPHICS/SW_FONTS/MagicMatrix_3x7_numbers.o
                                       0x7407 (size before relaxing)
 .debug_str     0x000000000005f237      0x343 ./Src/libs/SW_GRAPHICS/SW_HT1632C/framebuffer.o
                                      0x5c94d (size before relaxing)
 .debug_str     0x000000000005f57a      0x9ab ./Src/libs/SW_GRAPHICS/SW_HT1632C/sw_ht3216c.o
                                      0x5fbf2 (size before relaxing)
 .debug_str     0x000000000005ff25      0x88b ./Src/libs/SW_GRAPHICS/SW_OSD/sw_osd.o
                                      0x5d461 (size before relaxing)
 .debug_str     0x00000000000607b0       0xfe ./Src/libs/SW_GRAPHICS/SW_OSD/sw_osd_module_BRIGHT.o
                                      0x5d3f1 (size before relaxing)
 .debug_str     0x00000000000608ae       0x47 ./Src/libs/SW_GRAPHICS/SW_OSD/sw_osd_module_IR.o
                                       0x2d5f (size before relaxing)
 .debug_str     0x00000000000608f5      0x21a ./Src/libs/SW_GRAPHICS/SW_OSD/sw_osd_module_RTC.o
                                      0x5da99 (size before relaxing)
 .debug_str     0x0000000000060b0f      0x1d9 ./Src/libs/SW_GRAPHICS/animations.o
                                      0x5d427 (size before relaxing)
 .debug_str     0x0000000000060ce8       0x44 ./Src/libs/SW_GRAPHICS/fonts_pl.o
                                       0x4018 (size before relaxing)
 .debug_str     0x0000000000060d2c       0x93 ./Src/libs/SW_GRAPHICS/graphic.o
                                      0x5c8e1 (size before relaxing)
 .debug_str     0x0000000000060dbf      0x1bb ./Src/libs/SW_GRAPHICS/text.o
                                      0x5d2e6 (size before relaxing)
 .debug_str     0x0000000000060f7a      0x103 ./Src/libs/SW_INPUT/keyboard_v4.o
                                      0x5bd43 (size before relaxing)
 .debug_str     0x000000000006107d    0x1101d ./Src/libs/SW_IR/IRMP/irmp.o
                                      0x6dad7 (size before relaxing)
 .debug_str     0x000000000007209a      0x222 ./Src/libs/SW_IR/sw_irmanage.o
                                      0x626bc (size before relaxing)
 .debug_str     0x00000000000722bc      0x2e0 ./Src/libs/SW_RTC/SW_RTC_DS3231/ds3231.o
                                      0x5fa95 (size before relaxing)
 .debug_str     0x000000000007259c      0x283 ./Src/libs/SW_RTC/SW_RTC_STM32/sw_rtc_stm32.o
                                      0x59302 (size before relaxing)
 .debug_str     0x000000000007281f       0x50 ./Src/libs/SW_RTC/data_conv_v2.o
                                      0x5904d (size before relaxing)
 .debug_str     0x000000000007286f      0x1e9 ./Src/libs/SW_RTC/sw_i2c.o
                                      0x5f3c0 (size before relaxing)
 .debug_str     0x0000000000072a58       0xb8 ./Src/libs/SW_RTC/sw_rtc_manage.o
                                      0x5d04e (size before relaxing)
 .debug_str     0x0000000000072b10      0x142 ./Src/libs/SW_STM_PERIPHS/sw_spi.o
                                      0x5bcb3 (size before relaxing)
 .debug_str     0x0000000000072c52      0x167 ./Src/libs/SW_STM_PERIPHS/sw_tim.o
                                      0x598fb (size before relaxing)
 .debug_str     0x0000000000072db9       0x91 ./Src/libs/SW_TIMERS/sw_soft_timers.o
                                      0x59ba9 (size before relaxing)
 .debug_str     0x0000000000072e4a       0xa9 ./Src/main.o
                                      0x5e4f1 (size before relaxing)
 .debug_str     0x0000000000072ef3       0x61 ./Src/stm32f0xx_it.o
                                      0x59015 (size before relaxing)
 .debug_str     0x0000000000072f54       0xb7 ./Src/system_stm32f0xx.o
                                      0x590be (size before relaxing)
 .debug_str     0x000000000007300b       0x2f ./startup/startup_stm32f072xb.o
                                         0x8f (size before relaxing)

.comment        0x0000000000000000       0x53
 .comment       0x0000000000000000       0x53 ./Src/libs/SW_BOARD/gpio.o
                                         0x54 (size before relaxing)
 .comment       0x0000000000000053       0x54 ./Src/libs/SW_BOARD/sw_led_blink_debug.o
 .comment       0x0000000000000053       0x54 ./Src/libs/SW_GRAPHICS/SW_FONTS/Arial6pt_8_var.o
 .comment       0x0000000000000053       0x54 ./Src/libs/SW_GRAPHICS/SW_FONTS/ArialBoldDigits8.o
 .comment       0x0000000000000053       0x54 ./Src/libs/SW_GRAPHICS/SW_FONTS/MagicMatrix_3x5_numbers.o
 .comment       0x0000000000000053       0x54 ./Src/libs/SW_GRAPHICS/SW_FONTS/MagicMatrix_3x7_numbers.o
 .comment       0x0000000000000053       0x54 ./Src/libs/SW_GRAPHICS/SW_HT1632C/framebuffer.o
 .comment       0x0000000000000053       0x54 ./Src/libs/SW_GRAPHICS/SW_HT1632C/sw_ht3216c.o
 .comment       0x0000000000000053       0x54 ./Src/libs/SW_GRAPHICS/SW_OSD/sw_osd.o
 .comment       0x0000000000000053       0x54 ./Src/libs/SW_GRAPHICS/SW_OSD/sw_osd_module_BRIGHT.o
 .comment       0x0000000000000053       0x54 ./Src/libs/SW_GRAPHICS/SW_OSD/sw_osd_module_IR.o
 .comment       0x0000000000000053       0x54 ./Src/libs/SW_GRAPHICS/SW_OSD/sw_osd_module_RTC.o
 .comment       0x0000000000000053       0x54 ./Src/libs/SW_GRAPHICS/animations.o
 .comment       0x0000000000000053       0x54 ./Src/libs/SW_GRAPHICS/fonts_pl.o
 .comment       0x0000000000000053       0x54 ./Src/libs/SW_GRAPHICS/graphic.o
 .comment       0x0000000000000053       0x54 ./Src/libs/SW_GRAPHICS/text.o
 .comment       0x0000000000000053       0x54 ./Src/libs/SW_INPUT/keyboard_v4.o
 .comment       0x0000000000000053       0x54 ./Src/libs/SW_IR/IRMP/irmp.o
 .comment       0x0000000000000053       0x54 ./Src/libs/SW_IR/sw_irmanage.o
 .comment       0x0000000000000053       0x54 ./Src/libs/SW_RTC/SW_RTC_DS3231/ds3231.o
 .comment       0x0000000000000053       0x54 ./Src/libs/SW_RTC/SW_RTC_STM32/sw_rtc_stm32.o
 .comment       0x0000000000000053       0x54 ./Src/libs/SW_RTC/data_conv_v2.o
 .comment       0x0000000000000053       0x54 ./Src/libs/SW_RTC/sw_i2c.o
 .comment       0x0000000000000053       0x54 ./Src/libs/SW_RTC/sw_rtc_manage.o
 .comment       0x0000000000000053       0x54 ./Src/libs/SW_STM_PERIPHS/sw_spi.o
 .comment       0x0000000000000053       0x54 ./Src/libs/SW_STM_PERIPHS/sw_tim.o
 .comment       0x0000000000000053       0x54 ./Src/libs/SW_TIMERS/sw_soft_timers.o
 .comment       0x0000000000000053       0x54 ./Src/main.o
 .comment       0x0000000000000053       0x54 ./Src/stm32f0xx_it.o
 .comment       0x0000000000000053       0x54 ./Src/system_stm32f0xx.o

.debug_frame    0x0000000000000000     0x14e8
 .debug_frame   0x0000000000000000       0xcc ./Src/libs/SW_BOARD/gpio.o
 .debug_frame   0x00000000000000cc       0xf8 ./Src/libs/SW_BOARD/sw_led_blink_debug.o
 .debug_frame   0x00000000000001c4       0x30 ./Src/libs/SW_GRAPHICS/SW_HT1632C/framebuffer.o
 .debug_frame   0x00000000000001f4      0x108 ./Src/libs/SW_GRAPHICS/SW_HT1632C/sw_ht3216c.o
 .debug_frame   0x00000000000002fc       0xc8 ./Src/libs/SW_GRAPHICS/SW_OSD/sw_osd.o
 .debug_frame   0x00000000000003c4       0x70 ./Src/libs/SW_GRAPHICS/SW_OSD/sw_osd_module_BRIGHT.o
 .debug_frame   0x0000000000000434       0x2c ./Src/libs/SW_GRAPHICS/SW_OSD/sw_osd_module_IR.o
 .debug_frame   0x0000000000000460      0x138 ./Src/libs/SW_GRAPHICS/SW_OSD/sw_osd_module_RTC.o
 .debug_frame   0x0000000000000598       0x70 ./Src/libs/SW_GRAPHICS/animations.o
 .debug_frame   0x0000000000000608       0x30 ./Src/libs/SW_GRAPHICS/fonts_pl.o
 .debug_frame   0x0000000000000638       0x9c ./Src/libs/SW_GRAPHICS/graphic.o
 .debug_frame   0x00000000000006d4      0x1a8 ./Src/libs/SW_GRAPHICS/text.o