Archive member included to satisfy reference by file (symbol)

d:/00_programowanie/stm32cubeide_1.4.0/stm32cubeide/plugins/com.st.stm32cube.ide.mcu.externaltools.gnu-tools-for-stm32.9-2020-q2-update.win32_2.0.0.202105311346/tools/bin/../lib/gcc/arm-none-eabi/9.3.1/../../../../arm-none-eabi/lib/thumb/v6-m/nofp\libc_nano.a(lib_a-exit.o)
                              d:/00_programowanie/stm32cubeide_1.4.0/stm32cubeide/plugins/com.st.stm32cube.ide.mcu.externaltools.gnu-tools-for-stm32.9-2020-q2-update.win32_2.0.0.202105311346/tools/bin/../lib/gcc/arm-none-eabi/9.3.1/../../../../arm-none-eabi/lib/thumb/v6-m/nofp/crt0.o (exit)
d:/00_programowanie/stm32cubeide_1.4.0/stm32cubeide/plugins/com.st.stm32cube.ide.mcu.externaltools.gnu-tools-for-stm32.9-2020-q2-update.win32_2.0.0.202105311346/tools/bin/../lib/gcc/arm-none-eabi/9.3.1/../../../../arm-none-eabi/lib/thumb/v6-m/nofp\libc_nano.a(lib_a-impure.o)
                              d:/00_programowanie/stm32cubeide_1.4.0/stm32cubeide/plugins/com.st.stm32cube.ide.mcu.externaltools.gnu-tools-for-stm32.9-2020-q2-update.win32_2.0.0.202105311346/tools/bin/../lib/gcc/arm-none-eabi/9.3.1/../../../../arm-none-eabi/lib/thumb/v6-m/nofp\libc_nano.a(lib_a-exit.o) (_global_impure_ptr)
d:/00_programowanie/stm32cubeide_1.4.0/stm32cubeide/plugins/com.st.stm32cube.ide.mcu.externaltools.gnu-tools-for-stm32.9-2020-q2-update.win32_2.0.0.202105311346/tools/bin/../lib/gcc/arm-none-eabi/9.3.1/../../../../arm-none-eabi/lib/thumb/v6-m/nofp\libc_nano.a(lib_a-init.o)
                              d:/00_programowanie/stm32cubeide_1.4.0/stm32cubeide/plugins/com.st.stm32cube.ide.mcu.externaltools.gnu-tools-for-stm32.9-2020-q2-update.win32_2.0.0.202105311346/tools/bin/../lib/gcc/arm-none-eabi/9.3.1/../../../../arm-none-eabi/lib/thumb/v6-m/nofp/crt0.o (__libc_init_array)
d:/00_programowanie/stm32cubeide_1.4.0/stm32cubeide/plugins/com.st.stm32cube.ide.mcu.externaltools.gnu-tools-for-stm32.9-2020-q2-update.win32_2.0.0.202105311346/tools/bin/../lib/gcc/arm-none-eabi/9.3.1/../../../../arm-none-eabi/lib/thumb/v6-m/nofp\libc_nano.a(lib_a-itoa.o)
                              ./Src/libs/SW_GRAPHICS/SW_OSD/sw_osd_fx.o (itoa)
d:/00_programowanie/stm32cubeide_1.4.0/stm32cubeide/plugins/com.st.stm32cube.ide.mcu.externaltools.gnu-tools-for-stm32.9-2020-q2-update.win32_2.0.0.202105311346/tools/bin/../lib/gcc/arm-none-eabi/9.3.1/../../../../arm-none-eabi/lib/thumb/v6-m/nofp\libc_nano.a(lib_a-memcpy-stub.o)
                              ./Src/libs/SW_INPUT/SW_IR/IRMP/irmp.o (memcpy)
d:/00_programowanie/stm32cubeide_1.4.0/stm32cubeide/plugins/com.st.stm32cube.ide.mcu.externaltools.gnu-tools-for-stm32.9-2020-q2-update.win32_2.0.0.202105311346/tools/bin/../lib/gcc/arm-none-eabi/9.3.1/../../../../arm-none-eabi/lib/thumb/v6-m/nofp\libc_nano.a(lib_a-memset.o)
                              d:/00_programowanie/stm32cubeide_1.4.0/stm32cubeide/plugins/com.st.stm32cube.ide.mcu.externaltools.gnu-tools-for-stm32.9-2020-q2-update.win32_2.0.0.202105311346/tools/bin/../lib/gcc/arm-none-eabi/9.3.1/../../../../arm-none-eabi/lib/thumb/v6-m/nofp/crt0.o (memset)
d:/00_programowanie/stm32cubeide_1.4.0/stm32cubeide/plugins/com.st.stm32cube.ide.mcu.externaltools.gnu-tools-for-stm32.9-2020-q2-update.win32_2.0.0.202105311346/tools/bin/../lib/gcc/arm-none-eabi/9.3.1/../../../../arm-none-eabi/lib/thumb/v6-m/nofp\libc_nano.a(lib_a-strcat.o)
                              ./Src/libs/SW_GRAPHICS/SW_OSD/sw_osd_fx.o (strcat)
d:/00_programowanie/stm32cubeide_1.4.0/stm32cubeide/plugins/com.st.stm32cube.ide.mcu.externaltools.gnu-tools-for-stm32.9-2020-q2-update.win32_2.0.0.202105311346/tools/bin/../lib/gcc/arm-none-eabi/9.3.1/../../../../arm-none-eabi/lib/thumb/v6-m/nofp\libc_nano.a(lib_a-strcpy.o)
                              ./Src/libs/SW_GRAPHICS/text.o (strcpy)
d:/00_programowanie/stm32cubeide_1.4.0/stm32cubeide/plugins/com.st.stm32cube.ide.mcu.externaltools.gnu-tools-for-stm32.9-2020-q2-update.win32_2.0.0.202105311346/tools/bin/../lib/gcc/arm-none-eabi/9.3.1/../../../../arm-none-eabi/lib/thumb/v6-m/nofp\libc_nano.a(lib_a-utoa.o)
                              d:/00_programowanie/stm32cubeide_1.4.0/stm32cubeide/plugins/com.st.stm32cube.ide.mcu.externaltools.gnu-tools-for-stm32.9-2020-q2-update.win32_2.0.0.202105311346/tools/bin/../lib/gcc/arm-none-eabi/9.3.1/../../../../arm-none-eabi/lib/thumb/v6-m/nofp\libc_nano.a(lib_a-itoa.o) (__utoa)
d:/00_programowanie/stm32cubeide_1.4.0/stm32cubeide/plugins/com.st.stm32cube.ide.mcu.externaltools.gnu-tools-for-stm32.9-2020-q2-update.win32_2.0.0.202105311346/tools/bin/../lib/gcc/arm-none-eabi/9.3.1/../../../../arm-none-eabi/lib/thumb/v6-m/nofp\libm.a(lib_a-wf_pow.o)
                              ./Src/libs/SW_GRAPHICS/text.o (powf)
d:/00_programowanie/stm32cubeide_1.4.0/stm32cubeide/plugins/com.st.stm32cube.ide.mcu.externaltools.gnu-tools-for-stm32.9-2020-q2-update.win32_2.0.0.202105311346/tools/bin/../lib/gcc/arm-none-eabi/9.3.1/../../../../arm-none-eabi/lib/thumb/v6-m/nofp\libm.a(lib_a-ef_pow.o)
[...]
Memory Configuration

Name             Origin             Length             Attributes
RAM              0x0000000020000000 0x0000000000004000 xrw
FLASH            0x0000000008000000 0x0000000000010000 xr
*default*        0x0000000000000000 0xffffffffffffffff

Linker script and memory map

LOAD d:/00_programowanie/stm32cubeide_1.4.0/stm32cubeide/plugins/com.st.stm32cube.ide.mcu.externaltools.gnu-tools-for-stm32.9-2020-q2-update.win32_2.0.0.202105311346/tools/bin/../lib/gcc/arm-none-eabi/9.3.1/thumb/v6-m/nofp/crti.o
LOAD d:/00_programowanie/stm32cubeide_1.4.0/stm32cubeide/plugins/com.st.stm32cube.ide.mcu.externaltools.gnu-tools-for-stm32.9-2020-q2-update.win32_2.0.0.202105311346/tools/bin/../lib/gcc/arm-none-eabi/9.3.1/thumb/v6-m/nofp/crtbegin.o
LOAD d:/00_programowanie/stm32cubeide_1.4.0/stm32cubeide/plugins/com.st.stm32cube.ide.mcu.externaltools.gnu-tools-for-stm32.9-2020-q2-update.win32_2.0.0.202105311346/tools/bin/../lib/gcc/arm-none-eabi/9.3.1/../../../../arm-none-eabi/lib/thumb/v6-m/nofp/crt0.o
LOAD ./Src/MiniClock_v1.2.o
LOAD ./Src/stm32f0xx_it.o
LOAD ./Src/system_stm32f0xx.o
LOAD ./Src/libs/SW_BOARD/gpio.o
LOAD ./Src/libs/SW_BOARD/sw_led_blink_debug.o
LOAD ./Src/libs/SW_GRAPHICS/SW_FONTS/Arial6pt_8_var.o
LOAD ./Src/libs/SW_GRAPHICS/SW_FONTS/Arial6pt_var.o
LOAD ./Src/libs/SW_GRAPHICS/SW_FONTS/ArialBoldDigits8.o
LOAD ./Src/libs/SW_GRAPHICS/SW_FONTS/LCD_5x8.o
LOAD ./Src/libs/SW_GRAPHICS/SW_FONTS/MagicMatrix_3x5_numbers.o
LOAD ./Src/libs/SW_GRAPHICS/SW_FONTS/MagicMatrix_3x7_numbers.o
LOAD ./Src/libs/SW_GRAPHICS/SW_FONTS/MicrosoftSansSerif8ptFont_pl.o
LOAD ./Src/libs/SW_GRAPHICS/SW_FONTS/PlayIcons8x8_fixed.o
LOAD ./Src/libs/SW_GRAPHICS/SW_FONTS/PlayIcons8x8_tight.o
LOAD ./Src/libs/SW_GRAPHICS/SW_HT1632C/sw_ht3216c.o
LOAD ./Src/libs/SW_GRAPHICS/SW_OSD/sw_osd.o
LOAD ./Src/libs/SW_GRAPHICS/SW_OSD/sw_osd_fx.o
LOAD ./Src/libs/SW_GRAPHICS/SW_OSD/sw_osd_module_BRIGHT.o
LOAD ./Src/libs/SW_GRAPHICS/SW_OSD/sw_osd_module_RTC.o
LOAD ./Src/libs/SW_GRAPHICS/fb.o
LOAD ./Src/libs/SW_GRAPHICS/fonts_pl.o
LOAD ./Src/libs/SW_GRAPHICS/gfx.o
LOAD ./Src/libs/SW_GRAPHICS/text.o
LOAD ./Src/libs/SW_INPUT/SW_IR/IRMP/irmp.o
LOAD ./Src/libs/SW_INPUT/SW_IR/memory_data.o
LOAD ./Src/libs/SW_INPUT/SW_IR/sw_irmanage.o
LOAD ./Src/libs/SW_INPUT/sw_keyboard.o
LOAD ./Src/libs/SW_RTC/SW_RTC_DS3231/ds3231.o
LOAD ./Src/libs/SW_RTC/SW_RTC_STM32/sw_rtc_stm32.o
LOAD ./Src/libs/SW_RTC/data_conv_v2.o
LOAD ./Src/libs/SW_RTC/sw_i2c.o
LOAD ./Src/libs/SW_RTC/sw_i2c_eeprom.o
LOAD ./Src/libs/SW_RTC/sw_rtc_manage.o
LOAD ./Src/libs/SW_STM_PERIPHS/sw_dma.o
LOAD ./Src/libs/SW_STM_PERIPHS/sw_iwdg.o
LOAD ./Src/libs/SW_STM_PERIPHS/sw_rcc.o
LOAD ./Src/libs/SW_STM_PERIPHS/sw_spi.v2.o
LOAD ./Src/libs/SW_STM_PERIPHS/sw_tim.o
LOAD ./Src/libs/SW_TIMERS/sw_soft_timers.o
LOAD ./startup/startup_stm32f072xb.o
START GROUP
LOAD d:/00_programowanie/stm32cubeide_1.4.0/stm32cubeide/plugins/com.st.stm32cube.ide.mcu.externaltools.gnu-tools-for-stm32.9-2020-q2-update.win32_2.0.0.202105311346/tools/bin/../lib/gcc/arm-none-eabi/9.3.1/../../../../arm-none-eabi/lib/thumb/v6-m/nofp\libc_nano.a
LOAD d:/00_programowanie/stm32cubeide_1.4.0/stm32cubeide/plugins/com.st.stm32cube.ide.mcu.externaltools.gnu-tools-for-stm32.9-2020-q2-update.win32_2.0.0.202105311346/tools/bin/../lib/gcc/arm-none-eabi/9.3.1/../../../../arm-none-eabi/lib/thumb/v6-m/nofp\libm.a
END GROUP
START GROUP
LOAD d:/00_programowanie/stm32cubeide_1.4.0/stm32cubeide/plugins/com.st.stm32cube.ide.mcu.externaltools.gnu-tools-for-stm32.9-2020-q2-update.win32_2.0.0.202105311346/tools/bin/../lib/gcc/arm-none-eabi/9.3.1/thumb/v6-m/nofp\libgcc.a
LOAD d:/00_programowanie/stm32cubeide_1.4.0/stm32cubeide/plugins/com.st.stm32cube.ide.mcu.externaltools.gnu-tools-for-stm32.9-2020-q2-update.win32_2.0.0.202105311346/tools/bin/../lib/gcc/arm-none-eabi/9.3.1/../../../../arm-none-eabi/lib/thumb/v6-m/nofp\libc_nano.a
END GROUP
START GROUP
LOAD d:/00_programowanie/stm32cubeide_1.4.0/stm32cubeide/plugins/com.st.stm32cube.ide.mcu.externaltools.gnu-tools-for-stm32.9-2020-q2-update.win32_2.0.0.202105311346/tools/bin/../lib/gcc/arm-none-eabi/9.3.1/thumb/v6-m/nofp\libgcc.a
LOAD d:/00_programowanie/stm32cubeide_1.4.0/stm32cubeide/plugins/com.st.stm32cube.ide.mcu.externaltools.gnu-tools-for-stm32.9-2020-q2-update.win32_2.0.0.202105311346/tools/bin/../lib/gcc/arm-none-eabi/9.3.1/../../../../arm-none-eabi/lib/thumb/v6-m/nofp\libc_nano.a
LOAD d:/00_programowanie/stm32cubeide_1.4.0/stm32cubeide/plugins/com.st.stm32cube.ide.mcu.externaltools.gnu-tools-for-stm32.9-2020-q2-update.win32_2.0.0.202105311346/tools/bin/../lib/gcc/arm-none-eabi/9.3.1/../../../../arm-none-eabi/lib/thumb/v6-m/nofp\libnosys.a
END GROUP
START GROUP
LOAD d:/00_programowanie/stm32cubeide_1.4.0/stm32cubeide/plugins/com.st.stm32cube.ide.mcu.externaltools.gnu-tools-for-stm32.9-2020-q2-update.win32_2.0.0.202105311346/tools/bin/../lib/gcc/arm-none-eabi/9.3.1/thumb/v6-m/nofp\libgcc.a
LOAD d:/00_programowanie/stm32cubeide_1.4.0/stm32cubeide/plugins/com.st.stm32cube.ide.mcu.externaltools.gnu-tools-for-stm32.9-2020-q2-update.win32_2.0.0.202105311346/tools/bin/../lib/gcc/arm-none-eabi/9.3.1/../../../../arm-none-eabi/lib/thumb/v6-m/nofp\libc_nano.a
LOAD d:/00_programowanie/stm32cubeide_1.4.0/stm32cubeide/plugins/com.st.stm32cube.ide.mcu.externaltools.gnu-tools-for-stm32.9-2020-q2-update.win32_2.0.0.202105311346/tools/bin/../lib/gcc/arm-none-eabi/9.3.1/../../../../arm-none-eabi/lib/thumb/v6-m/nofp\libnosys.a
END GROUP
LOAD d:/00_programowanie/stm32cubeide_1.4.0/stm32cubeide/plugins/com.st.stm32cube.ide.mcu.externaltools.gnu-tools-for-stm32.9-2020-q2-update.win32_2.0.0.202105311346/tools/bin/../lib/gcc/arm-none-eabi/9.3.1/thumb/v6-m/nofp/crtend.o
LOAD d:/00_programowanie/stm32cubeide_1.4.0/stm32cubeide/plugins/com.st.stm32cube.ide.mcu.externaltools.gnu-tools-for-stm32.9-2020-q2-update.win32_2.0.0.202105311346/tools/bin/../lib/gcc/arm-none-eabi/9.3.1/thumb/v6-m/nofp/crtn.o
                0x0000000020004000                _estack = 0x20004000
                0x0000000000000200                _Min_Heap_Size = 0x200
                0x0000000000000400                _Min_Stack_Size = 0x400

.isr_vector     0x0000000008000000       0xc0
                0x0000000008000000                . = ALIGN (0x4)
 *(.isr_vector)
 .isr_vector    0x0000000008000000       0xc0 ./startup/startup_stm32f072xb.o
                0x0000000008000000                g_pfnVectors
                0x00000000080000c0                . = ALIGN (0x4)

.text           0x00000000080000c0     0x214c
                0x00000000080000c0                . = ALIGN (0x4)
 *(.text)
 .text          0x00000000080000c0       0x48 d:/00_programowanie/stm32cubeide_1.4.0/stm32cubeide/plugins/com.st.stm32cube.ide.mcu.externaltools.gnu-tools-for-stm32.9-2020-q2-update.win32_2.0.0.202105311346/tools/bin/../lib/gcc/arm-none-eabi/9.3.1/thumb/v6-m/nofp/crtbegin.o
 .text          0x0000000008000108      0x114 d:/00_programowanie/stm32cubeide_1.4.0/stm32cubeide/plugins/com.st.stm32cube.ide.mcu.externaltools.gnu-tools-for-stm32.9-2020-q2-update.win32_2.0.0.202105311346/tools/bin/../lib/gcc/arm-none-eabi/9.3.1/thumb/v6-m/nofp\libgcc.a(_udivsi3.o)
                0x0000000008000108                __aeabi_uidiv
                0x0000000008000108                __udivsi3
                0x0000000008000214                __aeabi_uidivmod
 .text          0x000000000800021c        0x4 d:/00_programowanie/stm32cubeide_1.4.0/stm32cubeide/plugins/com.st.stm32cube.ide.mcu.externaltools.gnu-tools-for-stm32.9-2020-q2-update.win32_2.0.0.202105311346/tools/bin/../lib/gcc/arm-none-eabi/9.3.1/thumb/v6-m/nofp\libgcc.a(_dvmd_tls.o)
                0x000000000800021c                __aeabi_idiv0
                0x000000000800021c                __aeabi_ldiv0
 .text          0x0000000008000220       0x40 d:/00_programowanie/stm32cubeide_1.4.0/stm32cubeide/plugins/com.st.stm32cube.ide.mcu.externaltools.gnu-tools-for-stm32.9-2020-q2-update.win32_2.0.0.202105311346/tools/bin/../lib/gcc/arm-none-eabi/9.3.1/thumb/v6-m/nofp\libgcc.a(_ctzsi2.o)
                0x0000000008000220                __ctzsi2
 *(.text*)
 .text.startup.main
                0x0000000008000260       0xac ./Src/MiniClock_v1.2.o
                0x0000000008000260                main
 .text.TIM2_IRQHandler
                0x000000000800030c       0x28 ./Src/MiniClock_v1.2.o
                0x000000000800030c                TIM2_IRQHandler
 .text.NMI_Handler
                0x0000000008000334        0x2 ./Src/stm32f0xx_it.o
                0x0000000008000334                NMI_Handler
 .text.HardFault_Handler
                0x0000000008000336        0x2 ./Src/stm32f0xx_it.o
                0x0000000008000336                HardFault_Handler
 .text.SVC_Handler
                0x0000000008000338        0x2 ./Src/stm32f0xx_it.o
                0x0000000008000338                SVC_Handler
 .text.PendSV_Handler
                0x000000000800033a        0x2 ./Src/stm32f0xx_it.o
                0x000000000800033a                PendSV_Handler
 .text.SystemInit
                0x000000000800033c       0x60 ./Src/system_stm32f0xx.o
                0x000000000800033c                SystemInit
 .text.SystemCoreClockUpdate
                0x000000000800039c       0x70 ./Src/system_stm32f0xx.o
                0x000000000800039c                SystemCoreClockUpdate
 .text.gpio_pin_LO
                0x000000000800040c       0x1e ./Src/libs/SW_BOARD/gpio.o
                0x000000000800040c                gpio_pin_LO
 .text.gpio_pin_HI
                0x000000000800042a       0x1e ./Src/libs/SW_BOARD/gpio.o
                0x000000000800042a                gpio_pin_HI
 .text.gpio_pin_IMPULSES
                0x0000000008000448       0x20 ./Src/libs/SW_BOARD/gpio.o
                0x0000000008000448                gpio_pin_IMPULSES
 .text.gpio_pin_cfg
                0x0000000008000468       0x86 ./Src/libs/SW_BOARD/gpio.o
                0x0000000008000468                gpio_pin_cfg
 *fill*         0x00000000080004ee        0x2 
 .text.RCC_gpio_init
                0x00000000080004f0       0x28 ./Src/libs/SW_BOARD/gpio.o
                0x00000000080004f0                RCC_gpio_init
 .text.sw_led_off
                0x0000000008000518       0x18 ./Src/libs/SW_BOARD/sw_led_blink_debug.o
                0x0000000008000518                sw_led_off
 .text.sw_led_debug_init
                0x0000000008000530       0x44 ./Src/libs/SW_BOARD/sw_led_blink_debug.o
                0x0000000008000530                sw_led_debug_init
 .text.HT1632C_command
                0x0000000008000574        0xa ./Src/libs/SW_GRAPHICS/SW_HT1632C/sw_ht3216c.o
 *fill*         0x000000000800057e        0x2 
 .text.EXTI4_15_IRQHandler
                0x0000000008000580      0x104 ./Src/libs/SW_GRAPHICS/SW_HT1632C/sw_ht3216c.o
                0x0000000008000580                EXTI4_15_IRQHandler
 .text.HT1632C_init
                0x0000000008000684       0x98 ./Src/libs/SW_GRAPHICS/SW_HT1632C/sw_ht3216c.o
                0x0000000008000684                HT1632C_init
 .text.HT1632C_brightness
                0x000000000800071c       0x30 ./Src/libs/SW_GRAPHICS/SW_HT1632C/sw_ht3216c.o
                0x000000000800071c                HT1632C_brightness
 .text.register_scroll_event_callback
                0x000000000800074c        0xc ./Src/libs/SW_GRAPHICS/SW_HT1632C/sw_ht3216c.o
                0x000000000800074c                register_scroll_event_callback
 .text.SW_SCROLL_EVENT
                0x0000000008000758       0x28 ./Src/libs/SW_GRAPHICS/SW_HT1632C/sw_ht3216c.o
                0x0000000008000758                SW_SCROLL_EVENT
 .text.osd_init
                0x0000000008000780       0x24 ./Src/libs/SW_GRAPHICS/SW_OSD/sw_osd.o
                0x0000000008000780                osd_init
 .text.osd_keyboard_manage
                0x00000000080007a4       0x3c ./Src/libs/SW_GRAPHICS/SW_OSD/sw_osd.o
                0x00000000080007a4                osd_keyboard_manage
 .text.osd_manage_screens
                0x00000000080007e0       0x68 ./Src/libs/SW_GRAPHICS/SW_OSD/sw_osd.o
                0x00000000080007e0                osd_manage_screens
 .text.register_osd_event_callback
                0x0000000008000848        0xc ./Src/libs/SW_GRAPHICS/SW_OSD/sw_osd.o
                0x0000000008000848                register_osd_event_callback
 .text.SW_OSD_EVENT
                0x0000000008000854       0x20 ./Src/libs/SW_GRAPHICS/SW_OSD/sw_osd.o
                0x0000000008000854                SW_OSD_EVENT
 .text.sw_date_to_string
                0x0000000008000874       0x74 ./Src/libs/SW_GRAPHICS/SW_OSD/sw_osd_fx.o
                0x0000000008000874                sw_date_to_string
 .text.scroll_text_param
                0x00000000080008e8       0x14 ./Src/libs/SW_GRAPHICS/SW_OSD/sw_osd_fx.o
                0x00000000080008e8                scroll_text_param
 .text.scroll_text_display
                0x00000000080008fc       0x68 ./Src/libs/SW_GRAPHICS/SW_OSD/sw_osd_fx.o
                0x00000000080008fc                scroll_text_display
 .text.osd_bright_display_number
                0x0000000008000964       0x88 ./Src/libs/SW_GRAPHICS/SW_OSD/sw_osd_module_BRIGHT.o
 .text.osd_bright_text_param
                0x00000000080009ec       0x34 ./Src/libs/SW_GRAPHICS/SW_OSD/sw_osd_module_BRIGHT.o
                0x00000000080009ec                osd_bright_text_param
 .text.osd_bright_display_plus
                0x0000000008000a20       0x40 ./Src/libs/SW_GRAPHICS/SW_OSD/sw_osd_module_BRIGHT.o
                0x0000000008000a20                osd_bright_display_plus
 .text.osd_bright_display_minus
                0x0000000008000a60       0x40 ./Src/libs/SW_GRAPHICS/SW_OSD/sw_osd_module_BRIGHT.o
                0x0000000008000a60                osd_bright_display_minus
 .text.osd_rtc_puts_int_RAM.constprop.0
                0x0000000008000aa0       0x64 ./Src/libs/SW_GRAPHICS/SW_OSD/sw_osd_module_RTC.o
 .text.osd_display_time
                0x0000000008000b04       0x78 ./Src/libs/SW_GRAPHICS/SW_OSD/sw_osd_module_RTC.o
                0x0000000008000b04                osd_display_time
 .text.osd_display_date
                0x0000000008000b7c       0x4c ./Src/libs/SW_GRAPHICS/SW_OSD/sw_osd_module_RTC.o
                0x0000000008000b7c                osd_display_date
 .text.osd_rtc_fonts_param
                0x0000000008000bc8      0x140 ./Src/libs/SW_GRAPHICS/SW_OSD/sw_osd_module_RTC.o
                0x0000000008000bc8                osd_rtc_fonts_param
 .text.fb_get_active_buffer
                0x0000000008000d08        0xc ./Src/libs/SW_GRAPHICS/fb.o
                0x0000000008000d08                fb_get_active_buffer
 .text.fb_get_noActive_buffer
                0x0000000008000d14       0x20 ./Src/libs/SW_GRAPHICS/fb.o
                0x0000000008000d14                fb_get_noActive_buffer
 .text.fb_switch_buff
                0x0000000008000d34       0x34 ./Src/libs/SW_GRAPHICS/fb.o
                0x0000000008000d34                fb_switch_buff
 .text.fb_buffer_is_ready
                0x0000000008000d68        0xc ./Src/libs/SW_GRAPHICS/fb.o
                0x0000000008000d68                fb_buffer_is_ready
 .text.fb_clear_screen
                0x0000000008000d74        0xc ./Src/libs/SW_GRAPHICS/fb.o
                0x0000000008000d74                fb_clear_screen
 .text.fb_set_pixel_RAM
                0x0000000008000d80       0x3c ./Src/libs/SW_GRAPHICS/fb.o
                0x0000000008000d80                fb_set_pixel_RAM
 .text.polish_letters_UTF8
                0x0000000008000dbc       0x44 ./Src/libs/SW_GRAPHICS/fonts_pl.o
                0x0000000008000dbc                polish_letters_UTF8
 .text.graphic_draw_H_line_RAM
                0x0000000008000e00       0x2c ./Src/libs/SW_GRAPHICS/gfx.o
                0x0000000008000e00                graphic_draw_H_line_RAM
 .text.graphic_fill_rectangle_RAM
                0x0000000008000e2c       0x44 ./Src/libs/SW_GRAPHICS/gfx.o
                0x0000000008000e2c                graphic_fill_rectangle_RAM
 .text.graphic_set_string
                0x0000000008000e70       0x12 ./Src/libs/SW_GRAPHICS/text.o
                0x0000000008000e70                graphic_set_string
 *fill*         0x0000000008000e82        0x2 
 .text.graphic_puts_RAM
                0x0000000008000e84      0x298 ./Src/libs/SW_GRAPHICS/text.o
                0x0000000008000e84                graphic_puts_RAM
 .text.graphic_puts_int_RAM
                0x000000000800111c       0x40 ./Src/libs/SW_GRAPHICS/text.o
                0x000000000800111c                graphic_puts_int_RAM
 .text.irmp_store_bit
                0x000000000800115c       0xc4 ./Src/libs/SW_INPUT/SW_IR/IRMP/irmp.o
 .text.irmp_ISR
                0x0000000008001220      0x47c ./Src/libs/SW_INPUT/SW_IR/IRMP/irmp.o
                0x0000000008001220                irmp_ISR
 .text.TIM14_IRQHandler
                0x000000000800169c       0x1c ./Src/libs/SW_INPUT/SW_IR/sw_irmanage.o
                0x000000000800169c                TIM14_IRQHandler
 .text.keyboard_ptr
                0x00000000080016b8        0x8 ./Src/libs/SW_INPUT/sw_keyboard.o
                0x00000000080016b8                keyboard_ptr
 .text.sw_keyboard_init
                0x00000000080016c0       0x2c ./Src/libs/SW_INPUT/sw_keyboard.o
                0x00000000080016c0                sw_keyboard_init
 .text.SW_KEYBOARD_EVENT
                0x00000000080016ec      0x1e4 ./Src/libs/SW_INPUT/sw_keyboard.o
                0x00000000080016ec                SW_KEYBOARD_EVENT
 .text.ds3231_get_datetime
                0x00000000080018d0       0x18 ./Src/libs/SW_RTC/SW_RTC_DS3231/ds3231.o
                0x00000000080018d0                ds3231_get_datetime
 .text.EXTI2_3_IRQHandler
                0x00000000080018e8       0x18 ./Src/libs/SW_RTC/SW_RTC_DS3231/ds3231.o
                0x00000000080018e8                EXTI2_3_IRQHandler
 .text.STM32F051_Rtc_init_on
                0x0000000008001900       0x18 ./Src/libs/SW_RTC/SW_RTC_STM32/sw_rtc_stm32.o
 .text.STM32F051_Rtc_protect_off
                0x0000000008001918       0x20 ./Src/libs/SW_RTC/SW_RTC_STM32/sw_rtc_stm32.o
 .text.STM32F051_Rtc_protect_on
                0x0000000008001938       0x14 ./Src/libs/SW_RTC/SW_RTC_STM32/sw_rtc_stm32.o
 .text.STM32F051_Rtc_Clock_Config
                0x000000000800194c       0x58 ./Src/libs/SW_RTC/SW_RTC_STM32/sw_rtc_stm32.o
                0x000000000800194c                STM32F051_Rtc_Clock_Config
 .text.STM32F051_Rtc_Config
                0x00000000080019a4       0x48 ./Src/libs/SW_RTC/SW_RTC_STM32/sw_rtc_stm32.o
                0x00000000080019a4                STM32F051_Rtc_Config
 .text.STM32F051_Rtc_Get_Time
                0x00000000080019ec       0x30 ./Src/libs/SW_RTC/SW_RTC_STM32/sw_rtc_stm32.o
                0x00000000080019ec                STM32F051_Rtc_Get_Time
 .text.STM32F051_Rtc_Get_Date
                0x0000000008001a1c       0x3c ./Src/libs/SW_RTC/SW_RTC_STM32/sw_rtc_stm32.o
                0x0000000008001a1c                STM32F051_Rtc_Get_Date
 .text.STM32F051_Rtc_Set_Time
                0x0000000008001a58       0x40 ./Src/libs/SW_RTC/SW_RTC_STM32/sw_rtc_stm32.o
                0x0000000008001a58                STM32F051_Rtc_Set_Time
 .text.STM32F051_Rtc_Set_Date
                0x0000000008001a98       0x4c ./Src/libs/SW_RTC/SW_RTC_STM32/sw_rtc_stm32.o
                0x0000000008001a98                STM32F051_Rtc_Set_Date
 .text.RTC_IRQHandler
                0x0000000008001ae4       0x10 ./Src/libs/SW_RTC/SW_RTC_STM32/sw_rtc_stm32.o
                0x0000000008001ae4                RTC_IRQHandler
 .text.sw_dec2bcd
                0x0000000008001af4       0x1c ./Src/libs/SW_RTC/data_conv_v2.o
                0x0000000008001af4                sw_dec2bcd
 .text.sw_bcd2dec
                0x0000000008001b10       0x12 ./Src/libs/SW_RTC/data_conv_v2.o
                0x0000000008001b10                sw_bcd2dec
 *fill*         0x0000000008001b22        0x2 
 .text.sw_i2c_dma_send_buff
                0x0000000008001b24       0x74 ./Src/libs/SW_RTC/sw_i2c.o
                0x0000000008001b24                sw_i2c_dma_send_buff
 .text.sw_i2c_dma_get_buff
                0x0000000008001b98       0x88 ./Src/libs/SW_RTC/sw_i2c.o
                0x0000000008001b98                sw_i2c_dma_get_buff
 .text.Rtc_Set_Time
                0x0000000008001c20       0x18 ./Src/libs/SW_RTC/sw_rtc_manage.o
                0x0000000008001c20                Rtc_Set_Time
 .text.Rtc_Set_Date
                0x0000000008001c38       0x18 ./Src/libs/SW_RTC/sw_rtc_manage.o
                0x0000000008001c38                Rtc_Set_Date
 .text.clock_init
                0x0000000008001c50       0x32 ./Src/libs/SW_RTC/sw_rtc_manage.o
                0x0000000008001c50                clock_init
 *fill*         0x0000000008001c82        0x2 
 .text.rtc_get_date_time
                0x0000000008001c84       0x18 ./Src/libs/SW_RTC/sw_rtc_manage.o
                0x0000000008001c84                rtc_get_date_time
 .text.register_datetime_event_callback
                0x0000000008001c9c        0xc ./Src/libs/SW_RTC/sw_rtc_manage.o
                0x0000000008001c9c                register_datetime_event_callback
 .text.SW_DATETIME_EVENT
                0x0000000008001ca8       0x24 ./Src/libs/SW_RTC/sw_rtc_manage.o
                0x0000000008001ca8                SW_DATETIME_EVENT
 .text.SystemClock_Config
                0x0000000008001ccc       0x8c ./Src/libs/SW_STM_PERIPHS/sw_rcc.o
                0x0000000008001ccc                SystemClock_Config
 .text.sw_spi_hw_init
                0x0000000008001d58       0xc4 ./Src/libs/SW_STM_PERIPHS/sw_spi.v2.o
                0x0000000008001d58                sw_spi_hw_init
 .text.sw_spi_hw_send_buff8
                0x0000000008001e1c       0x4c ./Src/libs/SW_STM_PERIPHS/sw_spi.v2.o
                0x0000000008001e1c                sw_spi_hw_send_buff8
 .text.sw_spi_hw_send_buff16
                0x0000000008001e68       0x50 ./Src/libs/SW_STM_PERIPHS/sw_spi.v2.o
                0x0000000008001e68                sw_spi_hw_send_buff16
 .text.sw_spi_hw_write_read
                0x0000000008001eb8       0x7c ./Src/libs/SW_STM_PERIPHS/sw_spi.v2.o
                0x0000000008001eb8                sw_spi_hw_write_read
 .text.nvic_priority
                0x0000000008001f34       0x50 ./Src/libs/SW_STM_PERIPHS/sw_tim.o
                0x0000000008001f34                nvic_priority
 .text.SysTick_Handler
                0x0000000008001f84       0xe8 ./Src/libs/SW_TIMERS/sw_soft_timers.o
                0x0000000008001f84                SysTick_Handler
 .text.millis   0x000000000800206c        0xc ./Src/libs/SW_TIMERS/sw_soft_timers.o
                0x000000000800206c                millis
 .text.Reset_Handler
                0x0000000008002078       0x50 ./startup/startup_stm32f072xb.o
                0x0000000008002078                Reset_Handler
 .text.Default_Handler
                0x00000000080020c8        0x2 ./startup/startup_stm32f072xb.o
                0x00000000080020c8                TIM1_CC_IRQHandler
                0x00000000080020c8                TSC_IRQHandler
                0x00000000080020c8                ADC1_COMP_IRQHandler
                0x00000000080020c8                I2C1_IRQHandler
                0x00000000080020c8                RCC_CRS_IRQHandler
                0x00000000080020c8                SPI1_IRQHandler
                0x00000000080020c8                TIM6_DAC_IRQHandler
                0x00000000080020c8                USART3_4_IRQHandler
                0x00000000080020c8                I2C2_IRQHandler
                0x00000000080020c8                TIM17_IRQHandler
                0x00000000080020c8                CEC_CAN_IRQHandler
                0x00000000080020c8                PVD_VDDIO2_IRQHandler
                0x00000000080020c8                DMA1_Channel4_5_6_7_IRQHandler
                0x00000000080020c8                TIM16_IRQHandler
                0x00000000080020c8                TIM3_IRQHandler
                0x00000000080020c8                DMA1_Channel1_IRQHandler
                0x00000000080020c8                Default_Handler
                0x00000000080020c8                TIM7_IRQHandler
                0x00000000080020c8                TIM15_IRQHandler
                0x00000000080020c8                EXTI0_1_IRQHandler
                0x00000000080020c8                USB_IRQHandler
                0x00000000080020c8                SPI2_IRQHandler
                0x00000000080020c8                WWDG_IRQHandler
                0x00000000080020c8                DMA1_Channel2_3_IRQHandler
                0x00000000080020c8                USART2_IRQHandler
                0x00000000080020c8                FLASH_IRQHandler
                0x00000000080020c8                USART1_IRQHandler
                0x00000000080020c8                TIM1_BRK_UP_TRG_COM_IRQHandler
 *fill*         0x00000000080020ca        0x2 
 .text.__libc_init_array
                0x00000000080020cc       0x48 d:/00_programowanie/stm32cubeide_1.4.0/stm32cubeide/plugins/com.st.stm32cube.ide.mcu.externaltools.gnu-tools-for-stm32.9-2020-q2-update.win32_2.0.0.202105311346/tools/bin/../lib/gcc/arm-none-eabi/9.3.1/../../../../arm-none-eabi/lib/thumb/v6-m/nofp\libc_nano.a(lib_a-init.o)
                0x00000000080020cc                __libc_init_array
 .text.__itoa   0x0000000008002114       0x30 d:/00_programowanie/stm32cubeide_1.4.0/stm32cubeide/plugins/com.st.stm32cube.ide.mcu.externaltools.gnu-tools-for-stm32.9-2020-q2-update.win32_2.0.0.202105311346/tools/bin/../lib/gcc/arm-none-eabi/9.3.1/../../../../arm-none-eabi/lib/thumb/v6-m/nofp\libc_nano.a(lib_a-itoa.o)
                0x0000000008002114                __itoa
 .text.itoa     0x0000000008002144        0x8 d:/00_programowanie/stm32cubeide_1.4.0/stm32cubeide/plugins/com.st.stm32cube.ide.mcu.externaltools.gnu-tools-for-stm32.9-2020-q2-update.win32_2.0.0.202105311346/tools/bin/../lib/gcc/arm-none-eabi/9.3.1/../../../../arm-none-eabi/lib/thumb/v6-m/nofp\libc_nano.a(lib_a-itoa.o)
                0x0000000008002144                itoa
 .text.memcpy   0x000000000800214c       0x12 d:/00_programowanie/stm32cubeide_1.4.0/stm32cubeide/plugins/com.st.stm32cube.ide.mcu.externaltools.gnu-tools-for-stm32.9-2020-q2-update.win32_2.0.0.202105311346/tools/bin/../lib/gcc/arm-none-eabi/9.3.1/../../../../arm-none-eabi/lib/thumb/v6-m/nofp\libc_nano.a(lib_a-memcpy-stub.o)
                0x000000000800214c                memcpy
 .text.memset   0x000000000800215e       0x10 d:/00_programowanie/stm32cubeide_1.4.0/stm32cubeide/plugins/com.st.stm32cube.ide.mcu.externaltools.gnu-tools-for-stm32.9-2020-q2-update.win32_2.0.0.202105311346/tools/bin/../lib/gcc/arm-none-eabi/9.3.1/../../../../arm-none-eabi/lib/thumb/v6-m/nofp\libc_nano.a(lib_a-memset.o)
                0x000000000800215e                memset
 .text.strcat   0x000000000800216e       0x1a d:/00_programowanie/stm32cubeide_1.4.0/stm32cubeide/plugins/com.st.stm32cube.ide.mcu.externaltools.gnu-tools-for-stm32.9-2020-q2-update.win32_2.0.0.202105311346/tools/bin/../lib/gcc/arm-none-eabi/9.3.1/../../../../arm-none-eabi/lib/thumb/v6-m/nofp\libc_nano.a(lib_a-strcat.o)
                0x000000000800216e                strcat
 .text.__utoa   0x0000000008002188       0x6c d:/00_programowanie/stm32cubeide_1.4.0/stm32cubeide/plugins/com.st.stm32cube.ide.mcu.externaltools.gnu-tools-for-stm32.9-2020-q2-update.win32_2.0.0.202105311346/tools/bin/../lib/gcc/arm-none-eabi/9.3.1/../../../../arm-none-eabi/lib/thumb/v6-m/nofp\libc_nano.a(lib_a-utoa.o)
                0x0000000008002188                __utoa
 *(.glue_7)
 .glue_7        0x00000000080021f4        0x0 linker stubs
 *(.glue_7t)
 .glue_7t       0x00000000080021f4        0x0 linker stubs
 *(.eh_frame)
 .eh_frame      0x00000000080021f4        0x0 d:/00_programowanie/stm32cubeide_1.4.0/stm32cubeide/plugins/com.st.stm32cube.ide.mcu.externaltools.gnu-tools-for-stm32.9-2020-q2-update.win32_2.0.0.202105311346/tools/bin/../lib/gcc/arm-none-eabi/9.3.1/thumb/v6-m/nofp/crtbegin.o
 *(.init)
 .init          0x00000000080021f4        0x4 d:/00_programowanie/stm32cubeide_1.4.0/stm32cubeide/plugins/com.st.stm32cube.ide.mcu.externaltools.gnu-tools-for-stm32.9-2020-q2-update.win32_2.0.0.202105311346/tools/bin/../lib/gcc/arm-none-eabi/9.3.1/thumb/v6-m/nofp/crti.o
                0x00000000080021f4                _init
 .init          0x00000000080021f8        0x8 d:/00_programowanie/stm32cubeide_1.4.0/stm32cubeide/plugins/com.st.stm32cube.ide.mcu.externaltools.gnu-tools-for-stm32.9-2020-q2-update.win32_2.0.0.202105311346/tools/bin/../lib/gcc/arm-none-eabi/9.3.1/thumb/v6-m/nofp/crtn.o
 *(.fini)
 .fini          0x0000000008002200        0x4 d:/00_programowanie/stm32cubeide_1.4.0/stm32cubeide/plugins/com.st.stm32cube.ide.mcu.externaltools.gnu-tools-for-stm32.9-2020-q2-update.win32_2.0.0.202105311346/tools/bin/../lib/gcc/arm-none-eabi/9.3.1/thumb/v6-m/nofp/crti.o
                0x0000000008002200                _fini
 .fini          0x0000000008002204        0x8 d:/00_programowanie/stm32cubeide_1.4.0/stm32cubeide/plugins/com.st.stm32cube.ide.mcu.externaltools.gnu-tools-for-stm32.9-2020-q2-update.win32_2.0.0.202105311346/tools/bin/../lib/gcc/arm-none-eabi/9.3.1/thumb/v6-m/nofp/crtn.o
                0x000000000800220c                . = ALIGN (0x4)
                0x000000000800220c                _etext = .

.vfp11_veneer   0x000000000800220c        0x0
 .vfp11_veneer  0x000000000800220c        0x0 linker stubs

.v4_bx          0x000000000800220c        0x0
 .v4_bx         0x000000000800220c        0x0 linker stubs

.iplt           0x000000000800220c        0x0
 .iplt          0x000000000800220c        0x0 d:/00_programowanie/stm32cubeide_1.4.0/stm32cubeide/plugins/com.st.stm32cube.ide.mcu.externaltools.gnu-tools-for-stm32.9-2020-q2-update.win32_2.0.0.202105311346/tools/bin/../lib/gcc/arm-none-eabi/9.3.1/thumb/v6-m/nofp/crtbegin.o

.rodata         0x000000000800220c      0xa10
                0x000000000800220c                . = ALIGN (0x4)
 *(.rodata)
 *(.rodata*)
 .rodata.AHBPrescTable
                0x000000000800220c       0x10 ./Src/system_stm32f0xx.o
                0x000000000800220c                AHBPrescTable
 .rodata.Arial6pt8Bitmaps
                0x000000000800221c      0x380 ./Src/libs/SW_GRAPHICS/SW_FONTS/Arial6pt_8_var.o
                0x000000000800221c                Arial6pt8Bitmaps
 .rodata.Arial6pt8Descriptors_var
                0x000000000800259c      0x1c0 ./Src/libs/SW_GRAPHICS/SW_FONTS/Arial6pt_8_var.o
                0x000000000800259c                Arial6pt8Descriptors_var
 .rodata.Arial6pt8FontInfo_var
                0x000000000800275c       0x18 ./Src/libs/SW_GRAPHICS/SW_FONTS/Arial6pt_8_var.o
                0x000000000800275c                Arial6pt8FontInfo_var
 .rodata.ArialBoldDigits8Bitmaps
                0x0000000008002774       0x60 ./Src/libs/SW_GRAPHICS/SW_FONTS/ArialBoldDigits8.o
                0x0000000008002774                ArialBoldDigits8Bitmaps
 .rodata.ArialBoldDigits8Descriptors
                0x00000000080027d4       0x30 ./Src/libs/SW_GRAPHICS/SW_FONTS/ArialBoldDigits8.o
                0x00000000080027d4                ArialBoldDigits8Descriptors
 .rodata.ArialBoldDigits8FontInfo
                0x0000000008002804       0x18 ./Src/libs/SW_GRAPHICS/SW_FONTS/ArialBoldDigits8.o
                0x0000000008002804                ArialBoldDigits8FontInfo
 .rodata.MagicMatrix_3x5_Bitmaps
                0x000000000800281c       0x37 ./Src/libs/SW_GRAPHICS/SW_FONTS/MagicMatrix_3x5_numbers.o
                0x000000000800281c                MagicMatrix_3x5_Bitmaps
 *fill*         0x0000000008002853        0x1 
 .rodata.MagicMatrix_3x5_Descriptors
                0x0000000008002854       0x2c ./Src/libs/SW_GRAPHICS/SW_FONTS/MagicMatrix_3x5_numbers.o
                0x0000000008002854                MagicMatrix_3x5_Descriptors
 .rodata.MagicMatrix_3x5_FontInfo
                0x0000000008002880       0x18 ./Src/libs/SW_GRAPHICS/SW_FONTS/MagicMatrix_3x5_numbers.o
                0x0000000008002880                MagicMatrix_3x5_FontInfo
 .rodata.MagicMatrix_3x7_Bitmaps
                0x0000000008002898       0x54 ./Src/libs/SW_GRAPHICS/SW_FONTS/MagicMatrix_3x7_numbers.o
                0x0000000008002898                MagicMatrix_3x7_Bitmaps
 .rodata.MagicMatrix_3x7_Descriptors
                0x00000000080028ec       0x30 ./Src/libs/SW_GRAPHICS/SW_FONTS/MagicMatrix_3x7_numbers.o
                0x00000000080028ec                MagicMatrix_3x7_Descriptors
 .rodata.MagicMatrix_3x7_FontInfo
                0x000000000800291c       0x18 ./Src/libs/SW_GRAPHICS/SW_FONTS/MagicMatrix_3x7_numbers.o
                0x000000000800291c                MagicMatrix_3x7_FontInfo
 .rodata.gammaBright
                0x0000000008002934        0x8 ./Src/libs/SW_GRAPHICS/SW_HT1632C/sw_ht3216c.o
                0x0000000008002934                gammaBright
 .rodata.spi2_ht3216c_Param
                0x000000000800293c        0x3 ./Src/libs/SW_GRAPHICS/SW_HT1632C/sw_ht3216c.o
 .rodata.sw_date_to_string.str1.1
                0x000000000800293f        0x2 ./Src/libs/SW_GRAPHICS/SW_OSD/sw_osd_fx.o
 .rodata.str1.1
                0x0000000008002941       0x8f ./Src/libs/SW_GRAPHICS/SW_OSD/sw_osd_fx.o
 .rodata.BlackColor
                0x00000000080029d0        0x1 ./Src/libs/SW_GRAPHICS/SW_OSD/sw_osd_fx.o
 *fill*         0x00000000080029d1        0x3 
 .rodata.GammaRGB
                0x00000000080029d4        0xc ./Src/libs/SW_GRAPHICS/SW_OSD/sw_osd_fx.o
 .rodata.WhiteColor
                0x00000000080029e0        0x1 ./Src/libs/SW_GRAPHICS/SW_OSD/sw_osd_fx.o
 *fill*         0x00000000080029e1        0x3 
 .rodata.months
                0x00000000080029e4       0x30 ./Src/libs/SW_GRAPHICS/SW_OSD/sw_osd_fx.o
                0x00000000080029e4                months
 .rodata.BlackColor
                0x0000000008002a14        0x1 ./Src/libs/SW_GRAPHICS/SW_OSD/sw_osd_module_BRIGHT.o
 *fill*         0x0000000008002a15        0x3 
 .rodata.GammaRGB
                0x0000000008002a18        0xc ./Src/libs/SW_GRAPHICS/SW_OSD/sw_osd_module_BRIGHT.o
 .rodata.WhiteColor
                0x0000000008002a24        0x1 ./Src/libs/SW_GRAPHICS/SW_OSD/sw_osd_module_BRIGHT.o
 .rodata.bright1
                0x0000000008002a25        0x9 ./Src/libs/SW_GRAPHICS/SW_OSD/sw_osd_module_BRIGHT.o
 .rodata.brightAU
                0x0000000008002a2e        0x3 ./Src/libs/SW_GRAPHICS/SW_OSD/sw_osd_module_BRIGHT.o
 .rodata.brightDYN
                0x0000000008002a31        0x3 ./Src/libs/SW_GRAPHICS/SW_OSD/sw_osd_module_BRIGHT.o
 .rodata.osd_rtc_fonts_param.str1.1
                0x0000000008002a34        0x7 ./Src/libs/SW_GRAPHICS/SW_OSD/sw_osd_module_RTC.o
 .rodata.BlackColor
                0x0000000008002a3b        0x1 ./Src/libs/SW_GRAPHICS/SW_OSD/sw_osd_module_RTC.o
 .rodata.GammaRGB
                0x0000000008002a3c        0xc ./Src/libs/SW_GRAPHICS/SW_OSD/sw_osd_module_RTC.o
 .rodata.colorClock
                0x0000000008002a48        0x1 ./Src/libs/SW_GRAPHICS/SW_OSD/sw_osd_module_RTC.o
 *fill*         0x0000000008002a49        0x1 
 .rodata.utf_8Code
                0x0000000008002a4a       0x24 ./Src/libs/SW_GRAPHICS/fonts_pl.o
                0x0000000008002a4a                utf_8Code
 .rodata.BlackColor
                0x0000000008002a6e        0x1 ./Src/libs/SW_GRAPHICS/text.o
 *fill*         0x0000000008002a6f        0x1 
 .rodata.kaseikyo_param
                0x0000000008002a70       0x44 ./Src/libs/SW_INPUT/SW_IR/IRMP/irmp.o
 .rodata.nec_param
                0x0000000008002ab4       0x44 ./Src/libs/SW_INPUT/SW_IR/IRMP/irmp.o
 .rodata.nec_rep_param
                0x0000000008002af8       0x44 ./Src/libs/SW_INPUT/SW_IR/IRMP/irmp.o
 .rodata.samsung_param
                0x0000000008002b3c       0x44 ./Src/libs/SW_INPUT/SW_IR/IRMP/irmp.o
 .rodata.sircs_param
                0x0000000008002b80       0x44 ./Src/libs/SW_INPUT/SW_IR/IRMP/irmp.o
 .rodata.KeysTab
                0x0000000008002bc4       0x30 ./Src/libs/SW_INPUT/sw_keyboard.o
 .rodata.__utoa.str1.1
                0x0000000008002bf4       0x25 d:/00_programowanie/stm32cubeide_1.4.0/stm32cubeide/plugins/com.st.stm32cube.ide.mcu.externaltools.gnu-tools-for-stm32.9-2020-q2-update.win32_2.0.0.202105311346/tools/bin/../lib/gcc/arm-none-eabi/9.3.1/../../../../arm-none-eabi/lib/thumb/v6-m/nofp\libc_nano.a(lib_a-utoa.o)
                0x0000000008002c1c                . = ALIGN (0x4)
 *fill*         0x0000000008002c19        0x3 

.rel.dyn        0x0000000008002c1c        0x0
 .rel.iplt      0x0000000008002c1c        0x0 d:/00_programowanie/stm32cubeide_1.4.0/stm32cubeide/plugins/com.st.stm32cube.ide.mcu.externaltools.gnu-tools-for-stm32.9-2020-q2-update.win32_2.0.0.202105311346/tools/bin/../lib/gcc/arm-none-eabi/9.3.1/thumb/v6-m/nofp/crtbegin.o

.ARM.extab
 *(.ARM.extab* .gnu.linkonce.armextab.*)

.ARM            0x0000000008002c1c        0x0
                0x0000000008002c1c                __exidx_start = .
 *(.ARM.exidx*)
                0x0000000008002c1c                __exidx_end = .

.preinit_array  0x0000000008002c1c        0x0
                0x0000000008002c1c                PROVIDE (__preinit_array_start = .)
 *(.preinit_array*)
                0x0000000008002c1c                PROVIDE (__preinit_array_end = .)

.init_array     0x0000000008002c1c        0x4
                0x0000000008002c1c                PROVIDE (__init_array_start = .)
 *(SORT_BY_NAME(.init_array.*))
 *(.init_array*)
 .init_array    0x0000000008002c1c        0x4 d:/00_programowanie/stm32cubeide_1.4.0/stm32cubeide/plugins/com.st.stm32cube.ide.mcu.externaltools.gnu-tools-for-stm32.9-2020-q2-update.win32_2.0.0.202105311346/tools/bin/../lib/gcc/arm-none-eabi/9.3.1/thumb/v6-m/nofp/crtbegin.o
                0x0000000008002c20                PROVIDE (__init_array_end = .)

.fini_array     0x0000000008002c20        0x4
                [!provide]                        PROVIDE (__fini_array_start = .)
 *(SORT_BY_NAME(.fini_array.*))
 *(.fini_array*)
 .fini_array    0x0000000008002c20        0x4 d:/00_programowanie/stm32cubeide_1.4.0/stm32cubeide/plugins/com.st.stm32cube.ide.mcu.externaltools.gnu-tools-for-stm32.9-2020-q2-update.win32_2.0.0.202105311346/tools/bin/../lib/gcc/arm-none-eabi/9.3.1/thumb/v6-m/nofp/crtbegin.o
                [!provide]                        PROVIDE (__fini_array_end = .)
                0x0000000008002c24                _sidata = LOADADDR (.data)

.data           0x0000000020000000       0x2c load address 0x0000000008002c24
                0x0000000020000000                . = ALIGN (0x4)
                0x0000000020000000                _sdata = .
 *(.data)
 *(.data*)
 .data.SystemCoreClock
                0x0000000020000000        0x4 ./Src/system_stm32f0xx.o
                0x0000000020000000                SystemCoreClock
 .data.dir.8613
                0x0000000020000004        0x1 ./Src/libs/SW_GRAPHICS/SW_HT1632C/sw_ht3216c.o
 .data.cnt.9213
                0x0000000020000005        0x1 ./Src/libs/SW_GRAPHICS/SW_OSD/sw_osd.o
 .data.osdDisplayContant
                0x0000000020000006        0x1 ./Src/libs/SW_GRAPHICS/SW_OSD/sw_osd.o
                0x0000000020000006                osdDisplayContant
 *fill*         0x0000000020000007        0x1 
 .data.ActualBuffer
                0x0000000020000008        0x8 ./Src/libs/SW_GRAPHICS/fb.o
                0x0000000020000008                ActualBuffer
 .data.Buffer   0x0000000020000010        0x8 ./Src/libs/SW_GRAPHICS/fb.o
                0x0000000020000010                Buffer
 .data.Buffer_Back
                0x0000000020000018        0x8 ./Src/libs/SW_GRAPHICS/fb.o
                0x0000000020000018                Buffer_Back
 .data.last_irmp_address.5792
                0x0000000020000020        0x4 ./Src/libs/SW_INPUT/SW_IR/IRMP/irmp.o
 .data.last_irmp_command.5793
                0x0000000020000024        0x4 ./Src/libs/SW_INPUT/SW_IR/IRMP/irmp.o
 .data.i2cAutoEnd
                0x0000000020000028        0x1 ./Src/libs/SW_RTC/sw_i2c.o
                0x000000002000002c                . = ALIGN (0x4)
 *fill*         0x0000000020000029        0x3 
                0x000000002000002c                _edata = .

.igot.plt       0x000000002000002c        0x0 load address 0x0000000008002c50
 .igot.plt      0x000000002000002c        0x0 d:/00_programowanie/stm32cubeide_1.4.0/stm32cubeide/plugins/com.st.stm32cube.ide.mcu.externaltools.gnu-tools-for-stm32.9-2020-q2-update.win32_2.0.0.202105311346/tools/bin/../lib/gcc/arm-none-eabi/9.3.1/thumb/v6-m/nofp/crtbegin.o
                0x000000002000002c                . = ALIGN (0x4)

.bss            0x000000002000002c      0x2ac load address 0x0000000008002c50
                0x000000002000002c                _sbss = .
                0x000000002000002c                __bss_start__ = _sbss
 *(.bss)
 .bss           0x000000002000002c       0x1c d:/00_programowanie/stm32cubeide_1.4.0/stm32cubeide/plugins/com.st.stm32cube.ide.mcu.externaltools.gnu-tools-for-stm32.9-2020-q2-update.win32_2.0.0.202105311346/tools/bin/../lib/gcc/arm-none-eabi/9.3.1/thumb/v6-m/nofp/crtbegin.o
 *(.bss*)
 .bss.bright    0x0000000020000048        0x1 ./Src/libs/SW_GRAPHICS/SW_HT1632C/sw_ht3216c.o
 .bss.bright.8612
                0x0000000020000049        0x1 ./Src/libs/SW_GRAPHICS/SW_HT1632C/sw_ht3216c.o
 .bss.cnt.8625  0x000000002000004a        0x1 ./Src/libs/SW_GRAPHICS/SW_HT1632C/sw_ht3216c.o
 *fill*         0x000000002000004b        0x1 
 .bss.command   0x000000002000004c        0x2 ./Src/libs/SW_GRAPHICS/SW_HT1632C/sw_ht3216c.o
 .bss.i.8611    0x000000002000004e        0x1 ./Src/libs/SW_GRAPHICS/SW_HT1632C/sw_ht3216c.o
 .bss.scrollEvent
                0x000000002000004f        0x1 ./Src/libs/SW_GRAPHICS/SW_HT1632C/sw_ht3216c.o
 .bss.scroll_event_callback
                0x0000000020000050        0x4 ./Src/libs/SW_GRAPHICS/SW_HT1632C/sw_ht3216c.o
 .bss.osd_event_callback
                0x0000000020000054        0x4 ./Src/libs/SW_GRAPHICS/SW_OSD/sw_osd.o
 .bss.Date      0x0000000020000058       0x14 ./Src/libs/SW_GRAPHICS/SW_OSD/sw_osd_fx.o
 .bss.Text2     0x000000002000006c       0x14 ./Src/libs/SW_GRAPHICS/SW_OSD/sw_osd_fx.o
 .bss.k.9131    0x0000000020000080        0x2 ./Src/libs/SW_GRAPHICS/SW_OSD/sw_osd_fx.o
 *fill*         0x0000000020000082        0x2 
 .bss.Bright1   0x0000000020000084       0x14 ./Src/libs/SW_GRAPHICS/SW_OSD/sw_osd_module_BRIGHT.o
 .bss.Bright2   0x0000000020000098       0x14 ./Src/libs/SW_GRAPHICS/SW_OSD/sw_osd_module_BRIGHT.o
 .bss.bright    0x00000000200000ac        0x1 ./Src/libs/SW_GRAPHICS/SW_OSD/sw_osd_module_BRIGHT.o
 *fill*         0x00000000200000ad        0x3 
 .bss.Delim1    0x00000000200000b0       0x14 ./Src/libs/SW_GRAPHICS/SW_OSD/sw_osd_module_RTC.o
 .bss.Delim2    0x00000000200000c4       0x14 ./Src/libs/SW_GRAPHICS/SW_OSD/sw_osd_module_RTC.o
 .bss.Delim3    0x00000000200000d8       0x14 ./Src/libs/SW_GRAPHICS/SW_OSD/sw_osd_module_RTC.o
 .bss.TextDAY   0x00000000200000ec       0x14 ./Src/libs/SW_GRAPHICS/SW_OSD/sw_osd_module_RTC.o
 .bss.TextHH    0x0000000020000100       0x14 ./Src/libs/SW_GRAPHICS/SW_OSD/sw_osd_module_RTC.o
 .bss.TextMM    0x0000000020000114       0x14 ./Src/libs/SW_GRAPHICS/SW_OSD/sw_osd_module_RTC.o
 .bss.TextMONTH
                0x0000000020000128       0x14 ./Src/libs/SW_GRAPHICS/SW_OSD/sw_osd_module_RTC.o
 .bss.TextSS    0x000000002000013c       0x14 ./Src/libs/SW_GRAPHICS/SW_OSD/sw_osd_module_RTC.o
 .bss.TextYEAR  0x0000000020000150       0x14 ./Src/libs/SW_GRAPHICS/SW_OSD/sw_osd_module_RTC.o
 .bss.cnt.9194  0x0000000020000164        0x1 ./Src/libs/SW_GRAPHICS/SW_OSD/sw_osd_module_RTC.o
 .bss.Buffer1   0x0000000020000165       0x20 ./Src/libs/SW_GRAPHICS/fb.o
 .bss.Buffer1_Back
                0x0000000020000185       0x20 ./Src/libs/SW_GRAPHICS/fb.o
 .bss.Buffer2   0x00000000200001a5       0x20 ./Src/libs/SW_GRAPHICS/fb.o
 .bss.Buffer2_Back
                0x00000000200001c5       0x20 ./Src/libs/SW_GRAPHICS/fb.o
 .bss.SyncFlags
                0x00000000200001e5        0x2 ./Src/libs/SW_GRAPHICS/fb.o
                0x00000000200001e5                SyncFlags
 *fill*         0x00000000200001e7        0x1 
 .bss.genre2    0x00000000200001e8        0x4 ./Src/libs/SW_INPUT/SW_IR/IRMP/irmp.o
 .bss.irmp_address
                0x00000000200001ec        0x4 ./Src/libs/SW_INPUT/SW_IR/IRMP/irmp.o
 .bss.irmp_bit  0x00000000200001f0        0x4 ./Src/libs/SW_INPUT/SW_IR/IRMP/irmp.o
 .bss.irmp_command
                0x00000000200001f4        0x4 ./Src/libs/SW_INPUT/SW_IR/IRMP/irmp.o
 .bss.irmp_flags
                0x00000000200001f8        0x4 ./Src/libs/SW_INPUT/SW_IR/IRMP/irmp.o
 .bss.irmp_id   0x00000000200001fc        0x4 ./Src/libs/SW_INPUT/SW_IR/IRMP/irmp.o
 .bss.irmp_ir_detected
                0x0000000020000200        0x4 ./Src/libs/SW_INPUT/SW_IR/IRMP/irmp.o
 .bss.irmp_param
                0x0000000020000204       0x44 ./Src/libs/SW_INPUT/SW_IR/IRMP/irmp.o
 .bss.irmp_pause_time.5791
                0x0000000020000248        0x1 ./Src/libs/SW_INPUT/SW_IR/IRMP/irmp.o
 *fill*         0x0000000020000249        0x3 
 .bss.irmp_protocol
                0x000000002000024c        0x4 ./Src/libs/SW_INPUT/SW_IR/IRMP/irmp.o
 .bss.irmp_pulse_time.5790
                0x0000000020000250        0x4 ./Src/libs/SW_INPUT/SW_IR/IRMP/irmp.o
 .bss.irmp_start_bit_detected.5787
                0x0000000020000254        0x4 ./Src/libs/SW_INPUT/SW_IR/IRMP/irmp.o
 .bss.irmp_tmp_address
                0x0000000020000258        0x4 ./Src/libs/SW_INPUT/SW_IR/IRMP/irmp.o
 .bss.irmp_tmp_command
                0x000000002000025c        0x4 ./Src/libs/SW_INPUT/SW_IR/IRMP/irmp.o
 .bss.irmp_tmp_id
                0x0000000020000260        0x4 ./Src/libs/SW_INPUT/SW_IR/IRMP/irmp.o
 .bss.key_repetition_len.5794
                0x0000000020000264        0x4 ./Src/libs/SW_INPUT/SW_IR/IRMP/irmp.o
 .bss.repetition_frame_number.5795
                0x0000000020000268        0x4 ./Src/libs/SW_INPUT/SW_IR/IRMP/irmp.o
 .bss.wait_for_space.5788
                0x000000002000026c        0x4 ./Src/libs/SW_INPUT/SW_IR/IRMP/irmp.o
 .bss.wait_for_start_space.5789
                0x0000000020000270        0x4 ./Src/libs/SW_INPUT/SW_IR/IRMP/irmp.o
 .bss.xor_check
                0x0000000020000274        0x6 ./Src/libs/SW_INPUT/SW_IR/IRMP/irmp.o
 .bss.keyAction
                0x000000002000027a        0x1 ./Src/libs/SW_INPUT/sw_keyboard.o
 .bss.keyboard  0x000000002000027b        0x2 ./Src/libs/SW_INPUT/sw_keyboard.o
 .bss.lastState.5425
                0x000000002000027d        0x1 ./Src/libs/SW_INPUT/sw_keyboard.o
 .bss.repeatCounter
                0x000000002000027e        0x1 ./Src/libs/SW_INPUT/sw_keyboard.o
 .bss.speedPressCounter
                0x000000002000027f        0x1 ./Src/libs/SW_INPUT/sw_keyboard.o
 .bss.timeFall2Rise
                0x0000000020000280        0x2 ./Src/libs/SW_INPUT/sw_keyboard.o
 .bss.timeFallRise
                0x0000000020000282        0x2 ./Src/libs/SW_INPUT/sw_keyboard.o
 .bss.i2cRxBuff
                0x0000000020000284        0x8 ./Src/libs/SW_RTC/SW_RTC_DS3231/ds3231.o
 .bss.simon.4846
                0x000000002000028c        0x1 ./Src/libs/SW_RTC/SW_RTC_STM32/sw_rtc_stm32.o
 .bss.i2cErrorOcurred
                0x000000002000028d        0x1 ./Src/libs/SW_RTC/sw_i2c.o
 *fill*         0x000000002000028e        0x2 
 .bss.datetime_event_callback
                0x0000000020000290        0x4 ./Src/libs/SW_RTC/sw_rtc_manage.o
 .bss.delayTimer
                0x0000000020000294        0x2 ./Src/libs/SW_TIMERS/sw_soft_timers.o
 *fill*         0x0000000020000296        0x2 
 .bss.milis     0x0000000020000298        0x4 ./Src/libs/SW_TIMERS/sw_soft_timers.o
 *(COMMON)
 COMMON         0x000000002000029c        0xe ./Src/libs/SW_RTC/sw_rtc_manage.o
                0x000000002000029c                SetDateTime
                0x00000000200002a3                ShowDateTime
 *fill*         0x00000000200002aa        0x2 
 COMMON         0x00000000200002ac       0x2a ./Src/libs/SW_TIMERS/sw_soft_timers.o
                0x00000000200002ac                debounceTimer
                0x00000000200002ae                repeatTimer
                0x00000000200002b0                whileTimer
                0x00000000200002b2                softTimer2
                0x00000000200002b4                fallAvgTimer
                0x00000000200002b8                pressTimer
                0x00000000200002bc                fallTimer
                0x00000000200002c0                peakTimer
                0x00000000200002c4                showMenuTimer
                0x00000000200002c6                softTimer3
                0x00000000200002c8                softTimer5
                0x00000000200002cc                riseTimer
                0x00000000200002d0                peakAvgTimer
                0x00000000200002d4                softTimer1
                0x00000000200002d8                . = ALIGN (0x4)
 *fill*         0x00000000200002d6        0x2 
                0x00000000200002d8                _ebss = .
                0x00000000200002d8                __bss_end__ = _ebss

._user_heap_stack
                0x00000000200002d8      0x600 load address 0x0000000008002c50
                0x00000000200002d8                . = ALIGN (0x8)
                [!provide]                        PROVIDE (end = .)
                [!provide]                        PROVIDE (_end = .)
                0x00000000200004d8                . = (. + _Min_Heap_Size)
 *fill*         0x00000000200002d8      0x200 
                0x00000000200008d8                . = (. + _Min_Stack_Size)
 *fill*         0x00000000200004d8      0x400 
                0x00000000200008d8                . = ALIGN (0x8)

/DISCARD/
 libc.a(*)
 libm.a(*)
 libgcc.a(*)

.ARM.attributes
                0x0000000000000000       0x28
 *(.ARM.attributes)
 .ARM.attributes
                0x0000000000000000       0x1e d:/00_programowanie/stm32cubeide_1.4.0/stm32cubeide/plugins/com.st.stm32cube.ide.mcu.externaltools.gnu-tools-for-stm32.9-2020-q2-update.win32_2.0.0.202105311346/tools/bin/../lib/gcc/arm-none-eabi/9.3.1/thumb/v6-m/nofp/crti.o
 .ARM.attributes
                0x000000000000001e       0x2c d:/00_programowanie/stm32cubeide_1.4.0/stm32cubeide/plugins/com.st.stm32cube.ide.mcu.externaltools.gnu-tools-for-stm32.9-2020-q2-update.win32_2.0.0.202105311346/tools/bin/../lib/gcc/arm-none-eabi/9.3.1/thumb/v6-m/nofp/crtbegin.o
 .ARM.attributes
                0x000000000000004a       0x2c ./Src/MiniClock_v1.2.o
 .ARM.attributes
                0x0000000000000076       0x2c ./Src/stm32f0xx_it.o
 .ARM.attributes
                0x00000000000000a2       0x2c ./Src/system_stm32f0xx.o
 .ARM.attributes
                0x00000000000000ce       0x2c ./Src/libs/SW_BOARD/gpio.o
 .ARM.attributes
                0x00000000000000fa       0x2c ./Src/libs/SW_BOARD/sw_led_blink_debug.o
 .ARM.attributes
                0x0000000000000126       0x31 ./Src/libs/SW_GRAPHICS/SW_FONTS/Arial6pt_8_var.o
 .ARM.attributes
                0x0000000000000157       0x31 ./Src/libs/SW_GRAPHICS/SW_FONTS/ArialBoldDigits8.o
 .ARM.attributes
                0x0000000000000188       0x31 ./Src/libs/SW_GRAPHICS/SW_FONTS/MagicMatrix_3x5_numbers.o
 .ARM.attributes
                0x00000000000001b9       0x31 ./Src/libs/SW_GRAPHICS/SW_FONTS/MagicMatrix_3x7_numbers.o
 .ARM.attributes
                0x00000000000001ea       0x2c ./Src/libs/SW_GRAPHICS/SW_HT1632C/sw_ht3216c.o
 .ARM.attributes
                0x0000000000000216       0x2c ./Src/libs/SW_GRAPHICS/SW_OSD/sw_osd.o
 .ARM.attributes
                0x0000000000000242       0x2c ./Src/libs/SW_GRAPHICS/SW_OSD/sw_osd_fx.o
 .ARM.attributes
                0x000000000000026e       0x2c ./Src/libs/SW_GRAPHICS/SW_OSD/sw_osd_module_BRIGHT.o
 .ARM.attributes
                0x000000000000029a       0x2c ./Src/libs/SW_GRAPHICS/SW_OSD/sw_osd_module_RTC.o
 .ARM.attributes
                0x00000000000002c6       0x2c ./Src/libs/SW_GRAPHICS/fb.o
 .ARM.attributes
                0x00000000000002f2       0x2c ./Src/libs/SW_GRAPHICS/fonts_pl.o
 .ARM.attributes
                0x000000000000031e       0x2c ./Src/libs/SW_GRAPHICS/gfx.o
 .ARM.attributes
                0x000000000000034a       0x2c ./Src/libs/SW_GRAPHICS/text.o
 .ARM.attributes
                0x0000000000000376       0x2c ./Src/libs/SW_INPUT/SW_IR/IRMP/irmp.o
 .ARM.attributes
                0x00000000000003a2       0x2c ./Src/libs/SW_INPUT/SW_IR/sw_irmanage.o
 .ARM.attributes
                0x00000000000003ce       0x2c ./Src/libs/SW_INPUT/sw_keyboard.o
 .ARM.attributes
                0x00000000000003fa       0x2c ./Src/libs/SW_RTC/SW_RTC_DS3231/ds3231.o
 .ARM.attributes
                0x0000000000000426       0x2c ./Src/libs/SW_RTC/SW_RTC_STM32/sw_rtc_stm32.o
 .ARM.attributes
                0x0000000000000452       0x2c ./Src/libs/SW_RTC/data_conv_v2.o
 .ARM.attributes
                0x000000000000047e       0x2c ./Src/libs/SW_RTC/sw_i2c.o
 .ARM.attributes
                0x00000000000004aa       0x2c ./Src/libs/SW_RTC/sw_rtc_manage.o
 .ARM.attributes
                0x00000000000004d6       0x2c ./Src/libs/SW_STM_PERIPHS/sw_rcc.o
 .ARM.attributes
                0x0000000000000502       0x2c ./Src/libs/SW_STM_PERIPHS/sw_spi.v2.o
 .ARM.attributes
                0x000000000000052e       0x2c ./Src/libs/SW_STM_PERIPHS/sw_tim.o
 .ARM.attributes
                0x000000000000055a       0x2c ./Src/libs/SW_TIMERS/sw_soft_timers.o
 .ARM.attributes
                0x0000000000000586       0x21 ./startup/startup_stm32f072xb.o
 .ARM.attributes
                0x00000000000005a7       0x2c d:/00_programowanie/stm32cubeide_1.4.0/stm32cubeide/plugins/com.st.stm32cube.ide.mcu.externaltools.gnu-tools-for-stm32.9-2020-q2-update.win32_2.0.0.202105311346/tools/bin/../lib/gcc/arm-none-eabi/9.3.1/../../../../arm-none-eabi/lib/thumb/v6-m/nofp\libc_nano.a(lib_a-init.o)
 .ARM.attributes
                0x00000000000005d3       0x2c d:/00_programowanie/stm32cubeide_1.4.0/stm32cubeide/plugins/com.st.stm32cube.ide.mcu.externaltools.gnu-tools-for-stm32.9-2020-q2-update.win32_2.0.0.202105311346/tools/bin/../lib/gcc/arm-none-eabi/9.3.1/../../../../arm-none-eabi/lib/thumb/v6-m/nofp\libc_nano.a(lib_a-itoa.o)
 .ARM.attributes
                0x00000000000005ff       0x2c d:/00_programowanie/stm32cubeide_1.4.0/stm32cubeide/plugins/com.st.stm32cube.ide.mcu.externaltools.gnu-tools-for-stm32.9-2020-q2-update.win32_2.0.0.202105311346/tools/bin/../lib/gcc/arm-none-eabi/9.3.1/../../../../arm-none-eabi/lib/thumb/v6-m/nofp\libc_nano.a(lib_a-memcpy-stub.o)
 .ARM.attributes
                0x000000000000062b       0x2c d:/00_programowanie/stm32cubeide_1.4.0/stm32cubeide/plugins/com.st.stm32cube.ide.mcu.externaltools.gnu-tools-for-stm32.9-2020-q2-update.win32_2.0.0.202105311346/tools/bin/../lib/gcc/arm-none-eabi/9.3.1/../../../../arm-none-eabi/lib/thumb/v6-m/nofp\libc_nano.a(lib_a-memset.o)
 .ARM.attributes
                0x0000000000000657       0x2c d:/00_programowanie/stm32cubeide_1.4.0/stm32cubeide/plugins/com.st.stm32cube.ide.mcu.externaltools.gnu-tools-for-stm32.9-2020-q2-update.win32_2.0.0.202105311346/tools/bin/../lib/gcc/arm-none-eabi/9.3.1/../../../../arm-none-eabi/lib/thumb/v6-m/nofp\libc_nano.a(lib_a-strcat.o)
 .ARM.attributes
                0x0000000000000683       0x2c d:/00_programowanie/stm32cubeide_1.4.0/stm32cubeide/plugins/com.st.stm32cube.ide.mcu.externaltools.gnu-tools-for-stm32.9-2020-q2-update.win32_2.0.0.202105311346/tools/bin/../lib/gcc/arm-none-eabi/9.3.1/../../../../arm-none-eabi/lib/thumb/v6-m/nofp\libc_nano.a(lib_a-utoa.o)
 .ARM.attributes
                0x00000000000006af       0x1e d:/00_programowanie/stm32cubeide_1.4.0/stm32cubeide/plugins/com.st.stm32cube.ide.mcu.externaltools.gnu-tools-for-stm32.9-2020-q2-update.win32_2.0.0.202105311346/tools/bin/../lib/gcc/arm-none-eabi/9.3.1/thumb/v6-m/nofp\libgcc.a(_udivsi3.o)
 .ARM.attributes
                0x00000000000006cd       0x1e d:/00_programowanie/stm32cubeide_1.4.0/stm32cubeide/plugins/com.st.stm32cube.ide.mcu.externaltools.gnu-tools-for-stm32.9-2020-q2-update.win32_2.0.0.202105311346/tools/bin/../lib/gcc/arm-none-eabi/9.3.1/thumb/v6-m/nofp\libgcc.a(_dvmd_tls.o)
 .ARM.attributes
                0x00000000000006eb       0x1e d:/00_programowanie/stm32cubeide_1.4.0/stm32cubeide/plugins/com.st.stm32cube.ide.mcu.externaltools.gnu-tools-for-stm32.9-2020-q2-update.win32_2.0.0.202105311346/tools/bin/../lib/gcc/arm-none-eabi/9.3.1/thumb/v6-m/nofp\libgcc.a(_ctzsi2.o)
 .ARM.attributes
                0x0000000000000709       0x1e d:/00_programowanie/stm32cubeide_1.4.0/stm32cubeide/plugins/com.st.stm32cube.ide.mcu.externaltools.gnu-tools-for-stm32.9-2020-q2-update.win32_2.0.0.202105311346/tools/bin/../lib/gcc/arm-none-eabi/9.3.1/thumb/v6-m/nofp/crtn.o
OUTPUT(STM32F072C8Tx_CID_REG_MiniClock_v1.2.elf elf32-littlearm)
LOAD linker stubs
LOAD d:/00_programowanie/stm32cubeide_1.4.0/stm32cubeide/plugins/com.st.stm32cube.ide.mcu.externaltools.gnu-tools-for-stm32.9-2020-q2-update.win32_2.0.0.202105311346/tools/bin/../lib/gcc/arm-none-eabi/9.3.1/../../../../arm-none-eabi/lib/thumb/v6-m/nofp\libc.a
LOAD d:/00_programowanie/stm32cubeide_1.4.0/stm32cubeide/plugins/com.st.stm32cube.ide.mcu.externaltools.gnu-tools-for-stm32.9-2020-q2-update.win32_2.0.0.202105311346/tools/bin/../lib/gcc/arm-none-eabi/9.3.1/../../../../arm-none-eabi/lib/thumb/v6-m/nofp\libm.a
LOAD d:/00_programowanie/stm32cubeide_1.4.0/stm32cubeide/plugins/com.st.stm32cube.ide.mcu.externaltools.gnu-tools-for-stm32.9-2020-q2-update.win32_2.0.0.202105311346/tools/bin/../lib/gcc/arm-none-eabi/9.3.1/thumb/v6-m/nofp\libgcc.a

.debug_info     0x0000000000000000    0x1de1c
 .debug_info    0x0000000000000000     0x2684 ./Src/MiniClock_v1.2.o
 .debug_info    0x0000000000002684      0x12d ./Src/stm32f0xx_it.o
 .debug_info    0x00000000000027b1      0x27b ./Src/system_stm32f0xx.o
 .debug_info    0x0000000000002a2c     0x118b ./Src/libs/SW_BOARD/gpio.o
 .debug_info    0x0000000000003bb7     0x1174 ./Src/libs/SW_BOARD/sw_led_blink_debug.o
 .debug_info    0x0000000000004d2b      0xb82 ./Src/libs/SW_GRAPHICS/SW_FONTS/Arial6pt_8_var.o
 .debug_info    0x00000000000058ad      0xb7f ./Src/libs/SW_GRAPHICS/SW_FONTS/ArialBoldDigits8.o
 .debug_info    0x000000000000642c      0xb7e ./Src/libs/SW_GRAPHICS/SW_FONTS/MagicMatrix_3x5_numbers.o
 .debug_info    0x0000000000006faa      0xb7f ./Src/libs/SW_GRAPHICS/SW_FONTS/MagicMatrix_3x7_numbers.o
 .debug_info    0x0000000000007b29     0x23e3 ./Src/libs/SW_GRAPHICS/SW_HT1632C/sw_ht3216c.o
 .debug_info    0x0000000000009f0c     0x101b ./Src/libs/SW_GRAPHICS/SW_OSD/sw_osd.o
 .debug_info    0x000000000000af27     0x11e1 ./Src/libs/SW_GRAPHICS/SW_OSD/sw_osd_fx.o
 .debug_info    0x000000000000c108     0x114a ./Src/libs/SW_GRAPHICS/SW_OSD/sw_osd_module_BRIGHT.o
 .debug_info    0x000000000000d252     0x1733 ./Src/libs/SW_GRAPHICS/SW_OSD/sw_osd_module_RTC.o
 .debug_info    0x000000000000e985      0xdd1 ./Src/libs/SW_GRAPHICS/fb.o
 .debug_info    0x000000000000f756      0x1e2 ./Src/libs/SW_GRAPHICS/fonts_pl.o
 .debug_info    0x000000000000f938     0x131f ./Src/libs/SW_GRAPHICS/gfx.o
 .debug_info    0x0000000000010c57     0x1bf9 ./Src/libs/SW_GRAPHICS/text.o
 .debug_info    0x0000000000012850     0x11e3 ./Src/libs/SW_INPUT/SW_IR/IRMP/irmp.o
 .debug_info    0x0000000000013a33     0x126b ./Src/libs/SW_INPUT/SW_IR/sw_irmanage.o
 .debug_info    0x0000000000014c9e     0x15a6 ./Src/libs/SW_INPUT/sw_keyboard.o
 .debug_info    0x0000000000016244     0x16f2 ./Src/libs/SW_RTC/SW_RTC_DS3231/ds3231.o
 .debug_info    0x0000000000017936      0x667 ./Src/libs/SW_RTC/SW_RTC_STM32/sw_rtc_stm32.o
 .debug_info    0x0000000000017f9d      0x190 ./Src/libs/SW_RTC/data_conv_v2.o
 .debug_info    0x000000000001812d     0x201b ./Src/libs/SW_RTC/sw_i2c.o
 .debug_info    0x000000000001a148     0x11ea ./Src/libs/SW_RTC/sw_rtc_manage.o
 .debug_info    0x000000000001b332      0x45a ./Src/libs/SW_STM_PERIPHS/sw_rcc.o
 .debug_info    0x000000000001b78c     0x17e6 ./Src/libs/SW_STM_PERIPHS/sw_spi.v2.o
 .debug_info    0x000000000001cf72      0x794 ./Src/libs/SW_STM_PERIPHS/sw_tim.o
 .debug_info    0x000000000001d706      0x6f4 ./Src/libs/SW_TIMERS/sw_soft_timers.o
 .debug_info    0x000000000001ddfa       0x22 ./startup/startup_stm32f072xb.o

.debug_abbrev   0x0000000000000000     0x4747
 .debug_abbrev  0x0000000000000000      0x369 ./Src/MiniClock_v1.2.o
 .debug_abbrev  0x0000000000000369       0xb6 ./Src/stm32f0xx_it.o
 .debug_abbrev  0x000000000000041f      0x11c ./Src/system_stm32f0xx.o
 .debug_abbrev  0x000000000000053b      0x1b2 ./Src/libs/SW_BOARD/gpio.o
 .debug_abbrev  0x00000000000006ed      0x1f3 ./Src/libs/SW_BOARD/sw_led_blink_debug.o
 .debug_abbrev  0x00000000000008e0      0x1b4 ./Src/libs/SW_GRAPHICS/SW_FONTS/Arial6pt_8_var.o
 .debug_abbrev  0x0000000000000a94      0x198 ./Src/libs/SW_GRAPHICS/SW_FONTS/ArialBoldDigits8.o
 .debug_abbrev  0x0000000000000c2c      0x196 ./Src/libs/SW_GRAPHICS/SW_FONTS/MagicMatrix_3x5_numbers.o
 .debug_abbrev  0x0000000000000dc2      0x198 ./Src/libs/SW_GRAPHICS/SW_FONTS/MagicMatrix_3x7_numbers.o
 .debug_abbrev  0x0000000000000f5a      0x3de ./Src/libs/SW_GRAPHICS/SW_HT1632C/sw_ht3216c.o
 .debug_abbrev  0x0000000000001338      0x2a5 ./Src/libs/SW_GRAPHICS/SW_OSD/sw_osd.o
 .debug_abbrev  0x00000000000015dd      0x303 ./Src/libs/SW_GRAPHICS/SW_OSD/sw_osd_fx.o
 .debug_abbrev  0x00000000000018e0      0x2a7 ./Src/libs/SW_GRAPHICS/SW_OSD/sw_osd_module_BRIGHT.o
 .debug_abbrev  0x0000000000001b87      0x3aa ./Src/libs/SW_GRAPHICS/SW_OSD/sw_osd_module_RTC.o
 .debug_abbrev  0x0000000000001f31      0x278 ./Src/libs/SW_GRAPHICS/fb.o
 .debug_abbrev  0x00000000000021a9       0xe0 ./Src/libs/SW_GRAPHICS/fonts_pl.o
 .debug_abbrev  0x0000000000002289      0x291 ./Src/libs/SW_GRAPHICS/gfx.o
 .debug_abbrev  0x000000000000251a      0x4f0 ./Src/libs/SW_GRAPHICS/text.o
 .debug_abbrev  0x0000000000002a0a      0x2f7 ./Src/libs/SW_INPUT/SW_IR/IRMP/irmp.o
 .debug_abbrev  0x0000000000002d01      0x35b ./Src/libs/SW_INPUT/SW_IR/sw_irmanage.o
 .debug_abbrev  0x000000000000305c      0x2d4 ./Src/libs/SW_INPUT/sw_keyboard.o
 .debug_abbrev  0x0000000000003330      0x2c3 ./Src/libs/SW_RTC/SW_RTC_DS3231/ds3231.o
 .debug_abbrev  0x00000000000035f3      0x1a0 ./Src/libs/SW_RTC/SW_RTC_STM32/sw_rtc_stm32.o
 .debug_abbrev  0x0000000000003793       0xde ./Src/libs/SW_RTC/data_conv_v2.o
 .debug_abbrev  0x0000000000003871      0x3db ./Src/libs/SW_RTC/sw_i2c.o
 .debug_abbrev  0x0000000000003c4c      0x2af ./Src/libs/SW_RTC/sw_rtc_manage.o
 .debug_abbrev  0x0000000000003efb      0x196 ./Src/libs/SW_STM_PERIPHS/sw_rcc.o
 .debug_abbrev  0x0000000000004091      0x2c9 ./Src/libs/SW_STM_PERIPHS/sw_spi.v2.o
 .debug_abbrev  0x000000000000435a      0x1b4 ./Src/libs/SW_STM_PERIPHS/sw_tim.o
 .debug_abbrev  0x000000000000450e      0x227 ./Src/libs/SW_TIMERS/sw_soft_timers.o
 .debug_abbrev  0x0000000000004735       0x12 ./startup/startup_stm32f072xb.o

.debug_loc      0x0000000000000000     0x3a41
 .debug_loc     0x0000000000000000       0x65 ./Src/MiniClock_v1.2.o
 .debug_loc     0x0000000000000065      0x105 ./Src/system_stm32f0xx.o
 .debug_loc     0x000000000000016a      0x328 ./Src/libs/SW_BOARD/gpio.o
 .debug_loc     0x0000000000000492      0x175 ./Src/libs/SW_GRAPHICS/SW_HT1632C/sw_ht3216c.o
 .debug_loc     0x0000000000000607       0x9b ./Src/libs/SW_GRAPHICS/SW_OSD/sw_osd.o
 .debug_loc     0x00000000000006a2       0xb4 ./Src/libs/SW_GRAPHICS/SW_OSD/sw_osd_fx.o
 .debug_loc     0x0000000000000756       0xbd ./Src/libs/SW_GRAPHICS/SW_OSD/sw_osd_module_BRIGHT.o
 .debug_loc     0x0000000000000813      0x344 ./Src/libs/SW_GRAPHICS/SW_OSD/sw_osd_module_RTC.o
 .debug_loc     0x0000000000000b57      0x157 ./Src/libs/SW_GRAPHICS/fb.o
 .debug_loc     0x0000000000000cae      0x14c ./Src/libs/SW_GRAPHICS/fonts_pl.o
 .debug_loc     0x0000000000000dfa      0x780 ./Src/libs/SW_GRAPHICS/gfx.o
 .debug_loc     0x000000000000157a      0xd99 ./Src/libs/SW_GRAPHICS/text.o
 .debug_loc     0x0000000000002313      0x22c ./Src/libs/SW_INPUT/SW_IR/IRMP/irmp.o
 .debug_loc     0x000000000000253f       0x66 ./Src/libs/SW_INPUT/SW_IR/sw_irmanage.o
 .debug_loc     0x00000000000025a5      0x369 ./Src/libs/SW_INPUT/sw_keyboard.o
 .debug_loc     0x000000000000290e      0x185 ./Src/libs/SW_RTC/SW_RTC_DS3231/ds3231.o
 .debug_loc     0x0000000000002a93      0x241 ./Src/libs/SW_RTC/SW_RTC_STM32/sw_rtc_stm32.o
 .debug_loc     0x0000000000002cd4       0x92 ./Src/libs/SW_RTC/data_conv_v2.o
 .debug_loc     0x0000000000002d66      0x38a ./Src/libs/SW_RTC/sw_i2c.o
 .debug_loc     0x00000000000030f0      0x288 ./Src/libs/SW_RTC/sw_rtc_manage.o
 .debug_loc     0x0000000000003378       0xb8 ./Src/libs/SW_STM_PERIPHS/sw_rcc.o
 .debug_loc     0x0000000000003430      0x459 ./Src/libs/SW_STM_PERIPHS/sw_spi.v2.o
 .debug_loc     0x0000000000003889      0x10b ./Src/libs/SW_STM_PERIPHS/sw_tim.o
 .debug_loc     0x0000000000003994       0xad ./Src/libs/SW_TIMERS/sw_soft_timers.o

.debug_aranges  0x0000000000000000      0x710
 .debug_aranges
                0x0000000000000000       0x30 ./Src/MiniClock_v1.2.o
 .debug_aranges
                0x0000000000000030       0x28 ./Src/stm32f0xx_it.o
 .debug_aranges
                0x0000000000000058       0x28 ./Src/system_stm32f0xx.o
 .debug_aranges
                0x0000000000000080       0x50 ./Src/libs/SW_BOARD/gpio.o
 .debug_aranges
                0x00000000000000d0       0x50 ./Src/libs/SW_BOARD/sw_led_blink_debug.o
 .debug_aranges
                0x0000000000000120       0x18 ./Src/libs/SW_GRAPHICS/SW_FONTS/Arial6pt_8_var.o
 .debug_aranges
                0x0000000000000138       0x18 ./Src/libs/SW_GRAPHICS/SW_FONTS/ArialBoldDigits8.o
 .debug_aranges
                0x0000000000000150       0x18 ./Src/libs/SW_GRAPHICS/SW_FONTS/MagicMatrix_3x5_numbers.o
 .debug_aranges
                0x0000000000000168       0x18 ./Src/libs/SW_GRAPHICS/SW_FONTS/MagicMatrix_3x7_numbers.o
 .debug_aranges
                0x0000000000000180       0x58 ./Src/libs/SW_GRAPHICS/SW_HT1632C/sw_ht3216c.o
 .debug_aranges
                0x00000000000001d8       0x48 ./Src/libs/SW_GRAPHICS/SW_OSD/sw_osd.o
 .debug_aranges
                0x0000000000000220       0x30 ./Src/libs/SW_GRAPHICS/SW_OSD/sw_osd_fx.o
 .debug_aranges
                0x0000000000000250       0x38 ./Src/libs/SW_GRAPHICS/SW_OSD/sw_osd_module_BRIGHT.o
 .debug_aranges
                0x0000000000000288       0x38 ./Src/libs/SW_GRAPHICS/SW_OSD/sw_osd_module_RTC.o
 .debug_aranges
                0x00000000000002c0       0x50 ./Src/libs/SW_GRAPHICS/fb.o
 .debug_aranges
                0x0000000000000310       0x20 ./Src/libs/SW_GRAPHICS/fonts_pl.o
 .debug_aranges
                0x0000000000000330       0x50 ./Src/libs/SW_GRAPHICS/gfx.o
 .debug_aranges
                0x0000000000000380       0x60 ./Src/libs/SW_GRAPHICS/text.o
 .debug_aranges
                0x00000000000003e0       0x38 ./Src/libs/SW_INPUT/SW_IR/IRMP/irmp.o
 .debug_aranges
                0x0000000000000418       0x40 ./Src/libs/SW_INPUT/SW_IR/sw_irmanage.o
 .debug_aranges
                0x0000000000000458       0x30 ./Src/libs/SW_INPUT/sw_keyboard.o
 .debug_aranges
                0x0000000000000488       0x50 ./Src/libs/SW_RTC/SW_RTC_DS3231/ds3231.o
 .debug_aranges
                0x00000000000004d8       0x70 ./Src/libs/SW_RTC/SW_RTC_STM32/sw_rtc_stm32.o
 .debug_aranges
                0x0000000000000548       0x30 ./Src/libs/SW_RTC/data_conv_v2.o
 .debug_aranges
                0x0000000000000578       0x50 ./Src/libs/SW_RTC/sw_i2c.o
 .debug_aranges
                0x00000000000005c8       0x60 ./Src/libs/SW_RTC/sw_rtc_manage.o
 .debug_aranges
                0x0000000000000628       0x20 ./Src/libs/SW_STM_PERIPHS/sw_rcc.o
 .debug_aranges
                0x0000000000000648       0x40 ./Src/libs/SW_STM_PERIPHS/sw_spi.v2.o
 .debug_aranges
                0x0000000000000688       0x28 ./Src/libs/SW_STM_PERIPHS/sw_tim.o
 .debug_aranges
                0x00000000000006b0       0x38 ./Src/libs/SW_TIMERS/sw_soft_timers.o
 .debug_aranges
                0x00000000000006e8       0x28 ./startup/startup_stm32f072xb.o

.debug_ranges   0x0000000000000000      0xb98
 .debug_ranges  0x0000000000000000       0x70 ./Src/MiniClock_v1.2.o
 .debug_ranges  0x0000000000000070       0x18 ./Src/stm32f0xx_it.o
 .debug_ranges  0x0000000000000088       0x18 ./Src/system_stm32f0xx.o
 .debug_ranges  0x00000000000000a0       0x40 ./Src/libs/SW_BOARD/gpio.o
 .debug_ranges  0x00000000000000e0       0x60 ./Src/libs/SW_BOARD/sw_led_blink_debug.o
 .debug_ranges  0x0000000000000140      0x100 ./Src/libs/SW_GRAPHICS/SW_HT1632C/sw_ht3216c.o
 .debug_ranges  0x0000000000000240       0x38 ./Src/libs/SW_GRAPHICS/SW_OSD/sw_osd.o
 .debug_ranges  0x0000000000000278       0x20 ./Src/libs/SW_GRAPHICS/SW_OSD/sw_osd_fx.o
 .debug_ranges  0x0000000000000298       0x40 ./Src/libs/SW_GRAPHICS/SW_OSD/sw_osd_module_BRIGHT.o
 .debug_ranges  0x00000000000002d8       0x70 ./Src/libs/SW_GRAPHICS/SW_OSD/sw_osd_module_RTC.o
 .debug_ranges  0x0000000000000348       0x40 ./Src/libs/SW_GRAPHICS/fb.o
 .debug_ranges  0x0000000000000388       0x50 ./Src/libs/SW_GRAPHICS/fonts_pl.o
 .debug_ranges  0x00000000000003d8       0xa0 ./Src/libs/SW_GRAPHICS/gfx.o
 .debug_ranges  0x0000000000000478       0xd0 ./Src/libs/SW_GRAPHICS/text.o
 .debug_ranges  0x0000000000000548       0x68 ./Src/libs/SW_INPUT/SW_IR/IRMP/irmp.o
 .debug_ranges  0x00000000000005b0       0x70 ./Src/libs/SW_INPUT/SW_IR/sw_irmanage.o
 .debug_ranges  0x0000000000000620      0x110 ./Src/libs/SW_INPUT/sw_keyboard.o
 .debug_ranges  0x0000000000000730       0x40 ./Src/libs/SW_RTC/SW_RTC_DS3231/ds3231.o
 .debug_ranges  0x0000000000000770       0xb0 ./Src/libs/SW_RTC/SW_RTC_STM32/sw_rtc_stm32.o
 .debug_ranges  0x0000000000000820       0x20 ./Src/libs/SW_RTC/data_conv_v2.o
 .debug_ranges  0x0000000000000840       0x90 ./Src/libs/SW_RTC/sw_i2c.o
 .debug_ranges  0x00000000000008d0       0x50 ./Src/libs/SW_RTC/sw_rtc_manage.o
 .debug_ranges  0x0000000000000920       0x28 ./Src/libs/SW_STM_PERIPHS/sw_rcc.o
 .debug_ranges  0x0000000000000948       0xd8 ./Src/libs/SW_STM_PERIPHS/sw_spi.v2.o
 .debug_ranges  0x0000000000000a20       0xf8 ./Src/libs/SW_STM_PERIPHS/sw_tim.o
 .debug_ranges  0x0000000000000b18       0x60 ./Src/libs/SW_TIMERS/sw_soft_timers.o
 .debug_ranges  0x0000000000000b78       0x20 ./startup/startup_stm32f072xb.o

.debug_macro    0x0000000000000000    0x17620
 .debug_macro   0x0000000000000000      0x2f1 ./Src/MiniClock_v1.2.o
 .debug_macro   0x00000000000002f1      0xa90 ./Src/MiniClock_v1.2.o
 .debug_macro   0x0000000000000d81       0x10 ./Src/MiniClock_v1.2.o
 .debug_macro   0x0000000000000d91       0x2e ./Src/MiniClock_v1.2.o
 .debug_macro   0x0000000000000dbf       0x22 ./Src/MiniClock_v1.2.o
 .debug_macro   0x0000000000000de1       0x22 ./Src/MiniClock_v1.2.o
 .debug_macro   0x0000000000000e03       0x8e ./Src/MiniClock_v1.2.o
 .debug_macro   0x0000000000000e91       0x51 ./Src/MiniClock_v1.2.o
 .debug_macro   0x0000000000000ee2      0x103 ./Src/MiniClock_v1.2.o
 .debug_macro   0x0000000000000fe5       0x6a ./Src/MiniClock_v1.2.o
 .debug_macro   0x000000000000104f      0x1df ./Src/MiniClock_v1.2.o
 .debug_macro   0x000000000000122e       0x34 ./Src/MiniClock_v1.2.o
 .debug_macro   0x0000000000001262       0x26 ./Src/MiniClock_v1.2.o
 .debug_macro   0x0000000000001288      0x30d ./Src/MiniClock_v1.2.o
 .debug_macro   0x0000000000001595     0xfe50 ./Src/MiniClock_v1.2.o
 .debug_macro   0x00000000000113e5       0x3c ./Src/MiniClock_v1.2.o
 .debug_macro   0x0000000000011421       0x22 ./Src/MiniClock_v1.2.o
 .debug_macro   0x0000000000011443       0x92 ./Src/MiniClock_v1.2.o
 .debug_macro   0x00000000000114d5       0x40 ./Src/MiniClock_v1.2.o
 .debug_macro   0x0000000000011515       0x34 ./Src/MiniClock_v1.2.o
 .debug_macro   0x0000000000011549       0x4c ./Src/MiniClock_v1.2.o
 .debug_macro   0x0000000000011595       0x52 ./Src/MiniClock_v1.2.o
 .debug_macro   0x00000000000115e7       0xf4 ./Src/MiniClock_v1.2.o
 .debug_macro   0x00000000000116db       0x52 ./Src/MiniClock_v1.2.o
 .debug_macro   0x000000000001172d       0x18 ./Src/MiniClock_v1.2.o
 .debug_macro   0x0000000000011745       0x3c ./Src/MiniClock_v1.2.o
 .debug_macro   0x0000000000011781       0x34 ./Src/MiniClock_v1.2.o
 .debug_macro   0x00000000000117b5      0x174 ./Src/MiniClock_v1.2.o
 .debug_macro   0x0000000000011929       0x16 ./Src/MiniClock_v1.2.o
 .debug_macro   0x000000000001193f       0x43 ./Src/MiniClock_v1.2.o
 .debug_macro   0x0000000000011982       0x34 ./Src/MiniClock_v1.2.o
 .debug_macro   0x00000000000119b6       0x10 ./Src/MiniClock_v1.2.o
 .debug_macro   0x00000000000119c6       0x58 ./Src/MiniClock_v1.2.o
 .debug_macro   0x0000000000011a1e       0x71 ./Src/MiniClock_v1.2.o
 .debug_macro   0x0000000000011a8f       0x1c ./Src/MiniClock_v1.2.o
 .debug_macro   0x0000000000011aab      0x12a ./Src/MiniClock_v1.2.o
 .debug_macro   0x0000000000011bd5      0x339 ./Src/MiniClock_v1.2.o
 .debug_macro   0x0000000000011f0e       0x10 ./Src/MiniClock_v1.2.o
 .debug_macro   0x0000000000011f1e       0x35 ./Src/MiniClock_v1.2.o
 .debug_macro   0x0000000000011f53       0x20 ./Src/MiniClock_v1.2.o
 .debug_macro   0x0000000000011f73       0x12 ./Src/MiniClock_v1.2.o
 .debug_macro   0x0000000000011f85       0x12 ./Src/MiniClock_v1.2.o
 .debug_macro   0x0000000000011f97      0x1a9 ./Src/MiniClock_v1.2.o
 .debug_macro   0x0000000000012140       0xe4 ./Src/MiniClock_v1.2.o
 .debug_macro   0x0000000000012224       0x34 ./Src/MiniClock_v1.2.o
 .debug_macro   0x0000000000012258       0x16 ./Src/MiniClock_v1.2.o
 .debug_macro   0x000000000001226e       0x16 ./Src/MiniClock_v1.2.o
 .debug_macro   0x0000000000012284       0x29 ./Src/MiniClock_v1.2.o
 .debug_macro   0x00000000000122ad       0x22 ./Src/MiniClock_v1.2.o
 .debug_macro   0x00000000000122cf       0x22 ./Src/MiniClock_v1.2.o
 .debug_macro   0x00000000000122f1       0x1c ./Src/MiniClock_v1.2.o
 .debug_macro   0x000000000001230d       0x4c ./Src/MiniClock_v1.2.o
 .debug_macro   0x0000000000012359       0x82 ./Src/MiniClock_v1.2.o
 .debug_macro   0x00000000000123db       0x28 ./Src/MiniClock_v1.2.o
 .debug_macro   0x0000000000012403       0x70 ./Src/MiniClock_v1.2.o
 .debug_macro   0x0000000000012473       0x16 ./Src/MiniClock_v1.2.o
 .debug_macro   0x0000000000012489       0x28 ./Src/MiniClock_v1.2.o
 .debug_macro   0x00000000000124b1       0x5e ./Src/MiniClock_v1.2.o
 .debug_macro   0x000000000001250f       0xc9 ./Src/stm32f0xx_it.o
 .debug_macro   0x00000000000125d8       0xd1 ./Src/system_stm32f0xx.o
 .debug_macro   0x00000000000126a9       0xed ./Src/libs/SW_BOARD/gpio.o
 .debug_macro   0x0000000000012796       0xff ./Src/libs/SW_BOARD/sw_led_blink_debug.o
 .debug_macro   0x0000000000012895      0x13d ./Src/libs/SW_GRAPHICS/SW_FONTS/Arial6pt_8_var.o
 .debug_macro   0x00000000000129d2       0x4c ./Src/libs/SW_GRAPHICS/SW_FONTS/Arial6pt_8_var.o
 .debug_macro   0x0000000000012a1e       0x94 ./Src/libs/SW_GRAPHICS/SW_FONTS/Arial6pt_8_var.o
 .debug_macro   0x0000000000012ab2      0x10e ./Src/libs/SW_GRAPHICS/SW_FONTS/Arial6pt_8_var.o
 .debug_macro   0x0000000000012bc0       0x8d ./Src/libs/SW_GRAPHICS/SW_FONTS/Arial6pt_8_var.o
 .debug_macro   0x0000000000012c4d       0x57 ./Src/libs/SW_GRAPHICS/SW_FONTS/Arial6pt_8_var.o
 .debug_macro   0x0000000000012ca4      0x13d ./Src/libs/SW_GRAPHICS/SW_FONTS/ArialBoldDigits8.o
 .debug_macro   0x0000000000012de1      0x13d ./Src/libs/SW_GRAPHICS/SW_FONTS/MagicMatrix_3x5_numbers.o
 .debug_macro   0x0000000000012f1e      0x13d ./Src/libs/SW_GRAPHICS/SW_FONTS/MagicMatrix_3x7_numbers.o
 .debug_macro   0x000000000001305b      0x22f ./Src/libs/SW_GRAPHICS/SW_HT1632C/sw_ht3216c.o
 .debug_macro   0x000000000001328a      0x2ad ./Src/libs/SW_GRAPHICS/SW_OSD/sw_osd.o
 .debug_macro   0x0000000000013537       0x1c ./Src/libs/SW_GRAPHICS/SW_OSD/sw_osd.o
 .debug_macro   0x0000000000013553       0x3a ./Src/libs/SW_GRAPHICS/SW_OSD/sw_osd.o
 .debug_macro   0x000000000001358d      0x28e ./Src/libs/SW_GRAPHICS/SW_OSD/sw_osd_fx.o
 .debug_macro   0x000000000001381b      0x261 ./Src/libs/SW_GRAPHICS/SW_OSD/sw_osd_module_BRIGHT.o
 .debug_macro   0x0000000000013a7c      0x285 ./Src/libs/SW_GRAPHICS/SW_OSD/sw_osd_module_RTC.o
 .debug_macro   0x0000000000013d01      0x218 ./Src/libs/SW_GRAPHICS/fb.o
 .debug_macro   0x0000000000013f19       0x7b ./Src/libs/SW_GRAPHICS/fonts_pl.o
 .debug_macro   0x0000000000013f94      0x1fd ./Src/libs/SW_GRAPHICS/gfx.o
 .debug_macro   0x0000000000014191      0x283 ./Src/libs/SW_GRAPHICS/text.o
 .debug_macro   0x0000000000014414      0xe0a ./Src/libs/SW_INPUT/SW_IR/IRMP/irmp.o
 .debug_macro   0x000000000001521e       0x10 ./Src/libs/SW_INPUT/SW_IR/IRMP/irmp.o
 .debug_macro   0x000000000001522e       0x27 ./Src/libs/SW_INPUT/SW_IR/IRMP/irmp.o
 .debug_macro   0x0000000000015255      0x15a ./Src/libs/SW_INPUT/SW_IR/IRMP/irmp.o
 .debug_macro   0x00000000000153af       0x46 ./Src/libs/SW_INPUT/SW_IR/IRMP/irmp.o
 .debug_macro   0x00000000000153f5     0x130d ./Src/libs/SW_INPUT/SW_IR/IRMP/irmp.o
 .debug_macro   0x0000000000016702      0x21c ./Src/libs/SW_INPUT/SW_IR/sw_irmanage.o
 .debug_macro   0x000000000001691e       0x16 ./Src/libs/SW_INPUT/SW_IR/sw_irmanage.o
 .debug_macro   0x0000000000016934       0x19 ./Src/libs/SW_INPUT/SW_IR/sw_irmanage.o
 .debug_macro   0x000000000001694d      0x113 ./Src/libs/SW_INPUT/sw_keyboard.o
 .debug_macro   0x0000000000016a60      0x112 ./Src/libs/SW_RTC/SW_RTC_DS3231/ds3231.o
 .debug_macro   0x0000000000016b72       0x52 ./Src/libs/SW_RTC/SW_RTC_DS3231/ds3231.o
 .debug_macro   0x0000000000016bc4       0x46 ./Src/libs/SW_RTC/SW_RTC_DS3231/ds3231.o
 .debug_macro   0x0000000000016c0a       0xe4 ./Src/libs/SW_RTC/SW_RTC_STM32/sw_rtc_stm32.o
 .debug_macro   0x0000000000016cee       0x3a ./Src/libs/SW_RTC/SW_RTC_STM32/sw_rtc_stm32.o
 .debug_macro   0x0000000000016d28       0xd1 ./Src/libs/SW_RTC/data_conv_v2.o
 .debug_macro   0x0000000000016df9      0x1c3 ./Src/libs/SW_RTC/sw_i2c.o
 .debug_macro   0x0000000000016fbc      0x277 ./Src/libs/SW_RTC/sw_rtc_manage.o
 .debug_macro   0x0000000000017233       0xd1 ./Src/libs/SW_STM_PERIPHS/sw_rcc.o
 .debug_macro   0x0000000000017304      0x113 ./Src/libs/SW_STM_PERIPHS/sw_spi.v2.o
 .debug_macro   0x0000000000017417       0xf2 ./Src/libs/SW_STM_PERIPHS/sw_tim.o
 .debug_macro   0x0000000000017509      0x117 ./Src/libs/SW_TIMERS/sw_soft_timers.o

.debug_line     0x0000000000000000    0x122a6
 .debug_line    0x0000000000000000      0xc3a ./Src/MiniClock_v1.2.o
 .debug_line    0x0000000000000c3a      0x604 ./Src/stm32f0xx_it.o
 .debug_line    0x000000000000123e      0x693 ./Src/system_stm32f0xx.o
 .debug_line    0x00000000000018d1      0x845 ./Src/libs/SW_BOARD/gpio.o
 .debug_line    0x0000000000002116      0x7ba ./Src/libs/SW_BOARD/sw_led_blink_debug.o
 .debug_line    0x00000000000028d0      0x676 ./Src/libs/SW_GRAPHICS/SW_FONTS/Arial6pt_8_var.o
 .debug_line    0x0000000000002f46      0x678 ./Src/libs/SW_GRAPHICS/SW_FONTS/ArialBoldDigits8.o
 .debug_line    0x00000000000035be      0x67f ./Src/libs/SW_GRAPHICS/SW_FONTS/MagicMatrix_3x5_numbers.o
 .debug_line    0x0000000000003c3d      0x67f ./Src/libs/SW_GRAPHICS/SW_FONTS/MagicMatrix_3x7_numbers.o
 .debug_line    0x00000000000042bc      0xc78 ./Src/libs/SW_GRAPHICS/SW_HT1632C/sw_ht3216c.o
 .debug_line    0x0000000000004f34      0xbc2 ./Src/libs/SW_GRAPHICS/SW_OSD/sw_osd.o
 .debug_line    0x0000000000005af6      0xa64 ./Src/libs/SW_GRAPHICS/SW_OSD/sw_osd_fx.o
 .debug_line    0x000000000000655a      0xaaf ./Src/libs/SW_GRAPHICS/SW_OSD/sw_osd_module_BRIGHT.o
 .debug_line    0x0000000000007009      0xc78 ./Src/libs/SW_GRAPHICS/SW_OSD/sw_osd_module_RTC.o
 .debug_line    0x0000000000007c81      0xa32 ./Src/libs/SW_GRAPHICS/fb.o
 .debug_line    0x00000000000086b3      0x495 ./Src/libs/SW_GRAPHICS/fonts_pl.o
 .debug_line    0x0000000000008b48      0xc33 ./Src/libs/SW_GRAPHICS/gfx.o
 .debug_line    0x000000000000977b      0xef1 ./Src/libs/SW_GRAPHICS/text.o
 .debug_line    0x000000000000a66c     0x1140 ./Src/libs/SW_INPUT/SW_IR/IRMP/irmp.o
 .debug_line    0x000000000000b7ac      0xb30 ./Src/libs/SW_INPUT/SW_IR/sw_irmanage.o
 .debug_line    0x000000000000c2dc      0xa62 ./Src/libs/SW_INPUT/sw_keyboard.o
 .debug_line    0x000000000000cd3e      0x8b8 ./Src/libs/SW_RTC/SW_RTC_DS3231/ds3231.o
 .debug_line    0x000000000000d5f6      0xa6f ./Src/libs/SW_RTC/SW_RTC_STM32/sw_rtc_stm32.o
 .debug_line    0x000000000000e065      0x714 ./Src/libs/SW_RTC/data_conv_v2.o
 .debug_line    0x000000000000e779      0xc53 ./Src/libs/SW_RTC/sw_i2c.o
 .debug_line    0x000000000000f3cc      0xb84 ./Src/libs/SW_RTC/sw_rtc_manage.o
 .debug_line    0x000000000000ff50      0x6e0 ./Src/libs/SW_STM_PERIPHS/sw_rcc.o
 .debug_line    0x0000000000010630      0xb11 ./Src/libs/SW_STM_PERIPHS/sw_spi.v2.o
 .debug_line    0x0000000000011141      0x7b4 ./Src/libs/SW_STM_PERIPHS/sw_tim.o
 .debug_line    0x00000000000118f5      0x92e ./Src/libs/SW_TIMERS/sw_soft_timers.o
 .debug_line    0x0000000000012223       0x83 ./startup/startup_stm32f072xb.o

.debug_str      0x0000000000000000    0x7444e
 .debug_str     0x0000000000000000    0x616b1 ./Src/MiniClock_v1.2.o
                                      0x61a96 (size before relaxing)
 .debug_str     0x00000000000616b1       0x61 ./Src/stm32f0xx_it.o
                                      0x5903f (size before relaxing)
 .debug_str     0x0000000000061712       0xb7 ./Src/system_stm32f0xx.o
                                      0x590e8 (size before relaxing)
 .debug_str     0x00000000000617c9       0x70 ./Src/libs/SW_BOARD/gpio.o
                                      0x5b9dc (size before relaxing)
 .debug_str     0x0000000000061839       0x98 ./Src/libs/SW_BOARD/sw_led_blink_debug.o
                                      0x5bb83 (size before relaxing)
 .debug_str     0x00000000000618d1       0x5c ./Src/libs/SW_GRAPHICS/SW_FONTS/Arial6pt_8_var.o
                                       0x7590 (size before relaxing)
 .debug_str     0x000000000006192d       0x68 ./Src/libs/SW_GRAPHICS/SW_FONTS/ArialBoldDigits8.o
                                       0x759c (size before relaxing)
 .debug_str     0x0000000000061995       0x6f ./Src/libs/SW_GRAPHICS/SW_FONTS/MagicMatrix_3x5_numbers.o
                                       0x75a3 (size before relaxing)
 .debug_str     0x0000000000061a04       0x6f ./Src/libs/SW_GRAPHICS/SW_FONTS/MagicMatrix_3x7_numbers.o
                                       0x75a3 (size before relaxing)
 .debug_str     0x0000000000061a73      0x229 ./Src/libs/SW_GRAPHICS/SW_HT1632C/sw_ht3216c.o
                                      0x60d29 (size before relaxing)
 .debug_str     0x0000000000061c9c      0x180 ./Src/libs/SW_GRAPHICS/SW_OSD/sw_osd.o
                                      0x5e7c9 (size before relaxing)
 .debug_str     0x0000000000061e1c      0x15e ./Src/libs/SW_GRAPHICS/SW_OSD/sw_osd_fx.o
                                      0x5e325 (size before relaxing)
 .debug_str     0x0000000000061f7a       0x90 ./Src/libs/SW_GRAPHICS/SW_OSD/sw_osd_module_BRIGHT.o
                                      0x5e2d2 (size before relaxing)
 .debug_str     0x000000000006200a      0x1b1 ./Src/libs/SW_GRAPHICS/SW_OSD/sw_osd_module_RTC.o
                                      0x5ea5d (size before relaxing)
 .debug_str     0x00000000000621bb       0xe7 ./Src/libs/SW_GRAPHICS/fb.o
                                      0x5dce4 (size before relaxing)
 .debug_str     0x00000000000622a2       0x4a ./Src/libs/SW_GRAPHICS/fonts_pl.o
                                       0x4073 (size before relaxing)
 .debug_str     0x00000000000622ec       0xe8 ./Src/libs/SW_GRAPHICS/gfx.o
                                      0x5dc0a (size before relaxing)
 .debug_str     0x00000000000623d4      0x1b0 ./Src/libs/SW_GRAPHICS/text.o
                                      0x5e7d8 (size before relaxing)
 .debug_str     0x0000000000062584    0x11037 ./Src/libs/SW_INPUT/SW_IR/IRMP/irmp.o
                                      0x6db22 (size before relaxing)
 .debug_str     0x00000000000735bb      0x1d4 ./Src/libs/SW_INPUT/SW_IR/sw_irmanage.o
                                      0x62701 (size before relaxing)
 .debug_str     0x000000000007378f      0x200 ./Src/libs/SW_INPUT/sw_keyboard.o
                                      0x5bf79 (size before relaxing)
 .debug_str     0x000000000007398f      0x33d ./Src/libs/SW_RTC/SW_RTC_DS3231/ds3231.o
                                      0x5c013 (size before relaxing)
 .debug_str     0x0000000000073ccc      0x279 ./Src/libs/SW_RTC/SW_RTC_STM32/sw_rtc_stm32.o
                                      0x593a4 (size before relaxing)
 .debug_str     0x0000000000073f45       0x3a ./Src/libs/SW_RTC/data_conv_v2.o
                                      0x590d9 (size before relaxing)
 .debug_str     0x0000000000073f7f      0x1a2 ./Src/libs/SW_RTC/sw_i2c.o
                                      0x5f3d2 (size before relaxing)
 .debug_str     0x0000000000074121       0x54 ./Src/libs/SW_RTC/sw_rtc_manage.o
                                      0x5e048 (size before relaxing)
 .debug_str     0x0000000000074175      0x10a ./Src/libs/SW_STM_PERIPHS/sw_rcc.o
                                      0x5921f (size before relaxing)
 .debug_str     0x000000000007427f       0xec ./Src/libs/SW_STM_PERIPHS/sw_spi.v2.o
                                      0x5c046 (size before relaxing)
 .debug_str     0x000000000007436b       0x44 ./Src/libs/SW_STM_PERIPHS/sw_tim.o
                                      0x59987 (size before relaxing)
 .debug_str     0x00000000000743af       0x70 ./Src/libs/SW_TIMERS/sw_soft_timers.o
                                      0x59c48 (size before relaxing)
 .debug_str     0x000000000007441f       0x2f ./startup/startup_stm32f072xb.o
                                         0x97 (size before relaxing)

.comment        0x0000000000000000       0x53
 .comment       0x0000000000000000       0x53 ./Src/MiniClock_v1.2.o
                                         0x54 (size before relaxing)
 .comment       0x0000000000000053       0x54 ./Src/stm32f0xx_it.o
 .comment       0x0000000000000053       0x54 ./Src/system_stm32f0xx.o
 .comment       0x0000000000000053       0x54 ./Src/libs/SW_BOARD/gpio.o
 .comment       0x0000000000000053       0x54 ./Src/libs/SW_BOARD/sw_led_blink_debug.o
 .comment       0x0000000000000053       0x54 ./Src/libs/SW_GRAPHICS/SW_FONTS/Arial6pt_8_var.o
 .comment       0x0000000000000053       0x54 ./Src/libs/SW_GRAPHICS/SW_FONTS/ArialBoldDigits8.o
 .comment       0x0000000000000053       0x54 ./Src/libs/SW_GRAPHICS/SW_FONTS/MagicMatrix_3x5_numbers.o
 .comment       0x0000000000000053       0x54 ./Src/libs/SW_GRAPHICS/SW_FONTS/MagicMatrix_3x7_numbers.o
 .comment       0x0000000000000053       0x54 ./Src/libs/SW_GRAPHICS/SW_HT1632C/sw_ht3216c.o
 .comment       0x0000000000000053       0x54 ./Src/libs/SW_GRAPHICS/SW_OSD/sw_osd.o
 .comment       0x0000000000000053       0x54 ./Src/libs/SW_GRAPHICS/SW_OSD/sw_osd_fx.o
 .comment       0x0000000000000053       0x54 ./Src/libs/SW_GRAPHICS/SW_OSD/sw_osd_module_BRIGHT.o
 .comment       0x0000000000000053       0x54 ./Src/libs/SW_GRAPHICS/SW_OSD/sw_osd_module_RTC.o
 .comment       0x0000000000000053       0x54 ./Src/libs/SW_GRAPHICS/fb.o
 .comment       0x0000000000000053       0x54 ./Src/libs/SW_GRAPHICS/fonts_pl.o
 .comment       0x0000000000000053       0x54 ./Src/libs/SW_GRAPHICS/gfx.o
 .comment       0x0000000000000053       0x54 ./Src/libs/SW_GRAPHICS/text.o
 .comment       0x0000000000000053       0x54 ./Src/libs/SW_INPUT/SW_IR/IRMP/irmp.o
 .comment       0x0000000000000053       0x54 ./Src/libs/SW_INPUT/SW_IR/sw_irmanage.o
 .comment       0x0000000000000053       0x54 ./Src/libs/SW_INPUT/sw_keyboard.o
 .comment       0x0000000000000053       0x54 ./Src/libs/SW_RTC/SW_RTC_DS3231/ds3231.o
 .comment       0x0000000000000053       0x54 ./Src/libs/SW_RTC/SW_RTC_STM32/sw_rtc_stm32.o
 .comment       0x0000000000000053       0x54 ./Src/libs/SW_RTC/data_conv_v2.o
 .comment       0x0000000000000053       0x54 ./Src/libs/SW_RTC/sw_i2c.o
 .comment       0x0000000000000053       0x54 ./Src/libs/SW_RTC/sw_rtc_manage.o
 .comment       0x0000000000000053       0x54 ./Src/libs/SW_STM_PERIPHS/sw_rcc.o
 .comment       0x0000000000000053       0x54 ./Src/libs/SW_STM_PERIPHS/sw_spi.v2.o
 .comment       0x0000000000000053       0x54 ./Src/libs/SW_STM_PERIPHS/sw_tim.o
 .comment       0x0000000000000053       0x54 ./Src/libs/SW_TIMERS/sw_soft_timers.o

.debug_frame    0x0000000000000000      0xfe8
 .debug_frame   0x0000000000000000       0x58 ./Src/MiniClock_v1.2.o
 .debug_frame   0x0000000000000058       0x50 ./Src/stm32f0xx_it.o
 .debug_frame   0x00000000000000a8       0x3c ./Src/system_stm32f0xx.o
 .debug_frame   0x00000000000000e4       0xc0 ./Src/libs/SW_BOARD/gpio.o
 .debug_frame   0x00000000000001a4       0xc8 ./Src/libs/SW_BOARD/sw_led_blink_debug.o
 .debug_frame   0x000000000000026c       0xd0 ./Src/libs/SW_GRAPHICS/SW_HT1632C/sw_ht3216c.o
 .debug_frame   0x000000000000033c       0x9c ./Src/libs/SW_GRAPHICS/SW_OSD/sw_osd.o
 .debug_frame   0x00000000000003d8       0x6c ./Src/libs/SW_GRAPHICS/SW_OSD/sw_osd_fx.o
 .debug_frame   0x0000000000000444       0x84 ./Src/libs/SW_GRAPHICS/SW_OSD/sw_osd_module_BRIGHT.o
 .debug_frame   0x00000000000004c8       0x90 ./Src/libs/SW_GRAPHICS/SW_OSD/sw_osd_module_RTC.o
 .debug_frame   0x0000000000000558       0x94 ./Src/libs/SW_GRAPHICS/fb.o
 .debug_frame   0x00000000000005ec       0x28 ./Src/libs/SW_GRAPHICS/fonts_pl.o
 .debug_frame   0x0000000000000614       0xf8 ./Src/libs/SW_GRAPHICS/gfx.o
 .debug_frame   0x000000000000070c      0x124 ./Src/libs/SW_GRAPHICS/text.o
 .debug_frame   0x0000000000000830       0x80 ./Src/libs/SW_INPUT/SW_IR/IRMP/irmp.o
 .debug_frame   0x00000000000008b0       0x7c ./Src/libs/SW_INPUT/SW_IR/sw_irmanage.o
 .debug_frame   0x000000000000092c       0x58 ./Src/libs/SW_INPUT/sw_keyboard.o
 .debug_frame   0x0000000000000984       0xc8 ./Src/libs/SW_RTC/SW_RTC_DS3231/ds3231.o
 .debug_frame   0x0000000000000a4c      0x108 ./Src/libs/SW_RTC/SW_RTC_STM32/sw_rtc_stm32.o
 .debug_frame   0x0000000000000b54       0x4c ./Src/libs/SW_RTC/data_conv_v2.o
 .debug_frame   0x0000000000000ba0       0xb8 ./Src/libs/SW_RTC/sw_i2c.o
 .debug_frame   0x0000000000000c58       0xec ./Src/libs/SW_RTC/sw_rtc_manage.o
 .debug_frame   0x0000000000000d44       0x28 ./Src/libs/SW_STM_PERIPHS/sw_rcc.o
 .debug_frame   0x0000000000000d6c       0xa0 ./Src/libs/SW_STM_PERIPHS/sw_spi.v2.o
 .debug_frame   0x0000000000000e0c       0x38 ./Src/libs/SW_STM_PERIPHS/sw_tim.o
 .debug_frame   0x0000000000000e44       0x60 ./Src/libs/SW_TIMERS/sw_soft_timers.o
 .debug_frame   0x0000000000000ea4       0x2c d:/00_programowanie/stm32cubeide_1.4.0/stm32cubeide/plugins/com.st.stm32cube.ide.mcu.externaltools.gnu-tools-for-stm32.9-2020-q2-update.win32_2.0.0.202105311346/tools/bin/../lib/gcc/arm-none-eabi/9.3.1/../../../../arm-none-eabi/lib/thumb/v6-m/nofp\libc_nano.a(lib_a-init.o)
 .debug_frame   0x0000000000000ed0       0x40 d:/00_programowanie/stm32cubeide_1.4.0/stm32cubeide/plugins/com.st.stm32cube.ide.mcu.externaltools.gnu-tools-for-stm32.9-2020-q2-update.win32_2.0.0.202105311346/tools/bin/../lib/gcc/arm-none-eabi/9.3.1/../../../../arm-none-eabi/lib/thumb/v6-m/nofp\libc_nano.a(lib_a-itoa.o)
 .debug_frame   0x0000000000000f10       0x28 d:/00_programowanie/stm32cubeide_1.4.0/stm32cubeide/plugins/com.st.stm32cube.ide.mcu.externaltools.gnu-tools-for-stm32.9-2020-q2-update.win32_2.0.0.202105311346/tools/bin/../lib/gcc/arm-none-eabi/9.3.1/../../../../arm-none-eabi/lib/thumb/v6-m/nofp\libc_nano.a(lib_a-memcpy-stub.o)
 .debug_frame   0x0000000000000f38       0x20 d:/00_programowanie/stm32cubeide_1.4.0/stm32cubeide/plugins/com.st.stm32cube.ide.mcu.externaltools.gnu-tools-for-stm32.9-2020-q2-update.win32_2.0.0.202105311346/tools/bin/../lib/gcc/arm-none-eabi/9.3.1/../../../../arm-none-eabi/lib/thumb/v6-m/nofp\libc_nano.a(lib_a-memset.o)
 .debug_frame   0x0000000000000f58       0x28 d:/00_programowanie/stm32cubeide_1.4.0/stm32cubeide/plugins/com.st.stm32cube.ide.mcu.externaltools.gnu-tools-for-stm32.9-2020-q2-update.win32_2.0.0.202105311346/tools/bin/../lib/gcc/arm-none-eabi/9.3.1/../../../../arm-none-eabi/lib/thumb/v6-m/nofp\libc_nano.a(lib_a-strcat.o)
 .debug_frame   0x0000000000000f80       0x48 d:/00_programowanie/stm32cubeide_1.4.0/stm32cubeide/plugins/com.st.stm32cube.ide.mcu.externaltools.gnu-tools-for-stm32.9-2020-q2-update.win32_2.0.0.202105311346/tools/bin/../lib/gcc/arm-none-eabi/9.3.1/../../../../arm-none-eabi/lib/thumb/v6-m/nofp\libc_nano.a(lib_a-utoa.o)
 .debug_frame   0x0000000000000fc8       0x20 d:/00_programowanie/stm32cubeide_1.4.0/stm32cubeide/plugins/com.st.stm32cube.ide.mcu.externaltools.gnu-tools-for-stm32.9-2020-q2-update.win32_2.0.0.202105311346/tools/bin/../lib/gcc/arm-none-eabi/9.3.1/thumb/v6-m/nofp\libgcc.a(_udivsi3.o)
