sw_ht3216c_FB.c:33:13:fb_get_active_buffer1	0	static
sw_ht3216c_FB.c:36:13:fb_get_noActive_buffer1	0	static
sw_ht3216c_FB.c:43:20:fb_get_active_buffer2	0	static
sw_ht3216c_FB.c:46:20:fb_get_noActive_buffer2	0	static
sw_ht3216c_FB.c:57:6:fb_set_pixel_RAM	12	static
sw_ht3216c_FB.c:78:6:fb_clear_screen	8	static
sw_ht3216c_FB.c:82:6:fb_switch_buff1	0	static
sw_ht3216c_FB.c:93:7:fb_switch_buff2	0	static
sw_ht3216c_FB.c:100:7:fb_switch_buff3	0	static
sw_ht3216c_FB.c:108:10:fb_sync_buffer1	0	static
sw_ht3216c_FB.c:115:10:fb_sync_buffer2	0	static
